Archive member included to satisfy reference by file (symbol)

c:/users/usuario/desktop/clases/uader/4to cuatrimestre/sistemas digitales iv/microchipstudio/7.0/toolchain/avr8/avr8-gnu-toolchain/bin/../lib/gcc/avr/5.4.0/../../../../avr/lib/avr5\libm.a(addsf3.o)
                              Librerias/mcp9800.o (__subsf3)
c:/users/usuario/desktop/clases/uader/4to cuatrimestre/sistemas digitales iv/microchipstudio/7.0/toolchain/avr8/avr8-gnu-toolchain/bin/../lib/gcc/avr/5.4.0/../../../../avr/lib/avr5\libm.a(addsf3x.o)
                              c:/users/usuario/desktop/clases/uader/4to cuatrimestre/sistemas digitales iv/microchipstudio/7.0/toolchain/avr8/avr8-gnu-toolchain/bin/../lib/gcc/avr/5.4.0/../../../../avr/lib/avr5\libm.a(addsf3.o) (__addsf3x)
c:/users/usuario/desktop/clases/uader/4to cuatrimestre/sistemas digitales iv/microchipstudio/7.0/toolchain/avr8/avr8-gnu-toolchain/bin/../lib/gcc/avr/5.4.0/../../../../avr/lib/avr5\libm.a(fixsfsi.o)
                              Librerias/mcp9800.o (__fixsfsi)
c:/users/usuario/desktop/clases/uader/4to cuatrimestre/sistemas digitales iv/microchipstudio/7.0/toolchain/avr8/avr8-gnu-toolchain/bin/../lib/gcc/avr/5.4.0/../../../../avr/lib/avr5\libm.a(fixunssfsi.o)
                              c:/users/usuario/desktop/clases/uader/4to cuatrimestre/sistemas digitales iv/microchipstudio/7.0/toolchain/avr8/avr8-gnu-toolchain/bin/../lib/gcc/avr/5.4.0/../../../../avr/lib/avr5\libm.a(fixsfsi.o) (__fixunssfsi)
c:/users/usuario/desktop/clases/uader/4to cuatrimestre/sistemas digitales iv/microchipstudio/7.0/toolchain/avr8/avr8-gnu-toolchain/bin/../lib/gcc/avr/5.4.0/../../../../avr/lib/avr5\libm.a(floatsisf.o)
                              Librerias/mcp9800.o (__floatunsisf)
c:/users/usuario/desktop/clases/uader/4to cuatrimestre/sistemas digitales iv/microchipstudio/7.0/toolchain/avr8/avr8-gnu-toolchain/bin/../lib/gcc/avr/5.4.0/../../../../avr/lib/avr5\libm.a(fp_inf.o)
                              c:/users/usuario/desktop/clases/uader/4to cuatrimestre/sistemas digitales iv/microchipstudio/7.0/toolchain/avr8/avr8-gnu-toolchain/bin/../lib/gcc/avr/5.4.0/../../../../avr/lib/avr5\libm.a(addsf3x.o) (__fp_inf)
c:/users/usuario/desktop/clases/uader/4to cuatrimestre/sistemas digitales iv/microchipstudio/7.0/toolchain/avr8/avr8-gnu-toolchain/bin/../lib/gcc/avr/5.4.0/../../../../avr/lib/avr5\libm.a(fp_nan.o)
                              c:/users/usuario/desktop/clases/uader/4to cuatrimestre/sistemas digitales iv/microchipstudio/7.0/toolchain/avr8/avr8-gnu-toolchain/bin/../lib/gcc/avr/5.4.0/../../../../avr/lib/avr5\libm.a(addsf3x.o) (__fp_nan)
c:/users/usuario/desktop/clases/uader/4to cuatrimestre/sistemas digitales iv/microchipstudio/7.0/toolchain/avr8/avr8-gnu-toolchain/bin/../lib/gcc/avr/5.4.0/../../../../avr/lib/avr5\libm.a(fp_pscA.o)
                              c:/users/usuario/desktop/clases/uader/4to cuatrimestre/sistemas digitales iv/microchipstudio/7.0/toolchain/avr8/avr8-gnu-toolchain/bin/../lib/gcc/avr/5.4.0/../../../../avr/lib/avr5\libm.a(addsf3x.o) (__fp_pscA)
c:/users/usuario/desktop/clases/uader/4to cuatrimestre/sistemas digitales iv/microchipstudio/7.0/toolchain/avr8/avr8-gnu-toolchain/bin/../lib/gcc/avr/5.4.0/../../../../avr/lib/avr5\libm.a(fp_pscB.o)
                              c:/users/usuario/desktop/clases/uader/4to cuatrimestre/sistemas digitales iv/microchipstudio/7.0/toolchain/avr8/avr8-gnu-toolchain/bin/../lib/gcc/avr/5.4.0/../../../../avr/lib/avr5\libm.a(addsf3x.o) (__fp_pscB)
c:/users/usuario/desktop/clases/uader/4to cuatrimestre/sistemas digitales iv/microchipstudio/7.0/toolchain/avr8/avr8-gnu-toolchain/bin/../lib/gcc/avr/5.4.0/../../../../avr/lib/avr5\libm.a(fp_round.o)
                              c:/users/usuario/desktop/clases/uader/4to cuatrimestre/sistemas digitales iv/microchipstudio/7.0/toolchain/avr8/avr8-gnu-toolchain/bin/../lib/gcc/avr/5.4.0/../../../../avr/lib/avr5\libm.a(addsf3.o) (__fp_round)
c:/users/usuario/desktop/clases/uader/4to cuatrimestre/sistemas digitales iv/microchipstudio/7.0/toolchain/avr8/avr8-gnu-toolchain/bin/../lib/gcc/avr/5.4.0/../../../../avr/lib/avr5\libm.a(fp_split3.o)
                              c:/users/usuario/desktop/clases/uader/4to cuatrimestre/sistemas digitales iv/microchipstudio/7.0/toolchain/avr8/avr8-gnu-toolchain/bin/../lib/gcc/avr/5.4.0/../../../../avr/lib/avr5\libm.a(addsf3x.o) (__fp_split3)
c:/users/usuario/desktop/clases/uader/4to cuatrimestre/sistemas digitales iv/microchipstudio/7.0/toolchain/avr8/avr8-gnu-toolchain/bin/../lib/gcc/avr/5.4.0/../../../../avr/lib/avr5\libm.a(fp_zero.o)
                              c:/users/usuario/desktop/clases/uader/4to cuatrimestre/sistemas digitales iv/microchipstudio/7.0/toolchain/avr8/avr8-gnu-toolchain/bin/../lib/gcc/avr/5.4.0/../../../../avr/lib/avr5\libm.a(addsf3x.o) (__fp_zero)
c:/users/usuario/desktop/clases/uader/4to cuatrimestre/sistemas digitales iv/microchipstudio/7.0/toolchain/avr8/avr8-gnu-toolchain/bin/../lib/gcc/avr/5.4.0/../../../../avr/lib/avr5\libm.a(mulsf3.o)
                              Librerias/mcp9800.o (__mulsf3)
c:/users/usuario/desktop/clases/uader/4to cuatrimestre/sistemas digitales iv/microchipstudio/7.0/toolchain/avr8/avr8-gnu-toolchain/bin/../lib/gcc/avr/5.4.0/../../../../avr/lib/avr5\libm.a(mulsf3x.o)
                              c:/users/usuario/desktop/clases/uader/4to cuatrimestre/sistemas digitales iv/microchipstudio/7.0/toolchain/avr8/avr8-gnu-toolchain/bin/../lib/gcc/avr/5.4.0/../../../../avr/lib/avr5\libm.a(mulsf3.o) (__mulsf3x)
c:/users/usuario/desktop/clases/uader/4to cuatrimestre/sistemas digitales iv/microchipstudio/7.0/toolchain/avr8/avr8-gnu-toolchain/bin/../lib/gcc/avr/5.4.0/avr5\libgcc.a(_exit.o)
                              C:/Users/Usuario/Desktop/clases/UADER/4to cuatrimestre/Sistemas digitales IV/microchipstudio/7.0/Packs/Atmel/ATmega_DFP/2.0.401/gcc/dev/atmega328p/avr5/crtatmega328p.o (exit)
c:/users/usuario/desktop/clases/uader/4to cuatrimestre/sistemas digitales iv/microchipstudio/7.0/toolchain/avr8/avr8-gnu-toolchain/bin/../lib/gcc/avr/5.4.0/avr5\libgcc.a(_copy_data.o)
                              Librerias/i2c.o (__do_copy_data)
c:/users/usuario/desktop/clases/uader/4to cuatrimestre/sistemas digitales iv/microchipstudio/7.0/toolchain/avr8/avr8-gnu-toolchain/bin/../lib/gcc/avr/5.4.0/avr5\libgcc.a(_clear_bss.o)
                              Librerias/MCP3421.o (__do_clear_bss)
c:/users/usuario/desktop/clases/uader/4to cuatrimestre/sistemas digitales iv/microchipstudio/7.0/toolchain/avr8/avr8-gnu-toolchain/bin/../lib/gcc/avr/5.4.0/../../../../avr/lib/avr5\libc.a(atoi.o)
                              Librerias/mcp9800.o (atoi)
c:/users/usuario/desktop/clases/uader/4to cuatrimestre/sistemas digitales iv/microchipstudio/7.0/toolchain/avr8/avr8-gnu-toolchain/bin/../lib/gcc/avr/5.4.0/../../../../avr/lib/avr5\libc.a(mul10.o)
                              c:/users/usuario/desktop/clases/uader/4to cuatrimestre/sistemas digitales iv/microchipstudio/7.0/toolchain/avr8/avr8-gnu-toolchain/bin/../lib/gcc/avr/5.4.0/../../../../avr/lib/avr5\libc.a(atoi.o) (__mulhi_const_10)
c:/users/usuario/desktop/clases/uader/4to cuatrimestre/sistemas digitales iv/microchipstudio/7.0/toolchain/avr8/avr8-gnu-toolchain/bin/../lib/gcc/avr/5.4.0/../../../../avr/lib/avr5\libc.a(sprintf.o)
                              Librerias/mcp9800.o (sprintf)
c:/users/usuario/desktop/clases/uader/4to cuatrimestre/sistemas digitales iv/microchipstudio/7.0/toolchain/avr8/avr8-gnu-toolchain/bin/../lib/gcc/avr/5.4.0/../../../../avr/lib/avr5\libc.a(vfprintf_std.o)
                              c:/users/usuario/desktop/clases/uader/4to cuatrimestre/sistemas digitales iv/microchipstudio/7.0/toolchain/avr8/avr8-gnu-toolchain/bin/../lib/gcc/avr/5.4.0/../../../../avr/lib/avr5\libc.a(sprintf.o) (vfprintf)
c:/users/usuario/desktop/clases/uader/4to cuatrimestre/sistemas digitales iv/microchipstudio/7.0/toolchain/avr8/avr8-gnu-toolchain/bin/../lib/gcc/avr/5.4.0/../../../../avr/lib/avr5\libc.a(strnlen_P.o)
                              c:/users/usuario/desktop/clases/uader/4to cuatrimestre/sistemas digitales iv/microchipstudio/7.0/toolchain/avr8/avr8-gnu-toolchain/bin/../lib/gcc/avr/5.4.0/../../../../avr/lib/avr5\libc.a(vfprintf_std.o) (strnlen_P)
c:/users/usuario/desktop/clases/uader/4to cuatrimestre/sistemas digitales iv/microchipstudio/7.0/toolchain/avr8/avr8-gnu-toolchain/bin/../lib/gcc/avr/5.4.0/../../../../avr/lib/avr5\libc.a(strnlen.o)
                              c:/users/usuario/desktop/clases/uader/4to cuatrimestre/sistemas digitales iv/microchipstudio/7.0/toolchain/avr8/avr8-gnu-toolchain/bin/../lib/gcc/avr/5.4.0/../../../../avr/lib/avr5\libc.a(vfprintf_std.o) (strnlen)
c:/users/usuario/desktop/clases/uader/4to cuatrimestre/sistemas digitales iv/microchipstudio/7.0/toolchain/avr8/avr8-gnu-toolchain/bin/../lib/gcc/avr/5.4.0/../../../../avr/lib/avr5\libc.a(fputc.o)
                              c:/users/usuario/desktop/clases/uader/4to cuatrimestre/sistemas digitales iv/microchipstudio/7.0/toolchain/avr8/avr8-gnu-toolchain/bin/../lib/gcc/avr/5.4.0/../../../../avr/lib/avr5\libc.a(vfprintf_std.o) (fputc)
c:/users/usuario/desktop/clases/uader/4to cuatrimestre/sistemas digitales iv/microchipstudio/7.0/toolchain/avr8/avr8-gnu-toolchain/bin/../lib/gcc/avr/5.4.0/../../../../avr/lib/avr5\libc.a(ultoa_invert.o)
                              c:/users/usuario/desktop/clases/uader/4to cuatrimestre/sistemas digitales iv/microchipstudio/7.0/toolchain/avr8/avr8-gnu-toolchain/bin/../lib/gcc/avr/5.4.0/../../../../avr/lib/avr5\libc.a(vfprintf_std.o) (__ultoa_invert)
C:/Users/Usuario/Desktop/clases/UADER/4to cuatrimestre/Sistemas digitales IV/microchipstudio/7.0/Packs/Atmel/ATmega_DFP/2.0.401/gcc/dev/atmega328p/avr5\libatmega328p.a(eewr_word.o)
                              Librerias/pines.o (eeprom_write_word)
C:/Users/Usuario/Desktop/clases/UADER/4to cuatrimestre/Sistemas digitales IV/microchipstudio/7.0/Packs/Atmel/ATmega_DFP/2.0.401/gcc/dev/atmega328p/avr5\libatmega328p.a(eewr_byte.o)
                              C:/Users/Usuario/Desktop/clases/UADER/4to cuatrimestre/Sistemas digitales IV/microchipstudio/7.0/Packs/Atmel/ATmega_DFP/2.0.401/gcc/dev/atmega328p/avr5\libatmega328p.a(eewr_word.o) (eeprom_write_byte)
c:/users/usuario/desktop/clases/uader/4to cuatrimestre/sistemas digitales iv/microchipstudio/7.0/toolchain/avr8/avr8-gnu-toolchain/bin/../lib/gcc/avr/5.4.0/avr5\libgcc.a(_prologue.o)
                              c:/users/usuario/desktop/clases/uader/4to cuatrimestre/sistemas digitales iv/microchipstudio/7.0/toolchain/avr8/avr8-gnu-toolchain/bin/../lib/gcc/avr/5.4.0/../../../../avr/lib/avr5\libc.a(sprintf.o) (__prologue_saves__)
c:/users/usuario/desktop/clases/uader/4to cuatrimestre/sistemas digitales iv/microchipstudio/7.0/toolchain/avr8/avr8-gnu-toolchain/bin/../lib/gcc/avr/5.4.0/avr5\libgcc.a(_epilogue.o)
                              c:/users/usuario/desktop/clases/uader/4to cuatrimestre/sistemas digitales iv/microchipstudio/7.0/toolchain/avr8/avr8-gnu-toolchain/bin/../lib/gcc/avr/5.4.0/../../../../avr/lib/avr5\libc.a(sprintf.o) (__epilogue_restores__)

Allocating common symbols
Common symbol       size              file

sign                0x1               Librerias/MCP3421.o
a1                  0x4               Librerias/MCP3421.o
valor               0x1               main.o
a3                  0x4               Librerias/MCP3421.o
a2                  0x4               Librerias/MCP3421.o
str                 0xc               Librerias/MCP3421.o
recibido            0x1               Librerias/mcp9800.o
a                   0x4               Librerias/MCP3421.o

Discarded input sections

 .data          0x00000000        0x0 C:/Users/Usuario/Desktop/clases/UADER/4to cuatrimestre/Sistemas digitales IV/microchipstudio/7.0/Packs/Atmel/ATmega_DFP/2.0.401/gcc/dev/atmega328p/avr5/crtatmega328p.o
 .bss           0x00000000        0x0 C:/Users/Usuario/Desktop/clases/UADER/4to cuatrimestre/Sistemas digitales IV/microchipstudio/7.0/Packs/Atmel/ATmega_DFP/2.0.401/gcc/dev/atmega328p/avr5/crtatmega328p.o
 .text          0x00000000        0x0 Librerias/ADC.o
 .data          0x00000000        0x0 Librerias/ADC.o
 .bss           0x00000000        0x0 Librerias/ADC.o
 .text.iniciar_ADC
                0x00000000       0x22 Librerias/ADC.o
 .text.leer_ADC
                0x00000000       0x24 Librerias/ADC.o
 .debug_info    0x00000000       0xb3 Librerias/ADC.o
 .debug_abbrev  0x00000000       0x78 Librerias/ADC.o
 .debug_loc     0x00000000       0x21 Librerias/ADC.o
 .debug_aranges
                0x00000000       0x28 Librerias/ADC.o
 .debug_ranges  0x00000000       0x18 Librerias/ADC.o
 .debug_line    0x00000000      0x123 Librerias/ADC.o
 .debug_str     0x00000000      0x193 Librerias/ADC.o
 .comment       0x00000000       0x31 Librerias/ADC.o
 .debug_frame   0x00000000       0x34 Librerias/ADC.o
 .text          0x00000000        0x0 Librerias/i2c.o
 .data          0x00000000        0x0 Librerias/i2c.o
 .bss           0x00000000        0x0 Librerias/i2c.o
 .text.i2c_init
                0x00000000        0xc Librerias/i2c.o
 .text.i2c_start
                0x00000000       0x10 Librerias/i2c.o
 .text.i2c_write
                0x00000000       0x14 Librerias/i2c.o
 .text.i2c_stop
                0x00000000       0x10 Librerias/i2c.o
 .data.ejecucionUnica
                0x00000000        0x2 Librerias/i2c.o
 .debug_info    0x00000000       0xed Librerias/i2c.o
 .debug_abbrev  0x00000000       0x89 Librerias/i2c.o
 .debug_loc     0x00000000       0x2d Librerias/i2c.o
 .debug_aranges
                0x00000000       0x38 Librerias/i2c.o
 .debug_ranges  0x00000000       0x28 Librerias/i2c.o
 .debug_line    0x00000000      0x15d Librerias/i2c.o
 .debug_str     0x00000000      0x1ad Librerias/i2c.o
 .comment       0x00000000       0x31 Librerias/i2c.o
 .debug_frame   0x00000000       0x54 Librerias/i2c.o
 .text          0x00000000        0x0 Librerias/LCD_I2C.o
 .data          0x00000000        0x0 Librerias/LCD_I2C.o
 .bss           0x00000000        0x0 Librerias/LCD_I2C.o
 .text.enviarPulsoEnable
                0x00000000       0x3e Librerias/LCD_I2C.o
 .text.enviarComando4Bits
                0x00000000       0x50 Librerias/LCD_I2C.o
 .text.enviarComando
                0x00000000       0x94 Librerias/LCD_I2C.o
 .text.escribirDato
                0x00000000       0x94 Librerias/LCD_I2C.o
 .text.lcd_init
                0x00000000       0x64 Librerias/LCD_I2C.o
 .text.escribirEnLCD
                0x00000000       0x1a Librerias/LCD_I2C.o
 .text.limpiar_LCD
                0x00000000       0x16 Librerias/LCD_I2C.o
 .debug_info    0x00000000      0x44d Librerias/LCD_I2C.o
 .debug_abbrev  0x00000000      0x19a Librerias/LCD_I2C.o
 .debug_loc     0x00000000      0x259 Librerias/LCD_I2C.o
 .debug_aranges
                0x00000000       0x50 Librerias/LCD_I2C.o
 .debug_ranges  0x00000000       0x40 Librerias/LCD_I2C.o
 .debug_line    0x00000000      0x404 Librerias/LCD_I2C.o
 .debug_str     0x00000000      0x256 Librerias/LCD_I2C.o
 .comment       0x00000000       0x31 Librerias/LCD_I2C.o
 .debug_frame   0x00000000       0xa0 Librerias/LCD_I2C.o
 .text          0x00000000        0x0 Librerias/MCP3421.o
 .data          0x00000000        0x0 Librerias/MCP3421.o
 .bss           0x00000000        0x0 Librerias/MCP3421.o
 .text.TWI_ini  0x00000000        0x8 Librerias/MCP3421.o
 .text.TWI_Start
                0x00000000       0x10 Librerias/MCP3421.o
 .text.TWI_Sendbyte
                0x00000000       0x14 Librerias/MCP3421.o
 .text.TWI_Receivebytes
                0x00000000       0x7a Librerias/MCP3421.o
 .text.TWI_Stop
                0x00000000        0x8 Librerias/MCP3421.o
 .text.MCP3421_config
                0x00000000       0x16 Librerias/MCP3421.o
 .text.MCP3421_read
                0x00000000       0x14 Librerias/MCP3421.o
 .debug_info    0x00000000      0x219 Librerias/MCP3421.o
 .debug_abbrev  0x00000000       0xd2 Librerias/MCP3421.o
 .debug_loc     0x00000000       0x2d Librerias/MCP3421.o
 .debug_aranges
                0x00000000       0x50 Librerias/MCP3421.o
 .debug_ranges  0x00000000       0x40 Librerias/MCP3421.o
 .debug_line    0x00000000      0x1f2 Librerias/MCP3421.o
 .debug_str     0x00000000      0x1ea Librerias/MCP3421.o
 .comment       0x00000000       0x31 Librerias/MCP3421.o
 .debug_frame   0x00000000       0x84 Librerias/MCP3421.o
 COMMON         0x00000000       0x1d Librerias/MCP3421.o
 .text          0x00000000        0x0 Librerias/mcp9800.o
 .data          0x00000000        0x0 Librerias/mcp9800.o
 .bss           0x00000000        0x0 Librerias/mcp9800.o
 .text.i2c_read
                0x00000000       0xca Librerias/mcp9800.o
 .text.i2c_wwrite
                0x00000000       0x8e Librerias/mcp9800.o
 .text.mcp_init
                0x00000000        0x2 Librerias/mcp9800.o
 .text.mcp_set_one_shot
                0x00000000       0x4a Librerias/mcp9800.o
 .text.mcp_set_adc_resolution
                0x00000000       0x4a Librerias/mcp9800.o
 .text.mcp_set_fault_queue
                0x00000000       0x52 Librerias/mcp9800.o
 .text.mcp_set_power_mode
                0x00000000       0x40 Librerias/mcp9800.o
 .text.mcp_set_alert_mode
                0x00000000       0x4a Librerias/mcp9800.o
 .text.mcp_set_alert_polarity
                0x00000000       0x4e Librerias/mcp9800.o
 .text.mcp_set_alert_callback
                0x00000000        0x2 Librerias/mcp9800.o
 .text.mcp_set_temp_limits
                0x00000000       0x42 Librerias/mcp9800.o
 .text.mcp_read_config
                0x00000000       0x24 Librerias/mcp9800.o
 .text.mcp_read_temp
                0x00000000       0x28 Librerias/mcp9800.o
 .text.mcp_read_temp_float
                0x00000000       0x82 Librerias/mcp9800.o
 .rodata.str1.1
                0x00000000       0x1d Librerias/mcp9800.o
 .text.ImprimirTemperatura
                0x00000000      0x12e Librerias/mcp9800.o
 .text.LeerTemperatura
                0x00000000      0x122 Librerias/mcp9800.o
 .debug_info    0x00000000      0xa60 Librerias/mcp9800.o
 .debug_abbrev  0x00000000      0x24f Librerias/mcp9800.o
 .debug_loc     0x00000000      0x9bc Librerias/mcp9800.o
 .debug_aranges
                0x00000000       0x98 Librerias/mcp9800.o
 .debug_ranges  0x00000000       0x88 Librerias/mcp9800.o
 .debug_line    0x00000000      0x58e Librerias/mcp9800.o
 .debug_str     0x00000000      0x50f Librerias/mcp9800.o
 .comment       0x00000000       0x31 Librerias/mcp9800.o
 .debug_frame   0x00000000      0x27c Librerias/mcp9800.o
 COMMON         0x00000000        0x1 Librerias/mcp9800.o
 .text          0x00000000        0x0 Librerias/pcf8575.o
 .data          0x00000000        0x0 Librerias/pcf8575.o
 .bss           0x00000000        0x0 Librerias/pcf8575.o
 .text.EscribirPcf8575
                0x00000000       0x28 Librerias/pcf8575.o
 .text.PrenderTodo
                0x00000000        0xa Librerias/pcf8575.o
 .text.ApagarTodo
                0x00000000        0xa Librerias/pcf8575.o
 .debug_info    0x00000000      0x170 Librerias/pcf8575.o
 .debug_abbrev  0x00000000       0xbb Librerias/pcf8575.o
 .debug_loc     0x00000000       0x55 Librerias/pcf8575.o
 .debug_aranges
                0x00000000       0x30 Librerias/pcf8575.o
 .debug_ranges  0x00000000       0x20 Librerias/pcf8575.o
 .debug_line    0x00000000      0x138 Librerias/pcf8575.o
 .debug_str     0x00000000      0x1c6 Librerias/pcf8575.o
 .comment       0x00000000       0x31 Librerias/pcf8575.o
 .debug_frame   0x00000000       0x50 Librerias/pcf8575.o
 .text          0x00000000        0x0 Librerias/pines.o
 .data          0x00000000        0x0 Librerias/pines.o
 .bss           0x00000000        0x0 Librerias/pines.o
 .text.ConfigurarPinesSensores
                0x00000000        0xe Librerias/pines.o
 .text.write_int_to_eeprom
                0x00000000        0xc Librerias/pines.o
 .debug_info    0x00000000       0xea Librerias/pines.o
 .debug_abbrev  0x00000000       0xa1 Librerias/pines.o
 .debug_loc     0x00000000       0x6c Librerias/pines.o
 .debug_aranges
                0x00000000       0x28 Librerias/pines.o
 .debug_ranges  0x00000000       0x18 Librerias/pines.o
 .debug_line    0x00000000      0x19e Librerias/pines.o
 .debug_str     0x00000000      0x1c1 Librerias/pines.o
 .comment       0x00000000       0x31 Librerias/pines.o
 .debug_frame   0x00000000       0x34 Librerias/pines.o
 .text          0x00000000        0x0 Librerias/UART.o
 .data          0x00000000        0x0 Librerias/UART.o
 .bss           0x00000000        0x0 Librerias/UART.o
 .text.uart_init
                0x00000000       0x18 Librerias/UART.o
 .text.uart_send_char
                0x00000000        0xe Librerias/UART.o
 .text.uart_send_string
                0x00000000       0x1a Librerias/UART.o
 .text.uart_send_newline
                0x00000000        0xe Librerias/UART.o
 .text.uart_receive_char
                0x00000000        0xe Librerias/UART.o
 .rodata.str1.1
                0x00000000      0x6c5 Librerias/UART.o
 .text.Carpy    0x00000000      0x10a Librerias/UART.o
 .text.Opcion1  0x00000000        0xe Librerias/UART.o
 .text.echo_serialMenu
                0x00000000       0x26 Librerias/UART.o
 .text.echo_serial
                0x00000000       0x16 Librerias/UART.o
 .debug_info    0x00000000      0x5c3 Librerias/UART.o
 .debug_abbrev  0x00000000      0x15b Librerias/UART.o
 .debug_loc     0x00000000      0x129 Librerias/UART.o
 .debug_aranges
                0x00000000       0x60 Librerias/UART.o
 .debug_ranges  0x00000000       0x50 Librerias/UART.o
 .debug_line    0x00000000      0x32b Librerias/UART.o
 .debug_str     0x00000000      0x200 Librerias/UART.o
 .comment       0x00000000       0x31 Librerias/UART.o
 .debug_frame   0x00000000       0xc0 Librerias/UART.o
 .text          0x00000000        0x0 main.o
 .data          0x00000000        0x0 main.o
 .bss           0x00000000        0x0 main.o
 .bss.SensorPuerta
                0x00000000        0x1 main.o
 .bss.SensorTaza
                0x00000000        0x1 main.o
 .bss.p         0x00000000        0x2 main.o
 .data.resultado
                0x00000000        0x2 main.o
 .bss.Temp1     0x00000000        0x2 main.o
 COMMON         0x00000000        0x1 main.o
 .text          0x00000000        0x0 c:/users/usuario/desktop/clases/uader/4to cuatrimestre/sistemas digitales iv/microchipstudio/7.0/toolchain/avr8/avr8-gnu-toolchain/bin/../lib/gcc/avr/5.4.0/../../../../avr/lib/avr5\libm.a(addsf3.o)
 .data          0x00000000        0x0 c:/users/usuario/desktop/clases/uader/4to cuatrimestre/sistemas digitales iv/microchipstudio/7.0/toolchain/avr8/avr8-gnu-toolchain/bin/../lib/gcc/avr/5.4.0/../../../../avr/lib/avr5\libm.a(addsf3.o)
 .bss           0x00000000        0x0 c:/users/usuario/desktop/clases/uader/4to cuatrimestre/sistemas digitales iv/microchipstudio/7.0/toolchain/avr8/avr8-gnu-toolchain/bin/../lib/gcc/avr/5.4.0/../../../../avr/lib/avr5\libm.a(addsf3.o)
 .text.avr-libc.fplib
                0x00000000        0xe c:/users/usuario/desktop/clases/uader/4to cuatrimestre/sistemas digitales iv/microchipstudio/7.0/toolchain/avr8/avr8-gnu-toolchain/bin/../lib/gcc/avr/5.4.0/../../../../avr/lib/avr5\libm.a(addsf3.o)
 .text          0x00000000        0x0 c:/users/usuario/desktop/clases/uader/4to cuatrimestre/sistemas digitales iv/microchipstudio/7.0/toolchain/avr8/avr8-gnu-toolchain/bin/../lib/gcc/avr/5.4.0/../../../../avr/lib/avr5\libm.a(addsf3x.o)
 .data          0x00000000        0x0 c:/users/usuario/desktop/clases/uader/4to cuatrimestre/sistemas digitales iv/microchipstudio/7.0/toolchain/avr8/avr8-gnu-toolchain/bin/../lib/gcc/avr/5.4.0/../../../../avr/lib/avr5\libm.a(addsf3x.o)
 .bss           0x00000000        0x0 c:/users/usuario/desktop/clases/uader/4to cuatrimestre/sistemas digitales iv/microchipstudio/7.0/toolchain/avr8/avr8-gnu-toolchain/bin/../lib/gcc/avr/5.4.0/../../../../avr/lib/avr5\libm.a(addsf3x.o)
 .text.avr-libc.fplib
                0x00000000       0xcc c:/users/usuario/desktop/clases/uader/4to cuatrimestre/sistemas digitales iv/microchipstudio/7.0/toolchain/avr8/avr8-gnu-toolchain/bin/../lib/gcc/avr/5.4.0/../../../../avr/lib/avr5\libm.a(addsf3x.o)
 .text          0x00000000        0x0 c:/users/usuario/desktop/clases/uader/4to cuatrimestre/sistemas digitales iv/microchipstudio/7.0/toolchain/avr8/avr8-gnu-toolchain/bin/../lib/gcc/avr/5.4.0/../../../../avr/lib/avr5\libm.a(fixsfsi.o)
 .data          0x00000000        0x0 c:/users/usuario/desktop/clases/uader/4to cuatrimestre/sistemas digitales iv/microchipstudio/7.0/toolchain/avr8/avr8-gnu-toolchain/bin/../lib/gcc/avr/5.4.0/../../../../avr/lib/avr5\libm.a(fixsfsi.o)
 .bss           0x00000000        0x0 c:/users/usuario/desktop/clases/uader/4to cuatrimestre/sistemas digitales iv/microchipstudio/7.0/toolchain/avr8/avr8-gnu-toolchain/bin/../lib/gcc/avr/5.4.0/../../../../avr/lib/avr5\libm.a(fixsfsi.o)
 .text.avr-libc.fplib
                0x00000000        0xe c:/users/usuario/desktop/clases/uader/4to cuatrimestre/sistemas digitales iv/microchipstudio/7.0/toolchain/avr8/avr8-gnu-toolchain/bin/../lib/gcc/avr/5.4.0/../../../../avr/lib/avr5\libm.a(fixsfsi.o)
 .text          0x00000000        0x0 c:/users/usuario/desktop/clases/uader/4to cuatrimestre/sistemas digitales iv/microchipstudio/7.0/toolchain/avr8/avr8-gnu-toolchain/bin/../lib/gcc/avr/5.4.0/../../../../avr/lib/avr5\libm.a(fixunssfsi.o)
 .data          0x00000000        0x0 c:/users/usuario/desktop/clases/uader/4to cuatrimestre/sistemas digitales iv/microchipstudio/7.0/toolchain/avr8/avr8-gnu-toolchain/bin/../lib/gcc/avr/5.4.0/../../../../avr/lib/avr5\libm.a(fixunssfsi.o)
 .bss           0x00000000        0x0 c:/users/usuario/desktop/clases/uader/4to cuatrimestre/sistemas digitales iv/microchipstudio/7.0/toolchain/avr8/avr8-gnu-toolchain/bin/../lib/gcc/avr/5.4.0/../../../../avr/lib/avr5\libm.a(fixunssfsi.o)
 .text.avr-libc.fplib
                0x00000000       0x5e c:/users/usuario/desktop/clases/uader/4to cuatrimestre/sistemas digitales iv/microchipstudio/7.0/toolchain/avr8/avr8-gnu-toolchain/bin/../lib/gcc/avr/5.4.0/../../../../avr/lib/avr5\libm.a(fixunssfsi.o)
 .text          0x00000000        0x0 c:/users/usuario/desktop/clases/uader/4to cuatrimestre/sistemas digitales iv/microchipstudio/7.0/toolchain/avr8/avr8-gnu-toolchain/bin/../lib/gcc/avr/5.4.0/../../../../avr/lib/avr5\libm.a(floatsisf.o)
 .data          0x00000000        0x0 c:/users/usuario/desktop/clases/uader/4to cuatrimestre/sistemas digitales iv/microchipstudio/7.0/toolchain/avr8/avr8-gnu-toolchain/bin/../lib/gcc/avr/5.4.0/../../../../avr/lib/avr5\libm.a(floatsisf.o)
 .bss           0x00000000        0x0 c:/users/usuario/desktop/clases/uader/4to cuatrimestre/sistemas digitales iv/microchipstudio/7.0/toolchain/avr8/avr8-gnu-toolchain/bin/../lib/gcc/avr/5.4.0/../../../../avr/lib/avr5\libm.a(floatsisf.o)
 .text.avr-libc.fplib
                0x00000000       0x7a c:/users/usuario/desktop/clases/uader/4to cuatrimestre/sistemas digitales iv/microchipstudio/7.0/toolchain/avr8/avr8-gnu-toolchain/bin/../lib/gcc/avr/5.4.0/../../../../avr/lib/avr5\libm.a(floatsisf.o)
 .text          0x00000000        0x0 c:/users/usuario/desktop/clases/uader/4to cuatrimestre/sistemas digitales iv/microchipstudio/7.0/toolchain/avr8/avr8-gnu-toolchain/bin/../lib/gcc/avr/5.4.0/../../../../avr/lib/avr5\libm.a(fp_inf.o)
 .data          0x00000000        0x0 c:/users/usuario/desktop/clases/uader/4to cuatrimestre/sistemas digitales iv/microchipstudio/7.0/toolchain/avr8/avr8-gnu-toolchain/bin/../lib/gcc/avr/5.4.0/../../../../avr/lib/avr5\libm.a(fp_inf.o)
 .bss           0x00000000        0x0 c:/users/usuario/desktop/clases/uader/4to cuatrimestre/sistemas digitales iv/microchipstudio/7.0/toolchain/avr8/avr8-gnu-toolchain/bin/../lib/gcc/avr/5.4.0/../../../../avr/lib/avr5\libm.a(fp_inf.o)
 .text.avr-libc.fplib
                0x00000000        0xc c:/users/usuario/desktop/clases/uader/4to cuatrimestre/sistemas digitales iv/microchipstudio/7.0/toolchain/avr8/avr8-gnu-toolchain/bin/../lib/gcc/avr/5.4.0/../../../../avr/lib/avr5\libm.a(fp_inf.o)
 .text          0x00000000        0x0 c:/users/usuario/desktop/clases/uader/4to cuatrimestre/sistemas digitales iv/microchipstudio/7.0/toolchain/avr8/avr8-gnu-toolchain/bin/../lib/gcc/avr/5.4.0/../../../../avr/lib/avr5\libm.a(fp_nan.o)
 .data          0x00000000        0x0 c:/users/usuario/desktop/clases/uader/4to cuatrimestre/sistemas digitales iv/microchipstudio/7.0/toolchain/avr8/avr8-gnu-toolchain/bin/../lib/gcc/avr/5.4.0/../../../../avr/lib/avr5\libm.a(fp_nan.o)
 .bss           0x00000000        0x0 c:/users/usuario/desktop/clases/uader/4to cuatrimestre/sistemas digitales iv/microchipstudio/7.0/toolchain/avr8/avr8-gnu-toolchain/bin/../lib/gcc/avr/5.4.0/../../../../avr/lib/avr5\libm.a(fp_nan.o)
 .text.avr-libc.fplib
                0x00000000        0x6 c:/users/usuario/desktop/clases/uader/4to cuatrimestre/sistemas digitales iv/microchipstudio/7.0/toolchain/avr8/avr8-gnu-toolchain/bin/../lib/gcc/avr/5.4.0/../../../../avr/lib/avr5\libm.a(fp_nan.o)
 .text          0x00000000        0x0 c:/users/usuario/desktop/clases/uader/4to cuatrimestre/sistemas digitales iv/microchipstudio/7.0/toolchain/avr8/avr8-gnu-toolchain/bin/../lib/gcc/avr/5.4.0/../../../../avr/lib/avr5\libm.a(fp_pscA.o)
 .data          0x00000000        0x0 c:/users/usuario/desktop/clases/uader/4to cuatrimestre/sistemas digitales iv/microchipstudio/7.0/toolchain/avr8/avr8-gnu-toolchain/bin/../lib/gcc/avr/5.4.0/../../../../avr/lib/avr5\libm.a(fp_pscA.o)
 .bss           0x00000000        0x0 c:/users/usuario/desktop/clases/uader/4to cuatrimestre/sistemas digitales iv/microchipstudio/7.0/toolchain/avr8/avr8-gnu-toolchain/bin/../lib/gcc/avr/5.4.0/../../../../avr/lib/avr5\libm.a(fp_pscA.o)
 .text.avr-libc.fplib
                0x00000000        0xe c:/users/usuario/desktop/clases/uader/4to cuatrimestre/sistemas digitales iv/microchipstudio/7.0/toolchain/avr8/avr8-gnu-toolchain/bin/../lib/gcc/avr/5.4.0/../../../../avr/lib/avr5\libm.a(fp_pscA.o)
 .text          0x00000000        0x0 c:/users/usuario/desktop/clases/uader/4to cuatrimestre/sistemas digitales iv/microchipstudio/7.0/toolchain/avr8/avr8-gnu-toolchain/bin/../lib/gcc/avr/5.4.0/../../../../avr/lib/avr5\libm.a(fp_pscB.o)
 .data          0x00000000        0x0 c:/users/usuario/desktop/clases/uader/4to cuatrimestre/sistemas digitales iv/microchipstudio/7.0/toolchain/avr8/avr8-gnu-toolchain/bin/../lib/gcc/avr/5.4.0/../../../../avr/lib/avr5\libm.a(fp_pscB.o)
 .bss           0x00000000        0x0 c:/users/usuario/desktop/clases/uader/4to cuatrimestre/sistemas digitales iv/microchipstudio/7.0/toolchain/avr8/avr8-gnu-toolchain/bin/../lib/gcc/avr/5.4.0/../../../../avr/lib/avr5\libm.a(fp_pscB.o)
 .text.avr-libc.fplib
                0x00000000        0xe c:/users/usuario/desktop/clases/uader/4to cuatrimestre/sistemas digitales iv/microchipstudio/7.0/toolchain/avr8/avr8-gnu-toolchain/bin/../lib/gcc/avr/5.4.0/../../../../avr/lib/avr5\libm.a(fp_pscB.o)
 .text          0x00000000        0x0 c:/users/usuario/desktop/clases/uader/4to cuatrimestre/sistemas digitales iv/microchipstudio/7.0/toolchain/avr8/avr8-gnu-toolchain/bin/../lib/gcc/avr/5.4.0/../../../../avr/lib/avr5\libm.a(fp_round.o)
 .data          0x00000000        0x0 c:/users/usuario/desktop/clases/uader/4to cuatrimestre/sistemas digitales iv/microchipstudio/7.0/toolchain/avr8/avr8-gnu-toolchain/bin/../lib/gcc/avr/5.4.0/../../../../avr/lib/avr5\libm.a(fp_round.o)
 .bss           0x00000000        0x0 c:/users/usuario/desktop/clases/uader/4to cuatrimestre/sistemas digitales iv/microchipstudio/7.0/toolchain/avr8/avr8-gnu-toolchain/bin/../lib/gcc/avr/5.4.0/../../../../avr/lib/avr5\libm.a(fp_round.o)
 .text.avr-libc.fplib
                0x00000000       0x22 c:/users/usuario/desktop/clases/uader/4to cuatrimestre/sistemas digitales iv/microchipstudio/7.0/toolchain/avr8/avr8-gnu-toolchain/bin/../lib/gcc/avr/5.4.0/../../../../avr/lib/avr5\libm.a(fp_round.o)
 .text          0x00000000        0x0 c:/users/usuario/desktop/clases/uader/4to cuatrimestre/sistemas digitales iv/microchipstudio/7.0/toolchain/avr8/avr8-gnu-toolchain/bin/../lib/gcc/avr/5.4.0/../../../../avr/lib/avr5\libm.a(fp_split3.o)
 .data          0x00000000        0x0 c:/users/usuario/desktop/clases/uader/4to cuatrimestre/sistemas digitales iv/microchipstudio/7.0/toolchain/avr8/avr8-gnu-toolchain/bin/../lib/gcc/avr/5.4.0/../../../../avr/lib/avr5\libm.a(fp_split3.o)
 .bss           0x00000000        0x0 c:/users/usuario/desktop/clases/uader/4to cuatrimestre/sistemas digitales iv/microchipstudio/7.0/toolchain/avr8/avr8-gnu-toolchain/bin/../lib/gcc/avr/5.4.0/../../../../avr/lib/avr5\libm.a(fp_split3.o)
 .text.avr-libc.fplib
                0x00000000       0x44 c:/users/usuario/desktop/clases/uader/4to cuatrimestre/sistemas digitales iv/microchipstudio/7.0/toolchain/avr8/avr8-gnu-toolchain/bin/../lib/gcc/avr/5.4.0/../../../../avr/lib/avr5\libm.a(fp_split3.o)
 .text          0x00000000        0x0 c:/users/usuario/desktop/clases/uader/4to cuatrimestre/sistemas digitales iv/microchipstudio/7.0/toolchain/avr8/avr8-gnu-toolchain/bin/../lib/gcc/avr/5.4.0/../../../../avr/lib/avr5\libm.a(fp_zero.o)
 .data          0x00000000        0x0 c:/users/usuario/desktop/clases/uader/4to cuatrimestre/sistemas digitales iv/microchipstudio/7.0/toolchain/avr8/avr8-gnu-toolchain/bin/../lib/gcc/avr/5.4.0/../../../../avr/lib/avr5\libm.a(fp_zero.o)
 .bss           0x00000000        0x0 c:/users/usuario/desktop/clases/uader/4to cuatrimestre/sistemas digitales iv/microchipstudio/7.0/toolchain/avr8/avr8-gnu-toolchain/bin/../lib/gcc/avr/5.4.0/../../../../avr/lib/avr5\libm.a(fp_zero.o)
 .text.avr-libc.fplib
                0x00000000        0xe c:/users/usuario/desktop/clases/uader/4to cuatrimestre/sistemas digitales iv/microchipstudio/7.0/toolchain/avr8/avr8-gnu-toolchain/bin/../lib/gcc/avr/5.4.0/../../../../avr/lib/avr5\libm.a(fp_zero.o)
 .text          0x00000000        0x0 c:/users/usuario/desktop/clases/uader/4to cuatrimestre/sistemas digitales iv/microchipstudio/7.0/toolchain/avr8/avr8-gnu-toolchain/bin/../lib/gcc/avr/5.4.0/../../../../avr/lib/avr5\libm.a(mulsf3.o)
 .data          0x00000000        0x0 c:/users/usuario/desktop/clases/uader/4to cuatrimestre/sistemas digitales iv/microchipstudio/7.0/toolchain/avr8/avr8-gnu-toolchain/bin/../lib/gcc/avr/5.4.0/../../../../avr/lib/avr5\libm.a(mulsf3.o)
 .bss           0x00000000        0x0 c:/users/usuario/desktop/clases/uader/4to cuatrimestre/sistemas digitales iv/microchipstudio/7.0/toolchain/avr8/avr8-gnu-toolchain/bin/../lib/gcc/avr/5.4.0/../../../../avr/lib/avr5\libm.a(mulsf3.o)
 .text.avr-libc.fplib
                0x00000000        0x8 c:/users/usuario/desktop/clases/uader/4to cuatrimestre/sistemas digitales iv/microchipstudio/7.0/toolchain/avr8/avr8-gnu-toolchain/bin/../lib/gcc/avr/5.4.0/../../../../avr/lib/avr5\libm.a(mulsf3.o)
 .text          0x00000000        0x0 c:/users/usuario/desktop/clases/uader/4to cuatrimestre/sistemas digitales iv/microchipstudio/7.0/toolchain/avr8/avr8-gnu-toolchain/bin/../lib/gcc/avr/5.4.0/../../../../avr/lib/avr5\libm.a(mulsf3x.o)
 .data          0x00000000        0x0 c:/users/usuario/desktop/clases/uader/4to cuatrimestre/sistemas digitales iv/microchipstudio/7.0/toolchain/avr8/avr8-gnu-toolchain/bin/../lib/gcc/avr/5.4.0/../../../../avr/lib/avr5\libm.a(mulsf3x.o)
 .bss           0x00000000        0x0 c:/users/usuario/desktop/clases/uader/4to cuatrimestre/sistemas digitales iv/microchipstudio/7.0/toolchain/avr8/avr8-gnu-toolchain/bin/../lib/gcc/avr/5.4.0/../../../../avr/lib/avr5\libm.a(mulsf3x.o)
 .text.avr-libc.fplib
                0x00000000       0xd2 c:/users/usuario/desktop/clases/uader/4to cuatrimestre/sistemas digitales iv/microchipstudio/7.0/toolchain/avr8/avr8-gnu-toolchain/bin/../lib/gcc/avr/5.4.0/../../../../avr/lib/avr5\libm.a(mulsf3x.o)
 .text          0x00000000        0x0 c:/users/usuario/desktop/clases/uader/4to cuatrimestre/sistemas digitales iv/microchipstudio/7.0/toolchain/avr8/avr8-gnu-toolchain/bin/../lib/gcc/avr/5.4.0/avr5\libgcc.a(_exit.o)
 .data          0x00000000        0x0 c:/users/usuario/desktop/clases/uader/4to cuatrimestre/sistemas digitales iv/microchipstudio/7.0/toolchain/avr8/avr8-gnu-toolchain/bin/../lib/gcc/avr/5.4.0/avr5\libgcc.a(_exit.o)
 .bss           0x00000000        0x0 c:/users/usuario/desktop/clases/uader/4to cuatrimestre/sistemas digitales iv/microchipstudio/7.0/toolchain/avr8/avr8-gnu-toolchain/bin/../lib/gcc/avr/5.4.0/avr5\libgcc.a(_exit.o)
 .text.libgcc.mul
                0x00000000        0x0 c:/users/usuario/desktop/clases/uader/4to cuatrimestre/sistemas digitales iv/microchipstudio/7.0/toolchain/avr8/avr8-gnu-toolchain/bin/../lib/gcc/avr/5.4.0/avr5\libgcc.a(_exit.o)
 .text.libgcc.div
                0x00000000        0x0 c:/users/usuario/desktop/clases/uader/4to cuatrimestre/sistemas digitales iv/microchipstudio/7.0/toolchain/avr8/avr8-gnu-toolchain/bin/../lib/gcc/avr/5.4.0/avr5\libgcc.a(_exit.o)
 .text.libgcc   0x00000000        0x0 c:/users/usuario/desktop/clases/uader/4to cuatrimestre/sistemas digitales iv/microchipstudio/7.0/toolchain/avr8/avr8-gnu-toolchain/bin/../lib/gcc/avr/5.4.0/avr5\libgcc.a(_exit.o)
 .text.libgcc.prologue
                0x00000000        0x0 c:/users/usuario/desktop/clases/uader/4to cuatrimestre/sistemas digitales iv/microchipstudio/7.0/toolchain/avr8/avr8-gnu-toolchain/bin/../lib/gcc/avr/5.4.0/avr5\libgcc.a(_exit.o)
 .text.libgcc.builtins
                0x00000000        0x0 c:/users/usuario/desktop/clases/uader/4to cuatrimestre/sistemas digitales iv/microchipstudio/7.0/toolchain/avr8/avr8-gnu-toolchain/bin/../lib/gcc/avr/5.4.0/avr5\libgcc.a(_exit.o)
 .text.libgcc.fmul
                0x00000000        0x0 c:/users/usuario/desktop/clases/uader/4to cuatrimestre/sistemas digitales iv/microchipstudio/7.0/toolchain/avr8/avr8-gnu-toolchain/bin/../lib/gcc/avr/5.4.0/avr5\libgcc.a(_exit.o)
 .text.libgcc.fixed
                0x00000000        0x0 c:/users/usuario/desktop/clases/uader/4to cuatrimestre/sistemas digitales iv/microchipstudio/7.0/toolchain/avr8/avr8-gnu-toolchain/bin/../lib/gcc/avr/5.4.0/avr5\libgcc.a(_exit.o)
 .text          0x00000000        0x0 c:/users/usuario/desktop/clases/uader/4to cuatrimestre/sistemas digitales iv/microchipstudio/7.0/toolchain/avr8/avr8-gnu-toolchain/bin/../lib/gcc/avr/5.4.0/avr5\libgcc.a(_copy_data.o)
 .data          0x00000000        0x0 c:/users/usuario/desktop/clases/uader/4to cuatrimestre/sistemas digitales iv/microchipstudio/7.0/toolchain/avr8/avr8-gnu-toolchain/bin/../lib/gcc/avr/5.4.0/avr5\libgcc.a(_copy_data.o)
 .bss           0x00000000        0x0 c:/users/usuario/desktop/clases/uader/4to cuatrimestre/sistemas digitales iv/microchipstudio/7.0/toolchain/avr8/avr8-gnu-toolchain/bin/../lib/gcc/avr/5.4.0/avr5\libgcc.a(_copy_data.o)
 .text.libgcc.mul
                0x00000000        0x0 c:/users/usuario/desktop/clases/uader/4to cuatrimestre/sistemas digitales iv/microchipstudio/7.0/toolchain/avr8/avr8-gnu-toolchain/bin/../lib/gcc/avr/5.4.0/avr5\libgcc.a(_copy_data.o)
 .text.libgcc.div
                0x00000000        0x0 c:/users/usuario/desktop/clases/uader/4to cuatrimestre/sistemas digitales iv/microchipstudio/7.0/toolchain/avr8/avr8-gnu-toolchain/bin/../lib/gcc/avr/5.4.0/avr5\libgcc.a(_copy_data.o)
 .text.libgcc   0x00000000        0x0 c:/users/usuario/desktop/clases/uader/4to cuatrimestre/sistemas digitales iv/microchipstudio/7.0/toolchain/avr8/avr8-gnu-toolchain/bin/../lib/gcc/avr/5.4.0/avr5\libgcc.a(_copy_data.o)
 .text.libgcc.prologue
                0x00000000        0x0 c:/users/usuario/desktop/clases/uader/4to cuatrimestre/sistemas digitales iv/microchipstudio/7.0/toolchain/avr8/avr8-gnu-toolchain/bin/../lib/gcc/avr/5.4.0/avr5\libgcc.a(_copy_data.o)
 .text.libgcc.builtins
                0x00000000        0x0 c:/users/usuario/desktop/clases/uader/4to cuatrimestre/sistemas digitales iv/microchipstudio/7.0/toolchain/avr8/avr8-gnu-toolchain/bin/../lib/gcc/avr/5.4.0/avr5\libgcc.a(_copy_data.o)
 .text.libgcc.fmul
                0x00000000        0x0 c:/users/usuario/desktop/clases/uader/4to cuatrimestre/sistemas digitales iv/microchipstudio/7.0/toolchain/avr8/avr8-gnu-toolchain/bin/../lib/gcc/avr/5.4.0/avr5\libgcc.a(_copy_data.o)
 .text.libgcc.fixed
                0x00000000        0x0 c:/users/usuario/desktop/clases/uader/4to cuatrimestre/sistemas digitales iv/microchipstudio/7.0/toolchain/avr8/avr8-gnu-toolchain/bin/../lib/gcc/avr/5.4.0/avr5\libgcc.a(_copy_data.o)
 .text          0x00000000        0x0 c:/users/usuario/desktop/clases/uader/4to cuatrimestre/sistemas digitales iv/microchipstudio/7.0/toolchain/avr8/avr8-gnu-toolchain/bin/../lib/gcc/avr/5.4.0/avr5\libgcc.a(_clear_bss.o)
 .data          0x00000000        0x0 c:/users/usuario/desktop/clases/uader/4to cuatrimestre/sistemas digitales iv/microchipstudio/7.0/toolchain/avr8/avr8-gnu-toolchain/bin/../lib/gcc/avr/5.4.0/avr5\libgcc.a(_clear_bss.o)
 .bss           0x00000000        0x0 c:/users/usuario/desktop/clases/uader/4to cuatrimestre/sistemas digitales iv/microchipstudio/7.0/toolchain/avr8/avr8-gnu-toolchain/bin/../lib/gcc/avr/5.4.0/avr5\libgcc.a(_clear_bss.o)
 .text.libgcc.mul
                0x00000000        0x0 c:/users/usuario/desktop/clases/uader/4to cuatrimestre/sistemas digitales iv/microchipstudio/7.0/toolchain/avr8/avr8-gnu-toolchain/bin/../lib/gcc/avr/5.4.0/avr5\libgcc.a(_clear_bss.o)
 .text.libgcc.div
                0x00000000        0x0 c:/users/usuario/desktop/clases/uader/4to cuatrimestre/sistemas digitales iv/microchipstudio/7.0/toolchain/avr8/avr8-gnu-toolchain/bin/../lib/gcc/avr/5.4.0/avr5\libgcc.a(_clear_bss.o)
 .text.libgcc   0x00000000        0x0 c:/users/usuario/desktop/clases/uader/4to cuatrimestre/sistemas digitales iv/microchipstudio/7.0/toolchain/avr8/avr8-gnu-toolchain/bin/../lib/gcc/avr/5.4.0/avr5\libgcc.a(_clear_bss.o)
 .text.libgcc.prologue
                0x00000000        0x0 c:/users/usuario/desktop/clases/uader/4to cuatrimestre/sistemas digitales iv/microchipstudio/7.0/toolchain/avr8/avr8-gnu-toolchain/bin/../lib/gcc/avr/5.4.0/avr5\libgcc.a(_clear_bss.o)
 .text.libgcc.builtins
                0x00000000        0x0 c:/users/usuario/desktop/clases/uader/4to cuatrimestre/sistemas digitales iv/microchipstudio/7.0/toolchain/avr8/avr8-gnu-toolchain/bin/../lib/gcc/avr/5.4.0/avr5\libgcc.a(_clear_bss.o)
 .text.libgcc.fmul
                0x00000000        0x0 c:/users/usuario/desktop/clases/uader/4to cuatrimestre/sistemas digitales iv/microchipstudio/7.0/toolchain/avr8/avr8-gnu-toolchain/bin/../lib/gcc/avr/5.4.0/avr5\libgcc.a(_clear_bss.o)
 .text.libgcc.fixed
                0x00000000        0x0 c:/users/usuario/desktop/clases/uader/4to cuatrimestre/sistemas digitales iv/microchipstudio/7.0/toolchain/avr8/avr8-gnu-toolchain/bin/../lib/gcc/avr/5.4.0/avr5\libgcc.a(_clear_bss.o)
 .text          0x00000000        0x0 c:/users/usuario/desktop/clases/uader/4to cuatrimestre/sistemas digitales iv/microchipstudio/7.0/toolchain/avr8/avr8-gnu-toolchain/bin/../lib/gcc/avr/5.4.0/../../../../avr/lib/avr5\libc.a(atoi.o)
 .data          0x00000000        0x0 c:/users/usuario/desktop/clases/uader/4to cuatrimestre/sistemas digitales iv/microchipstudio/7.0/toolchain/avr8/avr8-gnu-toolchain/bin/../lib/gcc/avr/5.4.0/../../../../avr/lib/avr5\libc.a(atoi.o)
 .bss           0x00000000        0x0 c:/users/usuario/desktop/clases/uader/4to cuatrimestre/sistemas digitales iv/microchipstudio/7.0/toolchain/avr8/avr8-gnu-toolchain/bin/../lib/gcc/avr/5.4.0/../../../../avr/lib/avr5\libc.a(atoi.o)
 .text.avr-libc
                0x00000000       0x3c c:/users/usuario/desktop/clases/uader/4to cuatrimestre/sistemas digitales iv/microchipstudio/7.0/toolchain/avr8/avr8-gnu-toolchain/bin/../lib/gcc/avr/5.4.0/../../../../avr/lib/avr5\libc.a(atoi.o)
 .text          0x00000000        0x0 c:/users/usuario/desktop/clases/uader/4to cuatrimestre/sistemas digitales iv/microchipstudio/7.0/toolchain/avr8/avr8-gnu-toolchain/bin/../lib/gcc/avr/5.4.0/../../../../avr/lib/avr5\libc.a(mul10.o)
 .data          0x00000000        0x0 c:/users/usuario/desktop/clases/uader/4to cuatrimestre/sistemas digitales iv/microchipstudio/7.0/toolchain/avr8/avr8-gnu-toolchain/bin/../lib/gcc/avr/5.4.0/../../../../avr/lib/avr5\libc.a(mul10.o)
 .bss           0x00000000        0x0 c:/users/usuario/desktop/clases/uader/4to cuatrimestre/sistemas digitales iv/microchipstudio/7.0/toolchain/avr8/avr8-gnu-toolchain/bin/../lib/gcc/avr/5.4.0/../../../../avr/lib/avr5\libc.a(mul10.o)
 .text.avr-libc
                0x00000000       0x10 c:/users/usuario/desktop/clases/uader/4to cuatrimestre/sistemas digitales iv/microchipstudio/7.0/toolchain/avr8/avr8-gnu-toolchain/bin/../lib/gcc/avr/5.4.0/../../../../avr/lib/avr5\libc.a(mul10.o)
 .text          0x00000000        0x0 c:/users/usuario/desktop/clases/uader/4to cuatrimestre/sistemas digitales iv/microchipstudio/7.0/toolchain/avr8/avr8-gnu-toolchain/bin/../lib/gcc/avr/5.4.0/../../../../avr/lib/avr5\libc.a(sprintf.o)
 .data          0x00000000        0x0 c:/users/usuario/desktop/clases/uader/4to cuatrimestre/sistemas digitales iv/microchipstudio/7.0/toolchain/avr8/avr8-gnu-toolchain/bin/../lib/gcc/avr/5.4.0/../../../../avr/lib/avr5\libc.a(sprintf.o)
 .bss           0x00000000        0x0 c:/users/usuario/desktop/clases/uader/4to cuatrimestre/sistemas digitales iv/microchipstudio/7.0/toolchain/avr8/avr8-gnu-toolchain/bin/../lib/gcc/avr/5.4.0/../../../../avr/lib/avr5\libc.a(sprintf.o)
 .text.avr-libc
                0x00000000       0x44 c:/users/usuario/desktop/clases/uader/4to cuatrimestre/sistemas digitales iv/microchipstudio/7.0/toolchain/avr8/avr8-gnu-toolchain/bin/../lib/gcc/avr/5.4.0/../../../../avr/lib/avr5\libc.a(sprintf.o)
 .comment       0x00000000       0x31 c:/users/usuario/desktop/clases/uader/4to cuatrimestre/sistemas digitales iv/microchipstudio/7.0/toolchain/avr8/avr8-gnu-toolchain/bin/../lib/gcc/avr/5.4.0/../../../../avr/lib/avr5\libc.a(sprintf.o)
 .text          0x00000000        0x0 c:/users/usuario/desktop/clases/uader/4to cuatrimestre/sistemas digitales iv/microchipstudio/7.0/toolchain/avr8/avr8-gnu-toolchain/bin/../lib/gcc/avr/5.4.0/../../../../avr/lib/avr5\libc.a(vfprintf_std.o)
 .data          0x00000000        0x0 c:/users/usuario/desktop/clases/uader/4to cuatrimestre/sistemas digitales iv/microchipstudio/7.0/toolchain/avr8/avr8-gnu-toolchain/bin/../lib/gcc/avr/5.4.0/../../../../avr/lib/avr5\libc.a(vfprintf_std.o)
 .bss           0x00000000        0x0 c:/users/usuario/desktop/clases/uader/4to cuatrimestre/sistemas digitales iv/microchipstudio/7.0/toolchain/avr8/avr8-gnu-toolchain/bin/../lib/gcc/avr/5.4.0/../../../../avr/lib/avr5\libc.a(vfprintf_std.o)
 .text.avr-libc
                0x00000000      0x3c2 c:/users/usuario/desktop/clases/uader/4to cuatrimestre/sistemas digitales iv/microchipstudio/7.0/toolchain/avr8/avr8-gnu-toolchain/bin/../lib/gcc/avr/5.4.0/../../../../avr/lib/avr5\libc.a(vfprintf_std.o)
 .comment       0x00000000       0x2d c:/users/usuario/desktop/clases/uader/4to cuatrimestre/sistemas digitales iv/microchipstudio/7.0/toolchain/avr8/avr8-gnu-toolchain/bin/../lib/gcc/avr/5.4.0/../../../../avr/lib/avr5\libc.a(vfprintf_std.o)
 .text          0x00000000        0x0 c:/users/usuario/desktop/clases/uader/4to cuatrimestre/sistemas digitales iv/microchipstudio/7.0/toolchain/avr8/avr8-gnu-toolchain/bin/../lib/gcc/avr/5.4.0/../../../../avr/lib/avr5\libc.a(strnlen_P.o)
 .data          0x00000000        0x0 c:/users/usuario/desktop/clases/uader/4to cuatrimestre/sistemas digitales iv/microchipstudio/7.0/toolchain/avr8/avr8-gnu-toolchain/bin/../lib/gcc/avr/5.4.0/../../../../avr/lib/avr5\libc.a(strnlen_P.o)
 .bss           0x00000000        0x0 c:/users/usuario/desktop/clases/uader/4to cuatrimestre/sistemas digitales iv/microchipstudio/7.0/toolchain/avr8/avr8-gnu-toolchain/bin/../lib/gcc/avr/5.4.0/../../../../avr/lib/avr5\libc.a(strnlen_P.o)
 .text.avr-libc
                0x00000000       0x16 c:/users/usuario/desktop/clases/uader/4to cuatrimestre/sistemas digitales iv/microchipstudio/7.0/toolchain/avr8/avr8-gnu-toolchain/bin/../lib/gcc/avr/5.4.0/../../../../avr/lib/avr5\libc.a(strnlen_P.o)
 .text          0x00000000        0x0 c:/users/usuario/desktop/clases/uader/4to cuatrimestre/sistemas digitales iv/microchipstudio/7.0/toolchain/avr8/avr8-gnu-toolchain/bin/../lib/gcc/avr/5.4.0/../../../../avr/lib/avr5\libc.a(strnlen.o)
 .data          0x00000000        0x0 c:/users/usuario/desktop/clases/uader/4to cuatrimestre/sistemas digitales iv/microchipstudio/7.0/toolchain/avr8/avr8-gnu-toolchain/bin/../lib/gcc/avr/5.4.0/../../../../avr/lib/avr5\libc.a(strnlen.o)
 .bss           0x00000000        0x0 c:/users/usuario/desktop/clases/uader/4to cuatrimestre/sistemas digitales iv/microchipstudio/7.0/toolchain/avr8/avr8-gnu-toolchain/bin/../lib/gcc/avr/5.4.0/../../../../avr/lib/avr5\libc.a(strnlen.o)
 .text.avr-libc
                0x00000000       0x16 c:/users/usuario/desktop/clases/uader/4to cuatrimestre/sistemas digitales iv/microchipstudio/7.0/toolchain/avr8/avr8-gnu-toolchain/bin/../lib/gcc/avr/5.4.0/../../../../avr/lib/avr5\libc.a(strnlen.o)
 .text          0x00000000        0x0 c:/users/usuario/desktop/clases/uader/4to cuatrimestre/sistemas digitales iv/microchipstudio/7.0/toolchain/avr8/avr8-gnu-toolchain/bin/../lib/gcc/avr/5.4.0/../../../../avr/lib/avr5\libc.a(fputc.o)
 .data          0x00000000        0x0 c:/users/usuario/desktop/clases/uader/4to cuatrimestre/sistemas digitales iv/microchipstudio/7.0/toolchain/avr8/avr8-gnu-toolchain/bin/../lib/gcc/avr/5.4.0/../../../../avr/lib/avr5\libc.a(fputc.o)
 .bss           0x00000000        0x0 c:/users/usuario/desktop/clases/uader/4to cuatrimestre/sistemas digitales iv/microchipstudio/7.0/toolchain/avr8/avr8-gnu-toolchain/bin/../lib/gcc/avr/5.4.0/../../../../avr/lib/avr5\libc.a(fputc.o)
 .text.avr-libc
                0x00000000       0x78 c:/users/usuario/desktop/clases/uader/4to cuatrimestre/sistemas digitales iv/microchipstudio/7.0/toolchain/avr8/avr8-gnu-toolchain/bin/../lib/gcc/avr/5.4.0/../../../../avr/lib/avr5\libc.a(fputc.o)
 .comment       0x00000000       0x31 c:/users/usuario/desktop/clases/uader/4to cuatrimestre/sistemas digitales iv/microchipstudio/7.0/toolchain/avr8/avr8-gnu-toolchain/bin/../lib/gcc/avr/5.4.0/../../../../avr/lib/avr5\libc.a(fputc.o)
 .text          0x00000000        0x0 c:/users/usuario/desktop/clases/uader/4to cuatrimestre/sistemas digitales iv/microchipstudio/7.0/toolchain/avr8/avr8-gnu-toolchain/bin/../lib/gcc/avr/5.4.0/../../../../avr/lib/avr5\libc.a(ultoa_invert.o)
 .data          0x00000000        0x0 c:/users/usuario/desktop/clases/uader/4to cuatrimestre/sistemas digitales iv/microchipstudio/7.0/toolchain/avr8/avr8-gnu-toolchain/bin/../lib/gcc/avr/5.4.0/../../../../avr/lib/avr5\libc.a(ultoa_invert.o)
 .bss           0x00000000        0x0 c:/users/usuario/desktop/clases/uader/4to cuatrimestre/sistemas digitales iv/microchipstudio/7.0/toolchain/avr8/avr8-gnu-toolchain/bin/../lib/gcc/avr/5.4.0/../../../../avr/lib/avr5\libc.a(ultoa_invert.o)
 .text.avr-libc
                0x00000000       0xbc c:/users/usuario/desktop/clases/uader/4to cuatrimestre/sistemas digitales iv/microchipstudio/7.0/toolchain/avr8/avr8-gnu-toolchain/bin/../lib/gcc/avr/5.4.0/../../../../avr/lib/avr5\libc.a(ultoa_invert.o)
 .text          0x00000000        0x0 C:/Users/Usuario/Desktop/clases/UADER/4to cuatrimestre/Sistemas digitales IV/microchipstudio/7.0/Packs/Atmel/ATmega_DFP/2.0.401/gcc/dev/atmega328p/avr5\libatmega328p.a(eewr_word.o)
 .data          0x00000000        0x0 C:/Users/Usuario/Desktop/clases/UADER/4to cuatrimestre/Sistemas digitales IV/microchipstudio/7.0/Packs/Atmel/ATmega_DFP/2.0.401/gcc/dev/atmega328p/avr5\libatmega328p.a(eewr_word.o)
 .bss           0x00000000        0x0 C:/Users/Usuario/Desktop/clases/UADER/4to cuatrimestre/Sistemas digitales IV/microchipstudio/7.0/Packs/Atmel/ATmega_DFP/2.0.401/gcc/dev/atmega328p/avr5\libatmega328p.a(eewr_word.o)
 .text.avr-libc
                0x00000000        0xa C:/Users/Usuario/Desktop/clases/UADER/4to cuatrimestre/Sistemas digitales IV/microchipstudio/7.0/Packs/Atmel/ATmega_DFP/2.0.401/gcc/dev/atmega328p/avr5\libatmega328p.a(eewr_word.o)
 .debug_line    0x00000000       0x5b C:/Users/Usuario/Desktop/clases/UADER/4to cuatrimestre/Sistemas digitales IV/microchipstudio/7.0/Packs/Atmel/ATmega_DFP/2.0.401/gcc/dev/atmega328p/avr5\libatmega328p.a(eewr_word.o)
 .debug_info    0x00000000       0x9a C:/Users/Usuario/Desktop/clases/UADER/4to cuatrimestre/Sistemas digitales IV/microchipstudio/7.0/Packs/Atmel/ATmega_DFP/2.0.401/gcc/dev/atmega328p/avr5\libatmega328p.a(eewr_word.o)
 .debug_abbrev  0x00000000       0x14 C:/Users/Usuario/Desktop/clases/UADER/4to cuatrimestre/Sistemas digitales IV/microchipstudio/7.0/Packs/Atmel/ATmega_DFP/2.0.401/gcc/dev/atmega328p/avr5\libatmega328p.a(eewr_word.o)
 .debug_aranges
                0x00000000       0x20 C:/Users/Usuario/Desktop/clases/UADER/4to cuatrimestre/Sistemas digitales IV/microchipstudio/7.0/Packs/Atmel/ATmega_DFP/2.0.401/gcc/dev/atmega328p/avr5\libatmega328p.a(eewr_word.o)
 .text          0x00000000        0x0 C:/Users/Usuario/Desktop/clases/UADER/4to cuatrimestre/Sistemas digitales IV/microchipstudio/7.0/Packs/Atmel/ATmega_DFP/2.0.401/gcc/dev/atmega328p/avr5\libatmega328p.a(eewr_byte.o)
 .data          0x00000000        0x0 C:/Users/Usuario/Desktop/clases/UADER/4to cuatrimestre/Sistemas digitales IV/microchipstudio/7.0/Packs/Atmel/ATmega_DFP/2.0.401/gcc/dev/atmega328p/avr5\libatmega328p.a(eewr_byte.o)
 .bss           0x00000000        0x0 C:/Users/Usuario/Desktop/clases/UADER/4to cuatrimestre/Sistemas digitales IV/microchipstudio/7.0/Packs/Atmel/ATmega_DFP/2.0.401/gcc/dev/atmega328p/avr5\libatmega328p.a(eewr_byte.o)
 .text.avr-libc
                0x00000000       0x1c C:/Users/Usuario/Desktop/clases/UADER/4to cuatrimestre/Sistemas digitales IV/microchipstudio/7.0/Packs/Atmel/ATmega_DFP/2.0.401/gcc/dev/atmega328p/avr5\libatmega328p.a(eewr_byte.o)
 .debug_line    0x00000000       0x9e C:/Users/Usuario/Desktop/clases/UADER/4to cuatrimestre/Sistemas digitales IV/microchipstudio/7.0/Packs/Atmel/ATmega_DFP/2.0.401/gcc/dev/atmega328p/avr5\libatmega328p.a(eewr_byte.o)
 .debug_info    0x00000000       0x9a C:/Users/Usuario/Desktop/clases/UADER/4to cuatrimestre/Sistemas digitales IV/microchipstudio/7.0/Packs/Atmel/ATmega_DFP/2.0.401/gcc/dev/atmega328p/avr5\libatmega328p.a(eewr_byte.o)
 .debug_abbrev  0x00000000       0x14 C:/Users/Usuario/Desktop/clases/UADER/4to cuatrimestre/Sistemas digitales IV/microchipstudio/7.0/Packs/Atmel/ATmega_DFP/2.0.401/gcc/dev/atmega328p/avr5\libatmega328p.a(eewr_byte.o)
 .debug_aranges
                0x00000000       0x20 C:/Users/Usuario/Desktop/clases/UADER/4to cuatrimestre/Sistemas digitales IV/microchipstudio/7.0/Packs/Atmel/ATmega_DFP/2.0.401/gcc/dev/atmega328p/avr5\libatmega328p.a(eewr_byte.o)
 .text          0x00000000        0x0 c:/users/usuario/desktop/clases/uader/4to cuatrimestre/sistemas digitales iv/microchipstudio/7.0/toolchain/avr8/avr8-gnu-toolchain/bin/../lib/gcc/avr/5.4.0/avr5\libgcc.a(_prologue.o)
 .data          0x00000000        0x0 c:/users/usuario/desktop/clases/uader/4to cuatrimestre/sistemas digitales iv/microchipstudio/7.0/toolchain/avr8/avr8-gnu-toolchain/bin/../lib/gcc/avr/5.4.0/avr5\libgcc.a(_prologue.o)
 .bss           0x00000000        0x0 c:/users/usuario/desktop/clases/uader/4to cuatrimestre/sistemas digitales iv/microchipstudio/7.0/toolchain/avr8/avr8-gnu-toolchain/bin/../lib/gcc/avr/5.4.0/avr5\libgcc.a(_prologue.o)
 .text.libgcc.mul
                0x00000000        0x0 c:/users/usuario/desktop/clases/uader/4to cuatrimestre/sistemas digitales iv/microchipstudio/7.0/toolchain/avr8/avr8-gnu-toolchain/bin/../lib/gcc/avr/5.4.0/avr5\libgcc.a(_prologue.o)
 .text.libgcc.div
                0x00000000        0x0 c:/users/usuario/desktop/clases/uader/4to cuatrimestre/sistemas digitales iv/microchipstudio/7.0/toolchain/avr8/avr8-gnu-toolchain/bin/../lib/gcc/avr/5.4.0/avr5\libgcc.a(_prologue.o)
 .text.libgcc   0x00000000        0x0 c:/users/usuario/desktop/clases/uader/4to cuatrimestre/sistemas digitales iv/microchipstudio/7.0/toolchain/avr8/avr8-gnu-toolchain/bin/../lib/gcc/avr/5.4.0/avr5\libgcc.a(_prologue.o)
 .text.libgcc.prologue
                0x00000000       0x38 c:/users/usuario/desktop/clases/uader/4to cuatrimestre/sistemas digitales iv/microchipstudio/7.0/toolchain/avr8/avr8-gnu-toolchain/bin/../lib/gcc/avr/5.4.0/avr5\libgcc.a(_prologue.o)
 .text.libgcc.builtins
                0x00000000        0x0 c:/users/usuario/desktop/clases/uader/4to cuatrimestre/sistemas digitales iv/microchipstudio/7.0/toolchain/avr8/avr8-gnu-toolchain/bin/../lib/gcc/avr/5.4.0/avr5\libgcc.a(_prologue.o)
 .text.libgcc.fmul
                0x00000000        0x0 c:/users/usuario/desktop/clases/uader/4to cuatrimestre/sistemas digitales iv/microchipstudio/7.0/toolchain/avr8/avr8-gnu-toolchain/bin/../lib/gcc/avr/5.4.0/avr5\libgcc.a(_prologue.o)
 .text.libgcc.fixed
                0x00000000        0x0 c:/users/usuario/desktop/clases/uader/4to cuatrimestre/sistemas digitales iv/microchipstudio/7.0/toolchain/avr8/avr8-gnu-toolchain/bin/../lib/gcc/avr/5.4.0/avr5\libgcc.a(_prologue.o)
 .text          0x00000000        0x0 c:/users/usuario/desktop/clases/uader/4to cuatrimestre/sistemas digitales iv/microchipstudio/7.0/toolchain/avr8/avr8-gnu-toolchain/bin/../lib/gcc/avr/5.4.0/avr5\libgcc.a(_epilogue.o)
 .data          0x00000000        0x0 c:/users/usuario/desktop/clases/uader/4to cuatrimestre/sistemas digitales iv/microchipstudio/7.0/toolchain/avr8/avr8-gnu-toolchain/bin/../lib/gcc/avr/5.4.0/avr5\libgcc.a(_epilogue.o)
 .bss           0x00000000        0x0 c:/users/usuario/desktop/clases/uader/4to cuatrimestre/sistemas digitales iv/microchipstudio/7.0/toolchain/avr8/avr8-gnu-toolchain/bin/../lib/gcc/avr/5.4.0/avr5\libgcc.a(_epilogue.o)
 .text.libgcc.mul
                0x00000000        0x0 c:/users/usuario/desktop/clases/uader/4to cuatrimestre/sistemas digitales iv/microchipstudio/7.0/toolchain/avr8/avr8-gnu-toolchain/bin/../lib/gcc/avr/5.4.0/avr5\libgcc.a(_epilogue.o)
 .text.libgcc.div
                0x00000000        0x0 c:/users/usuario/desktop/clases/uader/4to cuatrimestre/sistemas digitales iv/microchipstudio/7.0/toolchain/avr8/avr8-gnu-toolchain/bin/../lib/gcc/avr/5.4.0/avr5\libgcc.a(_epilogue.o)
 .text.libgcc   0x00000000        0x0 c:/users/usuario/desktop/clases/uader/4to cuatrimestre/sistemas digitales iv/microchipstudio/7.0/toolchain/avr8/avr8-gnu-toolchain/bin/../lib/gcc/avr/5.4.0/avr5\libgcc.a(_epilogue.o)
 .text.libgcc.prologue
                0x00000000       0x36 c:/users/usuario/desktop/clases/uader/4to cuatrimestre/sistemas digitales iv/microchipstudio/7.0/toolchain/avr8/avr8-gnu-toolchain/bin/../lib/gcc/avr/5.4.0/avr5\libgcc.a(_epilogue.o)
 .text.libgcc.builtins
                0x00000000        0x0 c:/users/usuario/desktop/clases/uader/4to cuatrimestre/sistemas digitales iv/microchipstudio/7.0/toolchain/avr8/avr8-gnu-toolchain/bin/../lib/gcc/avr/5.4.0/avr5\libgcc.a(_epilogue.o)
 .text.libgcc.fmul
                0x00000000        0x0 c:/users/usuario/desktop/clases/uader/4to cuatrimestre/sistemas digitales iv/microchipstudio/7.0/toolchain/avr8/avr8-gnu-toolchain/bin/../lib/gcc/avr/5.4.0/avr5\libgcc.a(_epilogue.o)
 .text.libgcc.fixed
                0x00000000        0x0 c:/users/usuario/desktop/clases/uader/4to cuatrimestre/sistemas digitales iv/microchipstudio/7.0/toolchain/avr8/avr8-gnu-toolchain/bin/../lib/gcc/avr/5.4.0/avr5\libgcc.a(_epilogue.o)

Memory Configuration

Name             Origin             Length             Attributes
text             0x00000000         0x00008000         xr
data             0x00800100         0x00000800         rw !x
eeprom           0x00810000         0x00000400         rw !x
fuse             0x00820000         0x00000003         rw !x
lock             0x00830000         0x00000400         rw !x
signature        0x00840000         0x00000400         rw !x
user_signatures  0x00850000         0x00000400         rw !x
*default*        0x00000000         0xffffffff

Linker script and memory map

Address of section .data set to 0x800100
LOAD C:/Users/Usuario/Desktop/clases/UADER/4to cuatrimestre/Sistemas digitales IV/microchipstudio/7.0/Packs/Atmel/ATmega_DFP/2.0.401/gcc/dev/atmega328p/avr5/crtatmega328p.o
LOAD Librerias/ADC.o
LOAD Librerias/i2c.o
LOAD Librerias/LCD_I2C.o
LOAD Librerias/MCP3421.o
LOAD Librerias/mcp9800.o
LOAD Librerias/pcf8575.o
LOAD Librerias/pines.o
LOAD Librerias/UART.o
LOAD main.o
START GROUP
LOAD c:/users/usuario/desktop/clases/uader/4to cuatrimestre/sistemas digitales iv/microchipstudio/7.0/toolchain/avr8/avr8-gnu-toolchain/bin/../lib/gcc/avr/5.4.0/../../../../avr/lib/avr5\libm.a
END GROUP
START GROUP
LOAD c:/users/usuario/desktop/clases/uader/4to cuatrimestre/sistemas digitales iv/microchipstudio/7.0/toolchain/avr8/avr8-gnu-toolchain/bin/../lib/gcc/avr/5.4.0/avr5\libgcc.a
LOAD c:/users/usuario/desktop/clases/uader/4to cuatrimestre/sistemas digitales iv/microchipstudio/7.0/toolchain/avr8/avr8-gnu-toolchain/bin/../lib/gcc/avr/5.4.0/../../../../avr/lib/avr5\libm.a
LOAD c:/users/usuario/desktop/clases/uader/4to cuatrimestre/sistemas digitales iv/microchipstudio/7.0/toolchain/avr8/avr8-gnu-toolchain/bin/../lib/gcc/avr/5.4.0/../../../../avr/lib/avr5\libc.a
LOAD C:/Users/Usuario/Desktop/clases/UADER/4to cuatrimestre/Sistemas digitales IV/microchipstudio/7.0/Packs/Atmel/ATmega_DFP/2.0.401/gcc/dev/atmega328p/avr5\libatmega328p.a
END GROUP
                0x00000000                __TEXT_REGION_ORIGIN__ = DEFINED (__TEXT_REGION_ORIGIN__)?__TEXT_REGION_ORIGIN__:0x0
                [0x00800100]                __DATA_REGION_ORIGIN__ = DEFINED (__DATA_REGION_ORIGIN__)?__DATA_REGION_ORIGIN__:0x800060
                [0x00008000]                __TEXT_REGION_LENGTH__ = DEFINED (__TEXT_REGION_LENGTH__)?__TEXT_REGION_LENGTH__:0x20000
                [0x00000800]                __DATA_REGION_LENGTH__ = DEFINED (__DATA_REGION_LENGTH__)?__DATA_REGION_LENGTH__:0xffa0
                [0x00000400]                __EEPROM_REGION_LENGTH__ = DEFINED (__EEPROM_REGION_LENGTH__)?__EEPROM_REGION_LENGTH__:0x10000
                [0x00000003]                __FUSE_REGION_LENGTH__ = DEFINED (__FUSE_REGION_LENGTH__)?__FUSE_REGION_LENGTH__:0x400
                0x00000400                __LOCK_REGION_LENGTH__ = DEFINED (__LOCK_REGION_LENGTH__)?__LOCK_REGION_LENGTH__:0x400
                0x00000400                __SIGNATURE_REGION_LENGTH__ = DEFINED (__SIGNATURE_REGION_LENGTH__)?__SIGNATURE_REGION_LENGTH__:0x400
                0x00000400                __USER_SIGNATURE_REGION_LENGTH__ = DEFINED (__USER_SIGNATURE_REGION_LENGTH__)?__USER_SIGNATURE_REGION_LENGTH__:0x400

.hash
 *(.hash)

.dynsym
 *(.dynsym)

.dynstr
 *(.dynstr)

.gnu.version
 *(.gnu.version)

.gnu.version_d
 *(.gnu.version_d)

.gnu.version_r
 *(.gnu.version_r)

.rel.init
 *(.rel.init)

.rela.init
 *(.rela.init)

.rel.text
 *(.rel.text)
 *(.rel.text.*)
 *(.rel.gnu.linkonce.t*)

.rela.text
 *(.rela.text)
 *(.rela.text.*)
 *(.rela.gnu.linkonce.t*)

.rel.fini
 *(.rel.fini)

.rela.fini
 *(.rela.fini)

.rel.rodata
 *(.rel.rodata)
 *(.rel.rodata.*)
 *(.rel.gnu.linkonce.r*)

.rela.rodata
 *(.rela.rodata)
 *(.rela.rodata.*)
 *(.rela.gnu.linkonce.r*)

.rel.data
 *(.rel.data)
 *(.rel.data.*)
 *(.rel.gnu.linkonce.d*)

.rela.data
 *(.rela.data)
 *(.rela.data.*)
 *(.rela.gnu.linkonce.d*)

.rel.ctors
 *(.rel.ctors)

.rela.ctors
 *(.rela.ctors)

.rel.dtors
 *(.rel.dtors)

.rela.dtors
 *(.rela.dtors)

.rel.got
 *(.rel.got)

.rela.got
 *(.rela.got)

.rel.bss
 *(.rel.bss)

.rela.bss
 *(.rela.bss)

.rel.plt
 *(.rel.plt)

.rela.plt
 *(.rela.plt)

.text           0x00000000       0xb0
 *(.vectors)
 .vectors       0x00000000       0x68 C:/Users/Usuario/Desktop/clases/UADER/4to cuatrimestre/Sistemas digitales IV/microchipstudio/7.0/Packs/Atmel/ATmega_DFP/2.0.401/gcc/dev/atmega328p/avr5/crtatmega328p.o
                0x00000000                __vector_default
                0x00000000                __vectors
 *(.vectors)
 *(.progmem.gcc*)
                0x00000068                . = ALIGN (0x2)
                0x00000068                __trampolines_start = .
 *(.trampolines)
 .trampolines   0x00000068        0x0 linker stubs
 *(.trampolines*)
                0x00000068                __trampolines_end = .
 *libprintf_flt.a:*(.progmem.data)
 *libc.a:*(.progmem.data)
 *(.progmem*)
                0x00000068                . = ALIGN (0x2)
 *(.jumptables)
 *(.jumptables*)
 *(.lowtext)
 *(.lowtext*)
                0x00000068                __ctors_start = .
 *(.ctors)
                0x00000068                __ctors_end = .
                0x00000068                __dtors_start = .
 *(.dtors)
                0x00000068                __dtors_end = .
 SORT(*)(.ctors)
 SORT(*)(.dtors)
 *(.init0)
 .init0         0x00000068        0x0 C:/Users/Usuario/Desktop/clases/UADER/4to cuatrimestre/Sistemas digitales IV/microchipstudio/7.0/Packs/Atmel/ATmega_DFP/2.0.401/gcc/dev/atmega328p/avr5/crtatmega328p.o
                0x00000068                __init
 *(.init0)
 *(.init1)
 *(.init1)
 *(.init2)
 .init2         0x00000068        0xc C:/Users/Usuario/Desktop/clases/UADER/4to cuatrimestre/Sistemas digitales IV/microchipstudio/7.0/Packs/Atmel/ATmega_DFP/2.0.401/gcc/dev/atmega328p/avr5/crtatmega328p.o
 *(.init2)
 *(.init3)
 *(.init3)
 *(.init4)
 .init4         0x00000074       0x16 c:/users/usuario/desktop/clases/uader/4to cuatrimestre/sistemas digitales iv/microchipstudio/7.0/toolchain/avr8/avr8-gnu-toolchain/bin/../lib/gcc/avr/5.4.0/avr5\libgcc.a(_copy_data.o)
                0x00000074                __do_copy_data
 .init4         0x0000008a       0x10 c:/users/usuario/desktop/clases/uader/4to cuatrimestre/sistemas digitales iv/microchipstudio/7.0/toolchain/avr8/avr8-gnu-toolchain/bin/../lib/gcc/avr/5.4.0/avr5\libgcc.a(_clear_bss.o)
                0x0000008a                __do_clear_bss
 *(.init4)
 *(.init5)
 *(.init5)
 *(.init6)
 *(.init6)
 *(.init7)
 *(.init7)
 *(.init8)
 *(.init8)
 *(.init9)
 .init9         0x0000009a        0x8 C:/Users/Usuario/Desktop/clases/UADER/4to cuatrimestre/Sistemas digitales IV/microchipstudio/7.0/Packs/Atmel/ATmega_DFP/2.0.401/gcc/dev/atmega328p/avr5/crtatmega328p.o
 *(.init9)
 *(.text)
 .text          0x000000a2        0x4 C:/Users/Usuario/Desktop/clases/UADER/4to cuatrimestre/Sistemas digitales IV/microchipstudio/7.0/Packs/Atmel/ATmega_DFP/2.0.401/gcc/dev/atmega328p/avr5/crtatmega328p.o
                0x000000a2                __vector_22
                0x000000a2                __vector_1
                0x000000a2                __vector_24
                0x000000a2                __vector_12
                0x000000a2                __bad_interrupt
                0x000000a2                __vector_6
                0x000000a2                __vector_3
                0x000000a2                __vector_23
                0x000000a2                __vector_25
                0x000000a2                __vector_11
                0x000000a2                __vector_13
                0x000000a2                __vector_17
                0x000000a2                __vector_19
                0x000000a2                __vector_7
                0x000000a2                __vector_5
                0x000000a2                __vector_4
                0x000000a2                __vector_9
                0x000000a2                __vector_2
                0x000000a2                __vector_21
                0x000000a2                __vector_15
                0x000000a2                __vector_8
                0x000000a2                __vector_14
                0x000000a2                __vector_10
                0x000000a2                __vector_16
                0x000000a2                __vector_18
                0x000000a2                __vector_20
                0x000000a6                . = ALIGN (0x2)
 *(.text.*)
 .text.main     0x000000a6        0x6 main.o
                0x000000a6                main
                0x000000ac                . = ALIGN (0x2)
 *(.fini9)
 .fini9         0x000000ac        0x0 c:/users/usuario/desktop/clases/uader/4to cuatrimestre/sistemas digitales iv/microchipstudio/7.0/toolchain/avr8/avr8-gnu-toolchain/bin/../lib/gcc/avr/5.4.0/avr5\libgcc.a(_exit.o)
                0x000000ac                _exit
                0x000000ac                exit
 *(.fini9)
 *(.fini8)
 *(.fini8)
 *(.fini7)
 *(.fini7)
 *(.fini6)
 *(.fini6)
 *(.fini5)
 *(.fini5)
 *(.fini4)
 *(.fini4)
 *(.fini3)
 *(.fini3)
 *(.fini2)
 *(.fini2)
 *(.fini1)
 *(.fini1)
 *(.fini0)
 .fini0         0x000000ac        0x4 c:/users/usuario/desktop/clases/uader/4to cuatrimestre/sistemas digitales iv/microchipstudio/7.0/toolchain/avr8/avr8-gnu-toolchain/bin/../lib/gcc/avr/5.4.0/avr5\libgcc.a(_exit.o)
 *(.fini0)
                0x000000b0                _etext = .

.data           0x00800100        0x0 load address 0x000000b0
                0x00800100                PROVIDE (__data_start, .)
 *(.data)
 *(.data*)
 *(.gnu.linkonce.d*)
 *(.rodata)
 *(.rodata*)
 *(.gnu.linkonce.r*)
                0x00800100                . = ALIGN (0x2)
                0x00800100                _edata = .
                0x00800100                PROVIDE (__data_end, .)

.bss            0x00800100        0x0
                0x00800100                PROVIDE (__bss_start, .)
 *(.bss)
 *(.bss*)
 *(COMMON)
                0x00800100                PROVIDE (__bss_end, .)
                0x000000b0                __data_load_start = LOADADDR (.data)
                0x000000b0                __data_load_end = (__data_load_start + SIZEOF (.data))

.noinit         0x00800100        0x0
                [!provide]                PROVIDE (__noinit_start, .)
 *(.noinit*)
                [!provide]                PROVIDE (__noinit_end, .)
                0x00800100                _end = .
                [!provide]                PROVIDE (__heap_start, .)

.eeprom         0x00810000        0x0
 *(.eeprom*)
                0x00810000                __eeprom_end = .

.fuse
 *(.fuse)
 *(.lfuse)
 *(.hfuse)
 *(.efuse)

.lock
 *(.lock*)

.signature
 *(.signature*)

.user_signatures
 *(.user_signatures*)

.stab
 *(.stab)

.stabstr
 *(.stabstr)

.stab.excl
 *(.stab.excl)

.stab.exclstr
 *(.stab.exclstr)

.stab.index
 *(.stab.index)

.stab.indexstr
 *(.stab.indexstr)

.comment        0x00000000       0x30
 *(.comment)
 .comment       0x00000000       0x30 main.o
                                 0x31 (size before relaxing)

.note.gnu.avr.deviceinfo
                0x00000000       0x40
 .note.gnu.avr.deviceinfo
                0x00000000       0x40 C:/Users/Usuario/Desktop/clases/UADER/4to cuatrimestre/Sistemas digitales IV/microchipstudio/7.0/Packs/Atmel/ATmega_DFP/2.0.401/gcc/dev/atmega328p/avr5/crtatmega328p.o

.note.gnu.build-id
 *(.note.gnu.build-id)

.debug
 *(.debug)

.line
 *(.line)

.debug_srcinfo
 *(.debug_srcinfo)

.debug_sfnames
 *(.debug_sfnames)

.debug_aranges  0x00000000       0x20
 *(.debug_aranges)
 .debug_aranges
                0x00000000       0x20 main.o

.debug_pubnames
 *(.debug_pubnames)

.debug_info     0x00000000      0x783
 *(.debug_info .gnu.linkonce.wi.*)
 .debug_info    0x00000000      0x5f4 C:/Users/Usuario/Desktop/clases/UADER/4to cuatrimestre/Sistemas digitales IV/microchipstudio/7.0/Packs/Atmel/ATmega_DFP/2.0.401/gcc/dev/atmega328p/avr5/crtatmega328p.o
 .debug_info    0x000005f4      0x18f main.o

.debug_abbrev   0x00000000      0x629
 *(.debug_abbrev)
 .debug_abbrev  0x00000000      0x5a2 C:/Users/Usuario/Desktop/clases/UADER/4to cuatrimestre/Sistemas digitales IV/microchipstudio/7.0/Packs/Atmel/ATmega_DFP/2.0.401/gcc/dev/atmega328p/avr5/crtatmega328p.o
 .debug_abbrev  0x000005a2       0x87 main.o

.debug_line     0x00000000      0x227
 *(.debug_line .debug_line.* .debug_line_end)
 .debug_line    0x00000000      0x134 C:/Users/Usuario/Desktop/clases/UADER/4to cuatrimestre/Sistemas digitales IV/microchipstudio/7.0/Packs/Atmel/ATmega_DFP/2.0.401/gcc/dev/atmega328p/avr5/crtatmega328p.o
 .debug_line    0x00000134       0xf3 main.o

.debug_frame    0x00000000       0x24
 *(.debug_frame)
 .debug_frame   0x00000000       0x24 main.o

.debug_str      0x00000000      0x390
 *(.debug_str)
 .debug_str     0x00000000      0x208 C:/Users/Usuario/Desktop/clases/UADER/4to cuatrimestre/Sistemas digitales IV/microchipstudio/7.0/Packs/Atmel/ATmega_DFP/2.0.401/gcc/dev/atmega328p/avr5/crtatmega328p.o
 .debug_str     0x00000208      0x188 main.o
                                0x1c1 (size before relaxing)

.debug_loc
 *(.debug_loc)

.debug_macinfo
 *(.debug_macinfo)

.debug_weaknames
 *(.debug_weaknames)

.debug_funcnames
 *(.debug_funcnames)

.debug_typenames
 *(.debug_typenames)

.debug_varnames
 *(.debug_varnames)

.debug_pubtypes
 *(.debug_pubtypes)

.debug_ranges   0x00000000       0x10
 *(.debug_ranges)
 .debug_ranges  0x00000000       0x10 main.o

.debug_macro
 *(.debug_macro)
OUTPUT(tP.elf elf32-avr)
LOAD linker stubs
