Archive member included to satisfy reference by file (symbol)

c:/users/usuario/desktop/clases/uader/4to cuatrimestre/sistemas digitales iv/microchipstudio/7.0/toolchain/avr8/avr8-gnu-toolchain/bin/../lib/gcc/avr/5.4.0/../../../../avr/lib/avr5\libm.a(addsf3.o)
                              Librerias/mcp9800.o (__subsf3)
c:/users/usuario/desktop/clases/uader/4to cuatrimestre/sistemas digitales iv/microchipstudio/7.0/toolchain/avr8/avr8-gnu-toolchain/bin/../lib/gcc/avr/5.4.0/../../../../avr/lib/avr5\libm.a(addsf3x.o)
                              c:/users/usuario/desktop/clases/uader/4to cuatrimestre/sistemas digitales iv/microchipstudio/7.0/toolchain/avr8/avr8-gnu-toolchain/bin/../lib/gcc/avr/5.4.0/../../../../avr/lib/avr5\libm.a(addsf3.o) (__addsf3x)
c:/users/usuario/desktop/clases/uader/4to cuatrimestre/sistemas digitales iv/microchipstudio/7.0/toolchain/avr8/avr8-gnu-toolchain/bin/../lib/gcc/avr/5.4.0/../../../../avr/lib/avr5\libm.a(divsf3.o)
                              Librerias/ControlValvulas.o (__divsf3)
c:/users/usuario/desktop/clases/uader/4to cuatrimestre/sistemas digitales iv/microchipstudio/7.0/toolchain/avr8/avr8-gnu-toolchain/bin/../lib/gcc/avr/5.4.0/../../../../avr/lib/avr5\libm.a(divsf3x.o)
                              c:/users/usuario/desktop/clases/uader/4to cuatrimestre/sistemas digitales iv/microchipstudio/7.0/toolchain/avr8/avr8-gnu-toolchain/bin/../lib/gcc/avr/5.4.0/../../../../avr/lib/avr5\libm.a(divsf3.o) (__divsf3x)
c:/users/usuario/desktop/clases/uader/4to cuatrimestre/sistemas digitales iv/microchipstudio/7.0/toolchain/avr8/avr8-gnu-toolchain/bin/../lib/gcc/avr/5.4.0/../../../../avr/lib/avr5\libm.a(fixsfsi.o)
                              Librerias/ControlValvulas.o (__fixsfsi)
c:/users/usuario/desktop/clases/uader/4to cuatrimestre/sistemas digitales iv/microchipstudio/7.0/toolchain/avr8/avr8-gnu-toolchain/bin/../lib/gcc/avr/5.4.0/../../../../avr/lib/avr5\libm.a(fixunssfsi.o)
                              c:/users/usuario/desktop/clases/uader/4to cuatrimestre/sistemas digitales iv/microchipstudio/7.0/toolchain/avr8/avr8-gnu-toolchain/bin/../lib/gcc/avr/5.4.0/../../../../avr/lib/avr5\libm.a(fixsfsi.o) (__fixunssfsi)
c:/users/usuario/desktop/clases/uader/4to cuatrimestre/sistemas digitales iv/microchipstudio/7.0/toolchain/avr8/avr8-gnu-toolchain/bin/../lib/gcc/avr/5.4.0/../../../../avr/lib/avr5\libm.a(floatsisf.o)
                              Librerias/mcp9800.o (__floatunsisf)
c:/users/usuario/desktop/clases/uader/4to cuatrimestre/sistemas digitales iv/microchipstudio/7.0/toolchain/avr8/avr8-gnu-toolchain/bin/../lib/gcc/avr/5.4.0/../../../../avr/lib/avr5\libm.a(fp_inf.o)
                              c:/users/usuario/desktop/clases/uader/4to cuatrimestre/sistemas digitales iv/microchipstudio/7.0/toolchain/avr8/avr8-gnu-toolchain/bin/../lib/gcc/avr/5.4.0/../../../../avr/lib/avr5\libm.a(addsf3x.o) (__fp_inf)
c:/users/usuario/desktop/clases/uader/4to cuatrimestre/sistemas digitales iv/microchipstudio/7.0/toolchain/avr8/avr8-gnu-toolchain/bin/../lib/gcc/avr/5.4.0/../../../../avr/lib/avr5\libm.a(fp_nan.o)
                              c:/users/usuario/desktop/clases/uader/4to cuatrimestre/sistemas digitales iv/microchipstudio/7.0/toolchain/avr8/avr8-gnu-toolchain/bin/../lib/gcc/avr/5.4.0/../../../../avr/lib/avr5\libm.a(addsf3x.o) (__fp_nan)
c:/users/usuario/desktop/clases/uader/4to cuatrimestre/sistemas digitales iv/microchipstudio/7.0/toolchain/avr8/avr8-gnu-toolchain/bin/../lib/gcc/avr/5.4.0/../../../../avr/lib/avr5\libm.a(fp_pscA.o)
                              c:/users/usuario/desktop/clases/uader/4to cuatrimestre/sistemas digitales iv/microchipstudio/7.0/toolchain/avr8/avr8-gnu-toolchain/bin/../lib/gcc/avr/5.4.0/../../../../avr/lib/avr5\libm.a(addsf3x.o) (__fp_pscA)
c:/users/usuario/desktop/clases/uader/4to cuatrimestre/sistemas digitales iv/microchipstudio/7.0/toolchain/avr8/avr8-gnu-toolchain/bin/../lib/gcc/avr/5.4.0/../../../../avr/lib/avr5\libm.a(fp_pscB.o)
                              c:/users/usuario/desktop/clases/uader/4to cuatrimestre/sistemas digitales iv/microchipstudio/7.0/toolchain/avr8/avr8-gnu-toolchain/bin/../lib/gcc/avr/5.4.0/../../../../avr/lib/avr5\libm.a(addsf3x.o) (__fp_pscB)
c:/users/usuario/desktop/clases/uader/4to cuatrimestre/sistemas digitales iv/microchipstudio/7.0/toolchain/avr8/avr8-gnu-toolchain/bin/../lib/gcc/avr/5.4.0/../../../../avr/lib/avr5\libm.a(fp_round.o)
                              c:/users/usuario/desktop/clases/uader/4to cuatrimestre/sistemas digitales iv/microchipstudio/7.0/toolchain/avr8/avr8-gnu-toolchain/bin/../lib/gcc/avr/5.4.0/../../../../avr/lib/avr5\libm.a(addsf3.o) (__fp_round)
c:/users/usuario/desktop/clases/uader/4to cuatrimestre/sistemas digitales iv/microchipstudio/7.0/toolchain/avr8/avr8-gnu-toolchain/bin/../lib/gcc/avr/5.4.0/../../../../avr/lib/avr5\libm.a(fp_split3.o)
[...]
Memory Configuration

Name             Origin             Length             Attributes
text             0x00000000         0x00008000         xr
data             0x00800100         0x00000800         rw !x
eeprom           0x00810000         0x00000400         rw !x
fuse             0x00820000         0x00000003         rw !x
lock             0x00830000         0x00000400         rw !x
signature        0x00840000         0x00000400         rw !x
user_signatures  0x00850000         0x00000400         rw !x
*default*        0x00000000         0xffffffff

Linker script and memory map

Address of section .data set to 0x800100
LOAD C:/Users/Usuario/Desktop/clases/UADER/4to cuatrimestre/Sistemas digitales IV/microchipstudio/7.0/Packs/Atmel/ATmega_DFP/2.0.401/gcc/dev/atmega328p/avr5/crtatmega328p.o
LOAD Librerias/ADC.o
LOAD Librerias/ControlValvulas.o
LOAD Librerias/FuncionesDerivadas.o
LOAD Librerias/FuncionesEprom.o
LOAD Librerias/i2c.o
LOAD Librerias/LCD_I2C.o
LOAD Librerias/MCP3421.o
LOAD Librerias/mcp9800.o
LOAD Librerias/pcf8575.o
LOAD Librerias/pines.o
LOAD Librerias/PWM.o
LOAD Librerias/timer.o
LOAD Librerias/UART.o
LOAD main.o
START GROUP
LOAD c:/users/usuario/desktop/clases/uader/4to cuatrimestre/sistemas digitales iv/microchipstudio/7.0/toolchain/avr8/avr8-gnu-toolchain/bin/../lib/gcc/avr/5.4.0/../../../../avr/lib/avr5\libm.a
END GROUP
START GROUP
LOAD c:/users/usuario/desktop/clases/uader/4to cuatrimestre/sistemas digitales iv/microchipstudio/7.0/toolchain/avr8/avr8-gnu-toolchain/bin/../lib/gcc/avr/5.4.0/avr5\libgcc.a
LOAD c:/users/usuario/desktop/clases/uader/4to cuatrimestre/sistemas digitales iv/microchipstudio/7.0/toolchain/avr8/avr8-gnu-toolchain/bin/../lib/gcc/avr/5.4.0/../../../../avr/lib/avr5\libm.a
LOAD c:/users/usuario/desktop/clases/uader/4to cuatrimestre/sistemas digitales iv/microchipstudio/7.0/toolchain/avr8/avr8-gnu-toolchain/bin/../lib/gcc/avr/5.4.0/../../../../avr/lib/avr5\libc.a
LOAD C:/Users/Usuario/Desktop/clases/UADER/4to cuatrimestre/Sistemas digitales IV/microchipstudio/7.0/Packs/Atmel/ATmega_DFP/2.0.401/gcc/dev/atmega328p/avr5\libatmega328p.a
END GROUP
                0x00000000                __TEXT_REGION_ORIGIN__ = DEFINED (__TEXT_REGION_ORIGIN__)?__TEXT_REGION_ORIGIN__:0x0
                [0x00800100]                __DATA_REGION_ORIGIN__ = DEFINED (__DATA_REGION_ORIGIN__)?__DATA_REGION_ORIGIN__:0x800060
                [0x00008000]                __TEXT_REGION_LENGTH__ = DEFINED (__TEXT_REGION_LENGTH__)?__TEXT_REGION_LENGTH__:0x20000
                [0x00000800]                __DATA_REGION_LENGTH__ = DEFINED (__DATA_REGION_LENGTH__)?__DATA_REGION_LENGTH__:0xffa0
                [0x00000400]                __EEPROM_REGION_LENGTH__ = DEFINED (__EEPROM_REGION_LENGTH__)?__EEPROM_REGION_LENGTH__:0x10000
                [0x00000003]                __FUSE_REGION_LENGTH__ = DEFINED (__FUSE_REGION_LENGTH__)?__FUSE_REGION_LENGTH__:0x400
                0x00000400                __LOCK_REGION_LENGTH__ = DEFINED (__LOCK_REGION_LENGTH__)?__LOCK_REGION_LENGTH__:0x400
                0x00000400                __SIGNATURE_REGION_LENGTH__ = DEFINED (__SIGNATURE_REGION_LENGTH__)?__SIGNATURE_REGION_LENGTH__:0x400
                0x00000400                __USER_SIGNATURE_REGION_LENGTH__ = DEFINED (__USER_SIGNATURE_REGION_LENGTH__)?__USER_SIGNATURE_REGION_LENGTH__:0x400

.hash
 *(.hash)

.dynsym
 *(.dynsym)

.dynstr
 *(.dynstr)

.gnu.version
 *(.gnu.version)

.gnu.version_d
 *(.gnu.version_d)

.gnu.version_r
 *(.gnu.version_r)

.rel.init
 *(.rel.init)

.rela.init
 *(.rela.init)

.rel.text
 *(.rel.text)
 *(.rel.text.*)
 *(.rel.gnu.linkonce.t*)

.rela.text
 *(.rela.text)
 *(.rela.text.*)
 *(.rela.gnu.linkonce.t*)

.rel.fini
 *(.rel.fini)

.rela.fini
 *(.rela.fini)

.rel.rodata
 *(.rel.rodata)
 *(.rel.rodata.*)
 *(.rel.gnu.linkonce.r*)

.rela.rodata
 *(.rela.rodata)
 *(.rela.rodata.*)
 *(.rela.gnu.linkonce.r*)

.rel.data
 *(.rel.data)
 *(.rel.data.*)
 *(.rel.gnu.linkonce.d*)

.rela.data
 *(.rela.data)
 *(.rela.data.*)
 *(.rela.gnu.linkonce.d*)

.rel.ctors
 *(.rel.ctors)

.rela.ctors
 *(.rela.ctors)

.rel.dtors
 *(.rel.dtors)

.rela.dtors
 *(.rela.dtors)

.rel.got
 *(.rel.got)

.rela.got
 *(.rela.got)

.rel.bss
 *(.rel.bss)

.rela.bss
 *(.rela.bss)

.rel.plt
 *(.rel.plt)

.rela.plt
 *(.rela.plt)

.text           0x00000000     0x491a
 *(.vectors)
 .vectors       0x00000000       0x68 C:/Users/Usuario/Desktop/clases/UADER/4to cuatrimestre/Sistemas digitales IV/microchipstudio/7.0/Packs/Atmel/ATmega_DFP/2.0.401/gcc/dev/atmega328p/avr5/crtatmega328p.o
                0x00000000                __vector_default
                0x00000000                __vectors
 *(.vectors)
 *(.progmem.gcc*)
 .progmem.gcc_sw_table.MenuUart
                0x00000068       0x54 main.o
                0x000000bc                . = ALIGN (0x2)
                0x000000bc                __trampolines_start = .
 *(.trampolines)
 .trampolines   0x000000bc        0x0 linker stubs
 *(.trampolines*)
                0x000000bc                __trampolines_end = .
 *libprintf_flt.a:*(.progmem.data)
 *libc.a:*(.progmem.data)
 *(.progmem*)
 .progmem.data.TextoExito2
                0x000000bc       0x16 Librerias/FuncionesDerivadas.o
                0x000000bc                TextoExito2
 .progmem.data.MenuCambioDeNumero6
                0x000000d2       0x3c Librerias/UART.o
                0x000000d2                MenuCambioDeNumero6
 .progmem.data.MenuCambioDeNumero5
                0x0000010e       0x3c Librerias/UART.o
                0x0000010e                MenuCambioDeNumero5
 .progmem.data.MenuCambioDeNumero4
                0x0000014a       0x3c Librerias/UART.o
                0x0000014a                MenuCambioDeNumero4
 .progmem.data.MenuCambioDeNumero3
                0x00000186       0x2d Librerias/UART.o
                0x00000186                MenuCambioDeNumero3
 .progmem.data.MenuCambioDeNumero2
                0x000001b3       0x3f Librerias/UART.o
                0x000001b3                MenuCambioDeNumero2
 .progmem.data.MenuCambioDeNumero1
                0x000001f2       0x3e Librerias/UART.o
                0x000001f2                MenuCambioDeNumero1
 .progmem.data.MenuCambioDeNumero0
                0x00000230       0x34 Librerias/UART.o
                0x00000230                MenuCambioDeNumero0
 .progmem.data.MenuCambioDeNombre6
                0x00000264       0x2d Librerias/UART.o
                0x00000264                MenuCambioDeNombre6
 .progmem.data.MenuCambioDeNombre5
                0x00000291       0x2d Librerias/UART.o
                0x00000291                MenuCambioDeNombre5
 .progmem.data.MenuCambioDeNombre4
                0x000002be       0x2d Librerias/UART.o
                0x000002be                MenuCambioDeNombre4
 .progmem.data.MenuCambioDeNombre3
                0x000002eb       0x2d Librerias/UART.o
                0x000002eb                MenuCambioDeNombre3
 .progmem.data.MenuCambioDeNombre2
                0x00000318       0x29 Librerias/UART.o
                0x00000318                MenuCambioDeNombre2
 .progmem.data.MenuCambioDeNombre1
                0x00000341       0x2c Librerias/UART.o
                0x00000341                MenuCambioDeNombre1
 .progmem.data.MenuCambioDeNombre0
                0x0000036d       0x3e Librerias/UART.o
                0x0000036d                MenuCambioDeNombre0
 .progmem.data.MenuTamagno1
                0x000003ab        0x9 Librerias/UART.o
                0x000003ab                MenuTamagno1
 .progmem.data.MenuTamagno0
                0x000003b4        0x9 Librerias/UART.o
                0x000003b4                MenuTamagno0
 .progmem.data.MenuTamagno
                0x000003bd       0x3f Librerias/UART.o
                0x000003bd                MenuTamagno
 .progmem.data.MenuConfiguracion19
                0x000003fc       0x22 Librerias/UART.o
                0x000003fc                MenuConfiguracion19
 .progmem.data.MenuConfiguracion18
                0x0000041e       0x30 Librerias/UART.o
                0x0000041e                MenuConfiguracion18
 .progmem.data.MenuConfiguracion17
                0x0000044e       0x30 Librerias/UART.o
                0x0000044e                MenuConfiguracion17
 .progmem.data.MenuConfiguracion16
                0x0000047e       0x30 Librerias/UART.o
                0x0000047e                MenuConfiguracion16
 .progmem.data.MenuConfiguracion15
                0x000004ae       0x30 Librerias/UART.o
                0x000004ae                MenuConfiguracion15
 .progmem.data.MenuConfiguracion14
                0x000004de       0x37 Librerias/UART.o
                0x000004de                MenuConfiguracion14
 .progmem.data.MenuConfiguracion13
                0x00000515       0x37 Librerias/UART.o
                0x00000515                MenuConfiguracion13
 .progmem.data.MenuConfiguracion12
                0x0000054c       0x37 Librerias/UART.o
                0x0000054c                MenuConfiguracion12
 .progmem.data.MenuConfiguracion11
                0x00000583       0x37 Librerias/UART.o
                0x00000583                MenuConfiguracion11
 .progmem.data.MenuConfiguracion10
                0x000005ba       0x31 Librerias/UART.o
                0x000005ba                MenuConfiguracion10
 .progmem.data.MenuConfiguracion9
                0x000005eb       0x31 Librerias/UART.o
                0x000005eb                MenuConfiguracion9
 .progmem.data.MenuConfiguracion8
                0x0000061c       0x31 Librerias/UART.o
                0x0000061c                MenuConfiguracion8
 .progmem.data.MenuConfiguracion7
                0x0000064d       0x31 Librerias/UART.o
                0x0000064d                MenuConfiguracion7
 .progmem.data.MenuConfiguracion6
                0x0000067e       0x20 Librerias/UART.o
                0x0000067e                MenuConfiguracion6
 .progmem.data.MenuConfiguracion4
                0x0000069e       0x2b Librerias/UART.o
                0x0000069e                MenuConfiguracion4
 .progmem.data.MenuConfiguracion3
                0x000006c9       0x2b Librerias/UART.o
                0x000006c9                MenuConfiguracion3
 .progmem.data.MenuConfiguracion2
                0x000006f4       0x2b Librerias/UART.o
                0x000006f4                MenuConfiguracion2
 .progmem.data.MenuConfiguracion1
                0x0000071f       0x2b Librerias/UART.o
                0x0000071f                MenuConfiguracion1
 .progmem.data.MenuConfiguracion0
                0x0000074a       0x23 Librerias/UART.o
                0x0000074a                MenuConfiguracion0
 .progmem.data.Carpyy20
                0x0000076d       0x42 Librerias/UART.o
                0x0000076d                Carpyy20
 .progmem.data.Carpyy19
                0x000007af       0x43 Librerias/UART.o
                0x000007af                Carpyy19
 .progmem.data.Carpyy18
                0x000007f2       0x44 Librerias/UART.o
                0x000007f2                Carpyy18
 .progmem.data.Carpyy17
                0x00000836       0x44 Librerias/UART.o
                0x00000836                Carpyy17
 .progmem.data.Carpyy16
                0x0000087a       0x45 Librerias/UART.o
                0x0000087a                Carpyy16
 .progmem.data.Carpyy15
                0x000008bf       0x45 Librerias/UART.o
                0x000008bf                Carpyy15
 .progmem.data.Carpyy14
                0x00000904       0x45 Librerias/UART.o
                0x00000904                Carpyy14
 .progmem.data.Carpyy13
                0x00000949       0x45 Librerias/UART.o
                0x00000949                Carpyy13
 .progmem.data.Carpyy12
                0x0000098e       0x44 Librerias/UART.o
                0x0000098e                Carpyy12
 .progmem.data.Carpyy11
                0x000009d2       0x43 Librerias/UART.o
                0x000009d2                Carpyy11
 .progmem.data.Carpyy10
                0x00000a15       0x41 Librerias/UART.o
                0x00000a15                Carpyy10
 .progmem.data.Carpyy9
                0x00000a56       0x55 Librerias/UART.o
                0x00000a56                Carpyy9
 .progmem.data.Carpyy8
                0x00000aab       0x59 Librerias/UART.o
                0x00000aab                Carpyy8
 .progmem.data.Carpyy7
                0x00000b04       0x58 Librerias/UART.o
                0x00000b04                Carpyy7
 .progmem.data.Carpyy6
                0x00000b5c       0x58 Librerias/UART.o
                0x00000b5c                Carpyy6
 .progmem.data.Carpyy5
                0x00000bb4       0x57 Librerias/UART.o
                0x00000bb4                Carpyy5
 .progmem.data.Carpyy4
                0x00000c0b       0x56 Librerias/UART.o
                0x00000c0b                Carpyy4
 .progmem.data.Carpyy3
                0x00000c61       0x23 Librerias/UART.o
                0x00000c61                Carpyy3
 .progmem.data.Carpyy2
                0x00000c84       0x43 Librerias/UART.o
                0x00000c84                Carpyy2
 .progmem.data.Carpyy1
                0x00000cc7       0x51 Librerias/UART.o
                0x00000cc7                Carpyy1
 .progmem.data.Carpyy0
                0x00000d18       0x52 Librerias/UART.o
                0x00000d18                Carpyy0
 .progmem.data.Carpyy
                0x00000d6a       0x4a Librerias/UART.o
                0x00000d6a                Carpyy
 .progmem.data.MenuMediciones2
                0x00000db4       0x1a Librerias/UART.o
                0x00000db4                MenuMediciones2
 .progmem.data.MenuMediciones1
                0x00000dce       0x1a Librerias/UART.o
                0x00000dce                MenuMediciones1
 .progmem.data.MenuMediciones0
                0x00000de8       0x1a Librerias/UART.o
                0x00000de8                MenuMediciones0
 .progmem.data.Menu0_3
                0x00000e02       0x10 Librerias/UART.o
                0x00000e02                Menu0_3
 .progmem.data.Menu0_2
                0x00000e12       0x18 Librerias/UART.o
                0x00000e12                Menu0_2
 .progmem.data.Menu0_1
                0x00000e2a       0x19 Librerias/UART.o
                0x00000e2a                Menu0_1
 .progmem.data.Menu0_0
                0x00000e43       0x14 Librerias/UART.o
                0x00000e43                Menu0_0
 .progmem.data.Bienvenida8
                0x00000e57       0x68 Librerias/UART.o
                0x00000e57                Bienvenida8
 .progmem.data.Bienvenida7
                0x00000ebf       0x68 Librerias/UART.o
                0x00000ebf                Bienvenida7
 .progmem.data.Bienvenida6
                0x00000f27       0x68 Librerias/UART.o
                0x00000f27                Bienvenida6
 .progmem.data.Bienvenida5
                0x00000f8f       0x68 Librerias/UART.o
                0x00000f8f                Bienvenida5
 .progmem.data.Bienvenida4
                0x00000ff7       0x68 Librerias/UART.o
                0x00000ff7                Bienvenida4
 .progmem.data.Bienvenida3
                0x0000105f       0x68 Librerias/UART.o
                0x0000105f                Bienvenida3
 .progmem.data.Bienvenida2
                0x000010c7       0x68 Librerias/UART.o
                0x000010c7                Bienvenida2
 .progmem.data.Bienvenida1
                0x0000112f       0x67 Librerias/UART.o
                0x0000112f                Bienvenida1
 .progmem.data.Bienvenida0
                0x00001196       0x67 Librerias/UART.o
                0x00001196                Bienvenida0
 .progmem.data.TextoDosificador
                0x000011fd       0x3f Librerias/UART.o
                0x000011fd                TextoDosificador
 .progmem.data.TextoBidon
                0x0000123c        0x9 Librerias/UART.o
                0x0000123c                TextoBidon
 .progmem.data.TextoVolumen0
                0x00001245        0x4 Librerias/UART.o
                0x00001245                TextoVolumen0
 .progmem.data.TextoVolumen
                0x00001249        0xa Librerias/UART.o
                0x00001249                TextoVolumen
 .progmem.data.TextoTemperatura0
                0x00001253        0x4 Librerias/UART.o
                0x00001253                TextoTemperatura0
 .progmem.data.TextoTemperatura
                0x00001257        0xe Librerias/UART.o
                0x00001257                TextoTemperatura
 .progmem.data.TextoFracaso1
                0x00001265       0x3f Librerias/UART.o
                0x00001265                TextoFracaso1
 .progmem.data.TextoFracaso
                0x000012a4       0x48 Librerias/UART.o
                0x000012a4                TextoFracaso
 .progmem.data.TextoRegresar
                0x000012ec       0x27 Librerias/UART.o
                0x000012ec                TextoRegresar
 .progmem.data.TextoElegir
                0x00001313       0x30 Librerias/UART.o
                0x00001313                TextoElegir
                0x00001344                . = ALIGN (0x2)
 *fill*         0x00001343        0x1 
 *(.jumptables)
 *(.jumptables*)
 *(.lowtext)
 *(.lowtext*)
                0x00001344                __ctors_start = .
 *(.ctors)
                0x00001344                __ctors_end = .
                0x00001344                __dtors_start = .
 *(.dtors)
                0x00001344                __dtors_end = .
 SORT(*)(.ctors)
 SORT(*)(.dtors)
 *(.init0)
 .init0         0x00001344        0x0 C:/Users/Usuario/Desktop/clases/UADER/4to cuatrimestre/Sistemas digitales IV/microchipstudio/7.0/Packs/Atmel/ATmega_DFP/2.0.401/gcc/dev/atmega328p/avr5/crtatmega328p.o
                0x00001344                __init
 *(.init0)
 *(.init1)
 *(.init1)
 *(.init2)
 .init2         0x00001344        0xc C:/Users/Usuario/Desktop/clases/UADER/4to cuatrimestre/Sistemas digitales IV/microchipstudio/7.0/Packs/Atmel/ATmega_DFP/2.0.401/gcc/dev/atmega328p/avr5/crtatmega328p.o
 *(.init2)
 *(.init3)
 *(.init3)
 *(.init4)
 .init4         0x00001350       0x16 c:/users/usuario/desktop/clases/uader/4to cuatrimestre/sistemas digitales iv/microchipstudio/7.0/toolchain/avr8/avr8-gnu-toolchain/bin/../lib/gcc/avr/5.4.0/avr5\libgcc.a(_copy_data.o)
                0x00001350                __do_copy_data
 .init4         0x00001366       0x10 c:/users/usuario/desktop/clases/uader/4to cuatrimestre/sistemas digitales iv/microchipstudio/7.0/toolchain/avr8/avr8-gnu-toolchain/bin/../lib/gcc/avr/5.4.0/avr5\libgcc.a(_clear_bss.o)
                0x00001366                __do_clear_bss
 *(.init4)
 *(.init5)
 *(.init5)
 *(.init6)
 *(.init6)
 *(.init7)
 *(.init7)
 *(.init8)
 *(.init8)
 *(.init9)
 .init9         0x00001376        0x8 C:/Users/Usuario/Desktop/clases/UADER/4to cuatrimestre/Sistemas digitales IV/microchipstudio/7.0/Packs/Atmel/ATmega_DFP/2.0.401/gcc/dev/atmega328p/avr5/crtatmega328p.o
 *(.init9)
 *(.text)
 .text          0x0000137e        0x4 C:/Users/Usuario/Desktop/clases/UADER/4to cuatrimestre/Sistemas digitales IV/microchipstudio/7.0/Packs/Atmel/ATmega_DFP/2.0.401/gcc/dev/atmega328p/avr5/crtatmega328p.o
                0x0000137e                __vector_22
                0x0000137e                __vector_1
                0x0000137e                __vector_24
                0x0000137e                __vector_12
                0x0000137e                __bad_interrupt
                0x0000137e                __vector_6
                0x0000137e                __vector_3
                0x0000137e                __vector_23
                0x0000137e                __vector_25
                0x0000137e                __vector_13
                0x0000137e                __vector_17
                0x0000137e                __vector_19
                0x0000137e                __vector_7
                0x0000137e                __vector_5
                0x0000137e                __vector_4
                0x0000137e                __vector_9
                0x0000137e                __vector_2
                0x0000137e                __vector_21
                0x0000137e                __vector_15
                0x0000137e                __vector_8
                0x0000137e                __vector_10
                0x0000137e                __vector_16
                0x0000137e                __vector_18
                0x0000137e                __vector_20
                0x00001382                . = ALIGN (0x2)
 *(.text.*)
 .text.iniciar_ADC
                0x00001382       0x22 Librerias/ADC.o
                0x00001382                iniciar_ADC
 .text.leer_ADC
                0x000013a4       0x24 Librerias/ADC.o
                0x000013a4                leer_ADC
 .text.RetardoPersonalizadosEnMs
                0x000013c8       0x16 Librerias/ControlValvulas.o
                0x000013c8                RetardoPersonalizadosEnMs
 .text.ServidoBebida1
                0x000013de      0x17a Librerias/ControlValvulas.o
                0x000013de                ServidoBebida1
 .text.ServidoBebida2
                0x00001558      0x17a Librerias/ControlValvulas.o
                0x00001558                ServidoBebida2
 .text.ServidoBebida3
                0x000016d2      0x17a Librerias/ControlValvulas.o
                0x000016d2                ServidoBebida3
 .text.ServidoBebida4
                0x0000184c      0x17a Librerias/ControlValvulas.o
                0x0000184c                ServidoBebida4
 .text.SeleccionarMedida
                0x000019c6       0x32 Librerias/ControlValvulas.o
                0x000019c6                SeleccionarMedida
 .text.DetectarTipo
                0x000019f8       0x9a Librerias/FuncionesDerivadas.o
                0x000019f8                DetectarTipo
 .text.LlenarVectorConDosCaracteres
                0x00001a92       0xc6 Librerias/FuncionesDerivadas.o
                0x00001a92                LlenarVectorConDosCaracteres
 .text.LlenarVectorConDiezCaracteres
                0x00001b58       0xfa Librerias/FuncionesDerivadas.o
                0x00001b58                LlenarVectorConDiezCaracteres
 .text.LlenarVectorConTresCaracteres
                0x00001c52       0xbe Librerias/FuncionesDerivadas.o
                0x00001c52                LlenarVectorConTresCaracteres
 .text.EPROM_Write
                0x00001d10       0x1c Librerias/FuncionesEprom.o
                0x00001d10                EPROM_Write
 .text.EPROM_Read
                0x00001d2c       0x12 Librerias/FuncionesEprom.o
                0x00001d2c                EPROM_Read
 .text.EPROM_Write_String
                0x00001d3e       0x74 Librerias/FuncionesEprom.o
                0x00001d3e                EPROM_Write_String
 .text.EPROM_Read_String
                0x00001db2       0x5a Librerias/FuncionesEprom.o
                0x00001db2                EPROM_Read_String
 .text.i2c_init
                0x00001e0c        0xc Librerias/i2c.o
                0x00001e0c                i2c_init
 .text.i2c_start
                0x00001e18       0x10 Librerias/i2c.o
                0x00001e18                i2c_start
 .text.i2c_write
                0x00001e28       0x14 Librerias/i2c.o
                0x00001e28                i2c_write
 .text.i2c_stop
                0x00001e3c       0x10 Librerias/i2c.o
                0x00001e3c                i2c_stop
 .text.enviarPulsoEnable
                0x00001e4c       0x3e Librerias/LCD_I2C.o
                0x00001e4c                enviarPulsoEnable
 .text.enviarComando4Bits
                0x00001e8a       0x50 Librerias/LCD_I2C.o
                0x00001e8a                enviarComando4Bits
 .text.enviarComando
                0x00001eda       0x94 Librerias/LCD_I2C.o
                0x00001eda                enviarComando
 .text.escribirDato
                0x00001f6e       0x94 Librerias/LCD_I2C.o
                0x00001f6e                escribirDato
 .text.lcd_init
                0x00002002       0x64 Librerias/LCD_I2C.o
                0x00002002                lcd_init
 .text.escribirEnLCD
                0x00002066       0x1a Librerias/LCD_I2C.o
                0x00002066                escribirEnLCD
 .text.limpiar_LCD
                0x00002080       0x16 Librerias/LCD_I2C.o
                0x00002080                limpiar_LCD
 .text.TWI_ini  0x00002096        0x8 Librerias/MCP3421.o
                0x00002096                TWI_ini
 .text.TWI_Start
                0x0000209e       0x10 Librerias/MCP3421.o
                0x0000209e                TWI_Start
 .text.TWI_Sendbyte
                0x000020ae       0x14 Librerias/MCP3421.o
                0x000020ae                TWI_Sendbyte
 .text.TWI_Receivebytes
                0x000020c2       0x7a Librerias/MCP3421.o
                0x000020c2                TWI_Receivebytes
 .text.TWI_Stop
                0x0000213c        0x8 Librerias/MCP3421.o
                0x0000213c                TWI_Stop
 .text.MCP3421_config
                0x00002144       0x16 Librerias/MCP3421.o
                0x00002144                MCP3421_config
 .text.MCP3421_read
                0x0000215a       0x66 Librerias/MCP3421.o
                0x0000215a                MCP3421_read
 .text.PesarAgua
                0x000021c0       0x48 Librerias/MCP3421.o
                0x000021c0                PesarAgua
 .text.i2c_read
                0x00002208       0xca Librerias/mcp9800.o
                0x00002208                i2c_read
 .text.i2c_wwrite
                0x000022d2       0x8e Librerias/mcp9800.o
                0x000022d2                i2c_wwrite
 .text.mcp_set_adc_resolution
                0x00002360       0x4a Librerias/mcp9800.o
                0x00002360                mcp_set_adc_resolution
 .text.mcp_set_power_mode
                0x000023aa       0x40 Librerias/mcp9800.o
                0x000023aa                mcp_set_power_mode
 .text.mcp_read_temp_float
                0x000023ea       0x82 Librerias/mcp9800.o
                0x000023ea                mcp_read_temp_float
 .text.LeerTemperatura
                0x0000246c      0x14a Librerias/mcp9800.o
                0x0000246c                LeerTemperatura
 .text.EscribirPcf8575
                0x000025b6       0x2c Librerias/pcf8575.o
                0x000025b6                EscribirPcf8575
 .text.ApagarTodo
                0x000025e2        0xa Librerias/pcf8575.o
                0x000025e2                ApagarTodo
 .text.ConfigurarPinesSensores
                0x000025ec       0x1a Librerias/pines.o
                0x000025ec                ConfigurarPinesSensores
 .text.LeerSensorPuerta
                0x00002606       0x14 Librerias/pines.o
                0x00002606                LeerSensorPuerta
 .text.LeerSensorTaza
                0x0000261a       0x16 Librerias/pines.o
                0x0000261a                LeerSensorTaza
 .text.ConfigurarBotones
                0x00002630       0x1a Librerias/pines.o
                0x00002630                ConfigurarBotones
 .text.LeerBotonSeleccionar
                0x0000264a       0x16 Librerias/pines.o
                0x0000264a                LeerBotonSeleccionar
 .text.LeerBotonAceptar
                0x00002660       0x18 Librerias/pines.o
                0x00002660                LeerBotonAceptar
 .text.PWM_init
                0x00002678       0x22 Librerias/PWM.o
                0x00002678                PWM_init
 .text.PWM_update
                0x0000269a       0x2e Librerias/PWM.o
                0x0000269a                PWM_update
 .text.Timer0_init
                0x000026c8       0x22 Librerias/timer.o
                0x000026c8                Timer0_init
 .text.setupTimer1
                0x000026ea       0x2e Librerias/timer.o
                0x000026ea                setupTimer1
 .text.uart_init
                0x00002718       0x18 Librerias/UART.o
                0x00002718                uart_init
 .text.uart_send_char
                0x00002730        0xe Librerias/UART.o
                0x00002730                uart_send_char
 .text.uart_send_string
                0x0000273e       0x1a Librerias/UART.o
                0x0000273e                uart_send_string
 .text.uart_send_newline
                0x00002758        0xe Librerias/UART.o
                0x00002758                uart_send_newline
 .text.uart_receive_char
                0x00002766       0x14 Librerias/UART.o
                0x00002766                uart_receive_char
 .text.echo_serial
                0x0000277a       0x16 Librerias/UART.o
                0x0000277a                echo_serial
 .text.MandarStringdesdePrograma
                0x00002790       0x1e Librerias/UART.o
                0x00002790                MandarStringdesdePrograma
 .text.Bienvenida
                0x000027ae       0x76 Librerias/UART.o
                0x000027ae                Bienvenida
 .text.Carpy    0x00002824      0x11e Librerias/UART.o
                0x00002824                Carpy
 .text.MenuInicial
                0x00002942       0x4a Librerias/UART.o
                0x00002942                MenuInicial
 .text.MenuMediciones
                0x0000298c      0x21e Librerias/UART.o
                0x0000298c                MenuMediciones
 .text.MenuConfiguraciones
                0x00002baa      0x2c2 Librerias/UART.o
                0x00002baa                MenuConfiguraciones
 .text.MenuCambioDeNombre
                0x00002e6c       0x5a Librerias/UART.o
                0x00002e6c                MenuCambioDeNombre
 .text.Fracaso  0x00002ec6       0x1e Librerias/UART.o
                0x00002ec6                Fracaso
 .text.CambioDeNumero
                0x00002ee4       0x5a Librerias/UART.o
                0x00002ee4                CambioDeNumero
 .text.MenuTamanho
                0x00002f3e       0x2a Librerias/UART.o
                0x00002f3e                MenuTamanho
 .text.UART_receive_non_blocking
                0x00002f68       0x12 Librerias/UART.o
                0x00002f68                UART_receive_non_blocking
 .text.DetectarError
                0x00002f7a       0xae main.o
                0x00002f7a                DetectarError
 .text.Servido  0x00003028       0x6a main.o
                0x00003028                Servido
 .text.ConfiguracionPredeterminada
                0x00003092      0x2e8 main.o
                0x00003092                ConfiguracionPredeterminada
 .text.ConfiguracionIncialEeprom
                0x0000337a       0x3e main.o
                0x0000337a                ConfiguracionIncialEeprom
 .text.MedirBidon
                0x000033b8       0x26 main.o
                0x000033b8                MedirBidon
 .text.ControlarTemperatura
                0x000033de       0x84 main.o
                0x000033de                ControlarTemperatura
 .text.MenuNivelesLcd
                0x00003462      0x378 main.o
                0x00003462                MenuNivelesLcd
 .text.LeerBotones
                0x000037da      0x100 main.o
                0x000037da                LeerBotones
 .text.LeerSensores
                0x000038da       0x36 main.o
                0x000038da                LeerSensores
 .text.MedicionPolvos
                0x00003910       0xe6 main.o
                0x00003910                MedicionPolvos
 .text.MedirVariables
                0x000039f6       0x12 main.o
                0x000039f6                MedirVariables
 .text.ConfiguracionIncial
                0x00003a08       0x54 main.o
                0x00003a08                ConfiguracionIncial
 .text.MenuUart
                0x00003a5c      0x28c main.o
                0x00003a5c                MenuUart
 .text.main     0x00003ce8       0x2e main.o
                0x00003ce8                main
 .text.__vector_11
                0x00003d16       0x4c main.o
                0x00003d16                __vector_11
 .text.__vector_14
                0x00003d62      0x118 main.o
                0x00003d62                __vector_14
 .text.avr-libc.fplib
                0x00003e7a        0xe c:/users/usuario/desktop/clases/uader/4to cuatrimestre/sistemas digitales iv/microchipstudio/7.0/toolchain/avr8/avr8-gnu-toolchain/bin/../lib/gcc/avr/5.4.0/../../../../avr/lib/avr5\libm.a(addsf3.o)
                0x00003e7a                __subsf3
                0x00003e7c                __addsf3
 .text.avr-libc.fplib
                0x00003e88       0xcc c:/users/usuario/desktop/clases/uader/4to cuatrimestre/sistemas digitales iv/microchipstudio/7.0/toolchain/avr8/avr8-gnu-toolchain/bin/../lib/gcc/avr/5.4.0/../../../../avr/lib/avr5\libm.a(addsf3x.o)
                0x00003eaa                __addsf3x
 .text.avr-libc.fplib
                0x00003f54        0x8 c:/users/usuario/desktop/clases/uader/4to cuatrimestre/sistemas digitales iv/microchipstudio/7.0/toolchain/avr8/avr8-gnu-toolchain/bin/../lib/gcc/avr/5.4.0/../../../../avr/lib/avr5\libm.a(divsf3.o)
                0x00003f54                __divsf3
 .text.avr-libc.fplib
                0x00003f5c       0xdc c:/users/usuario/desktop/clases/uader/4to cuatrimestre/sistemas digitales iv/microchipstudio/7.0/toolchain/avr8/avr8-gnu-toolchain/bin/../lib/gcc/avr/5.4.0/../../../../avr/lib/avr5\libm.a(divsf3x.o)
                0x00003f7c                __divsf3x
                0x00003f82                __divsf3_pse
 .text.avr-libc.fplib
                0x00004038        0xe c:/users/usuario/desktop/clases/uader/4to cuatrimestre/sistemas digitales iv/microchipstudio/7.0/toolchain/avr8/avr8-gnu-toolchain/bin/../lib/gcc/avr/5.4.0/../../../../avr/lib/avr5\libm.a(fixsfsi.o)
                0x00004038                __fixsfsi
 .text.avr-libc.fplib
                0x00004046       0x5e c:/users/usuario/desktop/clases/uader/4to cuatrimestre/sistemas digitales iv/microchipstudio/7.0/toolchain/avr8/avr8-gnu-toolchain/bin/../lib/gcc/avr/5.4.0/../../../../avr/lib/avr5\libm.a(fixunssfsi.o)
                0x00004046                __fixunssfsi
 .text.avr-libc.fplib
                0x000040a4       0x7a c:/users/usuario/desktop/clases/uader/4to cuatrimestre/sistemas digitales iv/microchipstudio/7.0/toolchain/avr8/avr8-gnu-toolchain/bin/../lib/gcc/avr/5.4.0/../../../../avr/lib/avr5\libm.a(floatsisf.o)
                0x000040a4                __floatunsisf
                0x000040a8                __floatsisf
 .text.avr-libc.fplib
                0x0000411e        0xc c:/users/usuario/desktop/clases/uader/4to cuatrimestre/sistemas digitales iv/microchipstudio/7.0/toolchain/avr8/avr8-gnu-toolchain/bin/../lib/gcc/avr/5.4.0/../../../../avr/lib/avr5\libm.a(fp_inf.o)
                0x0000411e                __fp_inf
 .text.avr-libc.fplib
                0x0000412a        0x6 c:/users/usuario/desktop/clases/uader/4to cuatrimestre/sistemas digitales iv/microchipstudio/7.0/toolchain/avr8/avr8-gnu-toolchain/bin/../lib/gcc/avr/5.4.0/../../../../avr/lib/avr5\libm.a(fp_nan.o)
                0x0000412a                __fp_nan
 .text.avr-libc.fplib
                0x00004130        0xe c:/users/usuario/desktop/clases/uader/4to cuatrimestre/sistemas digitales iv/microchipstudio/7.0/toolchain/avr8/avr8-gnu-toolchain/bin/../lib/gcc/avr/5.4.0/../../../../avr/lib/avr5\libm.a(fp_pscA.o)
                0x00004130                __fp_pscA
 .text.avr-libc.fplib
                0x0000413e        0xe c:/users/usuario/desktop/clases/uader/4to cuatrimestre/sistemas digitales iv/microchipstudio/7.0/toolchain/avr8/avr8-gnu-toolchain/bin/../lib/gcc/avr/5.4.0/../../../../avr/lib/avr5\libm.a(fp_pscB.o)
                0x0000413e                __fp_pscB
 .text.avr-libc.fplib
                0x0000414c       0x22 c:/users/usuario/desktop/clases/uader/4to cuatrimestre/sistemas digitales iv/microchipstudio/7.0/toolchain/avr8/avr8-gnu-toolchain/bin/../lib/gcc/avr/5.4.0/../../../../avr/lib/avr5\libm.a(fp_round.o)
                0x0000414c                __fp_round
 .text.avr-libc.fplib
                0x0000416e       0x44 c:/users/usuario/desktop/clases/uader/4to cuatrimestre/sistemas digitales iv/microchipstudio/7.0/toolchain/avr8/avr8-gnu-toolchain/bin/../lib/gcc/avr/5.4.0/../../../../avr/lib/avr5\libm.a(fp_split3.o)
                0x0000416e                __fp_split3
                0x0000417e                __fp_splitA
 .text.avr-libc.fplib
                0x000041b2        0xe c:/users/usuario/desktop/clases/uader/4to cuatrimestre/sistemas digitales iv/microchipstudio/7.0/toolchain/avr8/avr8-gnu-toolchain/bin/../lib/gcc/avr/5.4.0/../../../../avr/lib/avr5\libm.a(fp_zero.o)
                0x000041b2                __fp_zero
                0x000041b4                __fp_szero
 .text.avr-libc.fplib
                0x000041c0        0x8 c:/users/usuario/desktop/clases/uader/4to cuatrimestre/sistemas digitales iv/microchipstudio/7.0/toolchain/avr8/avr8-gnu-toolchain/bin/../lib/gcc/avr/5.4.0/../../../../avr/lib/avr5\libm.a(mulsf3.o)
                0x000041c0                __mulsf3
 .text.avr-libc.fplib
                0x000041c8       0xd2 c:/users/usuario/desktop/clases/uader/4to cuatrimestre/sistemas digitales iv/microchipstudio/7.0/toolchain/avr8/avr8-gnu-toolchain/bin/../lib/gcc/avr/5.4.0/../../../../avr/lib/avr5\libm.a(mulsf3x.o)
                0x000041e6                __mulsf3x
                0x000041ec                __mulsf3_pse
 .text.libgcc.div
                0x0000429a       0x28 c:/users/usuario/desktop/clases/uader/4to cuatrimestre/sistemas digitales iv/microchipstudio/7.0/toolchain/avr8/avr8-gnu-toolchain/bin/../lib/gcc/avr/5.4.0/avr5\libgcc.a(_divmodhi4.o)
                0x0000429a                _div
                0x0000429a                __divmodhi4
 .text.libgcc   0x000042c2        0xc c:/users/usuario/desktop/clases/uader/4to cuatrimestre/sistemas digitales iv/microchipstudio/7.0/toolchain/avr8/avr8-gnu-toolchain/bin/../lib/gcc/avr/5.4.0/avr5\libgcc.a(_tablejump2.o)
                0x000042c2                __tablejump2__
 .text.libgcc.div
                0x000042ce       0x28 c:/users/usuario/desktop/clases/uader/4to cuatrimestre/sistemas digitales iv/microchipstudio/7.0/toolchain/avr8/avr8-gnu-toolchain/bin/../lib/gcc/avr/5.4.0/avr5\libgcc.a(_udivmodhi4.o)
                0x000042ce                __udivmodhi4
 .text.avr-libc
                0x000042f6       0x3c c:/users/usuario/desktop/clases/uader/4to cuatrimestre/sistemas digitales iv/microchipstudio/7.0/toolchain/avr8/avr8-gnu-toolchain/bin/../lib/gcc/avr/5.4.0/../../../../avr/lib/avr5\libc.a(atoi.o)
                0x000042f6                atoi
 .text.avr-libc
                0x00004332       0x10 c:/users/usuario/desktop/clases/uader/4to cuatrimestre/sistemas digitales iv/microchipstudio/7.0/toolchain/avr8/avr8-gnu-toolchain/bin/../lib/gcc/avr/5.4.0/../../../../avr/lib/avr5\libc.a(mul10.o)
                0x00004332                __mulhi_const_10
 .text.avr-libc
                0x00004342       0x44 c:/users/usuario/desktop/clases/uader/4to cuatrimestre/sistemas digitales iv/microchipstudio/7.0/toolchain/avr8/avr8-gnu-toolchain/bin/../lib/gcc/avr/5.4.0/../../../../avr/lib/avr5\libc.a(sprintf.o)
                0x00004342                sprintf
 .text.avr-libc
                0x00004386      0x3c2 c:/users/usuario/desktop/clases/uader/4to cuatrimestre/sistemas digitales iv/microchipstudio/7.0/toolchain/avr8/avr8-gnu-toolchain/bin/../lib/gcc/avr/5.4.0/../../../../avr/lib/avr5\libc.a(vfprintf_std.o)
                0x00004386                vfprintf
 .text.avr-libc
                0x00004748       0x16 c:/users/usuario/desktop/clases/uader/4to cuatrimestre/sistemas digitales iv/microchipstudio/7.0/toolchain/avr8/avr8-gnu-toolchain/bin/../lib/gcc/avr/5.4.0/../../../../avr/lib/avr5\libc.a(strnlen_P.o)
                0x00004748                strnlen_P
 .text.avr-libc
                0x0000475e       0x16 c:/users/usuario/desktop/clases/uader/4to cuatrimestre/sistemas digitales iv/microchipstudio/7.0/toolchain/avr8/avr8-gnu-toolchain/bin/../lib/gcc/avr/5.4.0/../../../../avr/lib/avr5\libc.a(strnlen.o)
                0x0000475e                strnlen
 .text.avr-libc
                0x00004774       0x78 c:/users/usuario/desktop/clases/uader/4to cuatrimestre/sistemas digitales iv/microchipstudio/7.0/toolchain/avr8/avr8-gnu-toolchain/bin/../lib/gcc/avr/5.4.0/../../../../avr/lib/avr5\libc.a(fputc.o)
                0x00004774                fputc
 .text.avr-libc
                0x000047ec       0xbc c:/users/usuario/desktop/clases/uader/4to cuatrimestre/sistemas digitales iv/microchipstudio/7.0/toolchain/avr8/avr8-gnu-toolchain/bin/../lib/gcc/avr/5.4.0/../../../../avr/lib/avr5\libc.a(ultoa_invert.o)
                0x000047ec                __ultoa_invert
 .text.libgcc.prologue
                0x000048a8       0x38 c:/users/usuario/desktop/clases/uader/4to cuatrimestre/sistemas digitales iv/microchipstudio/7.0/toolchain/avr8/avr8-gnu-toolchain/bin/../lib/gcc/avr/5.4.0/avr5\libgcc.a(_prologue.o)
                0x000048a8                __prologue_saves__
 .text.libgcc.prologue
                0x000048e0       0x36 c:/users/usuario/desktop/clases/uader/4to cuatrimestre/sistemas digitales iv/microchipstudio/7.0/toolchain/avr8/avr8-gnu-toolchain/bin/../lib/gcc/avr/5.4.0/avr5\libgcc.a(_epilogue.o)
                0x000048e0                __epilogue_restores__
                0x00004916                . = ALIGN (0x2)
 *(.fini9)
 .fini9         0x00004916        0x0 c:/users/usuario/desktop/clases/uader/4to cuatrimestre/sistemas digitales iv/microchipstudio/7.0/toolchain/avr8/avr8-gnu-toolchain/bin/../lib/gcc/avr/5.4.0/avr5\libgcc.a(_exit.o)
                0x00004916                _exit
                0x00004916                exit
 *(.fini9)
 *(.fini8)
 *(.fini8)
 *(.fini7)
 *(.fini7)
 *(.fini6)
 *(.fini6)
 *(.fini5)
 *(.fini5)
 *(.fini4)
 *(.fini4)
 *(.fini3)
 *(.fini3)
 *(.fini2)
 *(.fini2)
 *(.fini1)
 *(.fini1)
 *(.fini0)
 .fini0         0x00004916        0x4 c:/users/usuario/desktop/clases/uader/4to cuatrimestre/sistemas digitales iv/microchipstudio/7.0/toolchain/avr8/avr8-gnu-toolchain/bin/../lib/gcc/avr/5.4.0/avr5\libgcc.a(_exit.o)
 *(.fini0)
                0x0000491a                _etext = .

.data           0x00800100      0x278 load address 0x0000491a
                0x00800100                PROVIDE (__data_start, .)
 *(.data)
 *(.data*)
 *(.gnu.linkonce.d*)
 *(.rodata)
 .rodata        0x00800100       0x1e main.o
 *(.rodata*)
 .rodata.str1.1
                0x0080011e       0x1b Librerias/mcp9800.o
                                 0x1c (size before relaxing)
 .rodata.str1.1
                0x00800139       0x39 Librerias/UART.o
                                 0x41 (size before relaxing)
 .rodata.str1.1
                0x00800172      0x206 main.o
                                0x211 (size before relaxing)
 *(.gnu.linkonce.r*)
                0x00800378                . = ALIGN (0x2)
                0x00800378                _edata = .
                0x00800378                PROVIDE (__data_end, .)

.bss            0x00800378       0x64
                0x00800378                PROVIDE (__bss_start, .)
 *(.bss)
 *(.bss*)
 .bss.Aux       0x00800378        0x2 Librerias/FuncionesDerivadas.o
                0x00800378                Aux
 .bss.BotonAceptar
                0x0080037a        0x1 Librerias/pines.o
                0x0080037a                BotonAceptar
 .bss.BotonSeleccionar
                0x0080037b        0x1 Librerias/pines.o
                0x0080037b                BotonSeleccionar
 .bss.SensorPuerta
                0x0080037c        0x1 Librerias/pines.o
                0x0080037c                SensorPuerta
 .bss.SensorTaza
                0x0080037d        0x1 Librerias/pines.o
                0x0080037d                SensorTaza
 .bss.BanderaError
                0x0080037e        0x1 main.o
                0x0080037e                BanderaError
 .bss.BanderaBienvenida
                0x0080037f        0x1 main.o
                0x0080037f                BanderaBienvenida
 .bss.BanderaServido
                0x00800380        0x1 main.o
                0x00800380                BanderaServido
 .bss.ContadorControlarBotones
                0x00800381        0x2 main.o
                0x00800381                ContadorControlarBotones
 .bss.Simultaneidad
                0x00800383        0x2 main.o
                0x00800383                Simultaneidad
 .bss.timerCounter
                0x00800385        0x4 main.o
                0x00800385                timerCounter
 .bss.pinState  0x00800389        0x1 main.o
                0x00800389                pinState
 .bss.BotonAceptarr
                0x0080038a        0x1 main.o
                0x0080038a                BotonAceptarr
 .bss.BotonSeleccionarr
                0x0080038b        0x1 main.o
                0x0080038b                BotonSeleccionarr
 .bss.SelectorMenuLCD
                0x0080038c        0x1 main.o
                0x0080038c                SelectorMenuLCD
 .bss.SensorrPuerta
                0x0080038d        0x1 main.o
                0x0080038d                SensorrPuerta
 .bss.SensorrTaza
                0x0080038e        0x1 main.o
                0x0080038e                SensorrTaza
 *(COMMON)
 COMMON         0x0080038f        0x6 Librerias/ControlValvulas.o
                0x0080038f                TiempoDeAguaCaliente
                0x00800391                TiempoDeDosificacion
                0x00800393                TiempoDeDescarga
 COMMON         0x00800395       0x1d Librerias/MCP3421.o
                0x00800395                sign
                0x00800396                a1
                0x0080039a                a3
                0x0080039e                a2
                0x008003a2                str
                0x008003ae                a
 COMMON         0x008003b2       0x2a main.o
                0x008003b2                VectorTamagnoBidon
                0x008003b4                NivelPolvo1
                0x008003b6                PesoBidon
                0x008003b8                NivelPolvo4
                0x008003ba                NivelPolvo3
                0x008003bc                NivelPolvo2
                0x008003be                received_data
                0x008003bf                Buffer
                0x008003d7                DecisionMenuUart
                0x008003d8                TemperaturaBidon
                0x008003da                Auxiliar
                0x008003dc                PROVIDE (__bss_end, .)
                0x0000491a                __data_load_start = LOADADDR (.data)
                0x00004b92                __data_load_end = (__data_load_start + SIZEOF (.data))

.noinit         0x008003dc        0x0
                [!provide]                PROVIDE (__noinit_start, .)
 *(.noinit*)
                [!provide]                PROVIDE (__noinit_end, .)
                0x008003dc                _end = .
                [!provide]                PROVIDE (__heap_start, .)

.eeprom         0x00810000        0x0
 *(.eeprom*)
                0x00810000                __eeprom_end = .

.fuse
 *(.fuse)
 *(.lfuse)
 *(.hfuse)
 *(.efuse)

.lock
 *(.lock*)

.signature
 *(.signature*)

.user_signatures
 *(.user_signatures*)

.stab
 *(.stab)

.stabstr
 *(.stabstr)

.stab.excl
 *(.stab.excl)

.stab.exclstr
 *(.stab.exclstr)

.stab.index
 *(.stab.index)

.stab.indexstr
 *(.stab.indexstr)

.comment        0x00000000       0x5c
 *(.comment)
 .comment       0x00000000       0x30 Librerias/ADC.o
                                 0x31 (size before relaxing)
 .comment       0x00000030       0x31 Librerias/ControlValvulas.o
 .comment       0x00000030       0x31 Librerias/FuncionesDerivadas.o
 .comment       0x00000030       0x31 Librerias/FuncionesEprom.o
 .comment       0x00000030       0x31 Librerias/i2c.o
 .comment       0x00000030       0x31 Librerias/LCD_I2C.o
 .comment       0x00000030       0x31 Librerias/MCP3421.o
 .comment       0x00000030       0x31 Librerias/mcp9800.o
 .comment       0x00000030       0x31 Librerias/pcf8575.o
 .comment       0x00000030       0x31 Librerias/pines.o
 .comment       0x00000030       0x31 Librerias/PWM.o
 .comment       0x00000030       0x31 Librerias/timer.o
 .comment       0x00000030       0x31 Librerias/UART.o
 .comment       0x00000030       0x31 main.o
 .comment       0x00000030       0x31 c:/users/usuario/desktop/clases/uader/4to cuatrimestre/sistemas digitales iv/microchipstudio/7.0/toolchain/avr8/avr8-gnu-toolchain/bin/../lib/gcc/avr/5.4.0/../../../../avr/lib/avr5\libc.a(sprintf.o)
 .comment       0x00000030       0x2c c:/users/usuario/desktop/clases/uader/4to cuatrimestre/sistemas digitales iv/microchipstudio/7.0/toolchain/avr8/avr8-gnu-toolchain/bin/../lib/gcc/avr/5.4.0/../../../../avr/lib/avr5\libc.a(vfprintf_std.o)
                                 0x2d (size before relaxing)
 .comment       0x0000005c       0x31 c:/users/usuario/desktop/clases/uader/4to cuatrimestre/sistemas digitales iv/microchipstudio/7.0/toolchain/avr8/avr8-gnu-toolchain/bin/../lib/gcc/avr/5.4.0/../../../../avr/lib/avr5\libc.a(fputc.o)

.note.gnu.avr.deviceinfo
                0x00000000       0x40
 .note.gnu.avr.deviceinfo
                0x00000000       0x40 C:/Users/Usuario/Desktop/clases/UADER/4to cuatrimestre/Sistemas digitales IV/microchipstudio/7.0/Packs/Atmel/ATmega_DFP/2.0.401/gcc/dev/atmega328p/avr5/crtatmega328p.o

.note.gnu.build-id
 *(.note.gnu.build-id)

.debug
 *(.debug)

.line
 *(.line)

.debug_srcinfo
 *(.debug_srcinfo)

.debug_sfnames
 *(.debug_sfnames)

.debug_aranges  0x00000000      0x478
 *(.debug_aranges)
 .debug_aranges
                0x00000000       0x28 Librerias/ADC.o
 .debug_aranges
                0x00000028       0x48 Librerias/ControlValvulas.o
 .debug_aranges
                0x00000070       0x38 Librerias/FuncionesDerivadas.o
 .debug_aranges
                0x000000a8       0x38 Librerias/FuncionesEprom.o
 .debug_aranges
                0x000000e0       0x38 Librerias/i2c.o
 .debug_aranges
                0x00000118       0x58 Librerias/LCD_I2C.o
 .debug_aranges
                0x00000170       0x58 Librerias/MCP3421.o
 .debug_aranges
                0x000001c8       0x98 Librerias/mcp9800.o
 .debug_aranges
                0x00000260       0x30 Librerias/pcf8575.o
 .debug_aranges
                0x00000290       0x48 Librerias/pines.o
 .debug_aranges
                0x000002d8       0x28 Librerias/PWM.o
 .debug_aranges
                0x00000300       0x28 Librerias/timer.o
 .debug_aranges
                0x00000328       0xb8 Librerias/UART.o
 .debug_aranges
                0x000003e0       0x98 main.o

.debug_pubnames
 *(.debug_pubnames)

.debug_info     0x00000000     0x7450
 *(.debug_info .gnu.linkonce.wi.*)
 .debug_info    0x00000000      0x5f4 C:/Users/Usuario/Desktop/clases/UADER/4to cuatrimestre/Sistemas digitales IV/microchipstudio/7.0/Packs/Atmel/ATmega_DFP/2.0.401/gcc/dev/atmega328p/avr5/crtatmega328p.o
 .debug_info    0x000005f4       0xb4 Librerias/ADC.o
 .debug_info    0x000006a8      0x795 Librerias/ControlValvulas.o
 .debug_info    0x00000e3d      0x4dd Librerias/FuncionesDerivadas.o
 .debug_info    0x0000131a      0x23f Librerias/FuncionesEprom.o
 .debug_info    0x00001559       0xed Librerias/i2c.o
 .debug_info    0x00001646      0x4fb Librerias/LCD_I2C.o
 .debug_info    0x00001b41      0x287 Librerias/MCP3421.o
 .debug_info    0x00001dc8      0xc11 Librerias/mcp9800.o
 .debug_info    0x000029d9      0x170 Librerias/pcf8575.o
 .debug_info    0x00002b49      0x179 Librerias/pines.o
 .debug_info    0x00002cc2       0xc9 Librerias/PWM.o
 .debug_info    0x00002d8b       0xa9 Librerias/timer.o
 .debug_info    0x00002e34     0x2549 Librerias/UART.o
 .debug_info    0x0000537d     0x20d3 main.o

.debug_abbrev   0x00000000     0x1693
 *(.debug_abbrev)
 .debug_abbrev  0x00000000      0x5a2 C:/Users/Usuario/Desktop/clases/UADER/4to cuatrimestre/Sistemas digitales IV/microchipstudio/7.0/Packs/Atmel/ATmega_DFP/2.0.401/gcc/dev/atmega328p/avr5/crtatmega328p.o
 .debug_abbrev  0x000005a2       0x7a Librerias/ADC.o
 .debug_abbrev  0x0000061c      0x112 Librerias/ControlValvulas.o
 .debug_abbrev  0x0000072e      0x12c Librerias/FuncionesDerivadas.o
 .debug_abbrev  0x0000085a      0x10d Librerias/FuncionesEprom.o
 .debug_abbrev  0x00000967       0x89 Librerias/i2c.o
 .debug_abbrev  0x000009f0      0x19a Librerias/LCD_I2C.o
 .debug_abbrev  0x00000b8a      0x128 Librerias/MCP3421.o
 .debug_abbrev  0x00000cb2      0x2bc Librerias/mcp9800.o
 .debug_abbrev  0x00000f6e       0xbb Librerias/pcf8575.o
 .debug_abbrev  0x00001029       0x8e Librerias/pines.o
 .debug_abbrev  0x000010b7       0x96 Librerias/PWM.o
 .debug_abbrev  0x0000114d       0x4f Librerias/timer.o
 .debug_abbrev  0x0000119c      0x269 Librerias/UART.o
 .debug_abbrev  0x00001405      0x28e main.o

.debug_line     0x00000000     0x33be
 *(.debug_line .debug_line.* .debug_line_end)
 .debug_line    0x00000000      0x134 C:/Users/Usuario/Desktop/clases/UADER/4to cuatrimestre/Sistemas digitales IV/microchipstudio/7.0/Packs/Atmel/ATmega_DFP/2.0.401/gcc/dev/atmega328p/avr5/crtatmega328p.o
 .debug_line    0x00000134      0x123 Librerias/ADC.o
 .debug_line    0x00000257      0x32f Librerias/ControlValvulas.o
 .debug_line    0x00000586      0x3a6 Librerias/FuncionesDerivadas.o
 .debug_line    0x0000092c      0x1df Librerias/FuncionesEprom.o
 .debug_line    0x00000b0b      0x15d Librerias/i2c.o
 .debug_line    0x00000c68      0x436 Librerias/LCD_I2C.o
 .debug_line    0x0000109e      0x22d Librerias/MCP3421.o
 .debug_line    0x000012cb      0x65a Librerias/mcp9800.o
 .debug_line    0x00001925      0x144 Librerias/pcf8575.o
 .debug_line    0x00001a69      0x18d Librerias/pines.o
 .debug_line    0x00001bf6      0x125 Librerias/PWM.o
 .debug_line    0x00001d1b      0x13b Librerias/timer.o
 .debug_line    0x00001e56      0x7ff Librerias/UART.o
 .debug_line    0x00002655      0xd69 main.o

.debug_frame    0x00000000      0xcb0
 *(.debug_frame)
 .debug_frame   0x00000000       0x34 Librerias/ADC.o
 .debug_frame   0x00000034       0xf4 Librerias/ControlValvulas.o
 .debug_frame   0x00000128       0xb0 Librerias/FuncionesDerivadas.o
 .debug_frame   0x000001d8       0xbc Librerias/FuncionesEprom.o
 .debug_frame   0x00000294       0x54 Librerias/i2c.o
 .debug_frame   0x000002e8       0xb0 Librerias/LCD_I2C.o
 .debug_frame   0x00000398       0xa0 Librerias/MCP3421.o
 .debug_frame   0x00000438      0x27c Librerias/mcp9800.o
 .debug_frame   0x000006b4       0x50 Librerias/pcf8575.o
 .debug_frame   0x00000704       0x74 Librerias/pines.o
 .debug_frame   0x00000778       0x34 Librerias/PWM.o
 .debug_frame   0x000007ac       0x34 Librerias/timer.o
 .debug_frame   0x000007e0      0x234 Librerias/UART.o
 .debug_frame   0x00000a14      0x29c main.o

.debug_str      0x00000000     0x14d5
 *(.debug_str)
 .debug_str     0x00000000      0x208 C:/Users/Usuario/Desktop/clases/UADER/4to cuatrimestre/Sistemas digitales IV/microchipstudio/7.0/Packs/Atmel/ATmega_DFP/2.0.401/gcc/dev/atmega328p/avr5/crtatmega328p.o
 .debug_str     0x00000208      0x15a Librerias/ADC.o
                                0x193 (size before relaxing)
 .debug_str     0x00000362      0x10d Librerias/ControlValvulas.o
                                0x26a (size before relaxing)
 .debug_str     0x0000046f      0x117 Librerias/FuncionesDerivadas.o
                                0x28f (size before relaxing)
 .debug_str     0x00000586       0x58 Librerias/FuncionesEprom.o
                                0x1fc (size before relaxing)
 .debug_str     0x000005de       0x48 Librerias/i2c.o
                                0x1ad (size before relaxing)
 .debug_str     0x00000626       0xe6 Librerias/LCD_I2C.o
                                0x268 (size before relaxing)
 .debug_str     0x0000070c       0x95 Librerias/MCP3421.o
                                0x20e (size before relaxing)
 .debug_str     0x000007a1      0x30d Librerias/mcp9800.o
                                0x55a (size before relaxing)
 .debug_str     0x00000aae       0x23 Librerias/pcf8575.o
                                0x1c6 (size before relaxing)
 .debug_str     0x00000ad1       0x85 Librerias/pines.o
                                0x230 (size before relaxing)
 .debug_str     0x00000b56       0x31 Librerias/PWM.o
                                0x197 (size before relaxing)
 .debug_str     0x00000b87       0x2d Librerias/timer.o
                                0x19b (size before relaxing)
 .debug_str     0x00000bb4      0x65f Librerias/UART.o
                                0x86c (size before relaxing)
 .debug_str     0x00001213      0x2c2 main.o
                                0x76f (size before relaxing)

.debug_loc      0x00000000     0x2ba7
 *(.debug_loc)
 .debug_loc     0x00000000       0x21 Librerias/ADC.o
 .debug_loc     0x00000021      0x234 Librerias/ControlValvulas.o
 .debug_loc     0x00000255      0x3ef Librerias/FuncionesDerivadas.o
 .debug_loc     0x00000644      0x302 Librerias/FuncionesEprom.o
 .debug_loc     0x00000946       0x2d Librerias/i2c.o
 .debug_loc     0x00000973      0x2e7 Librerias/LCD_I2C.o
 .debug_loc     0x00000c5a       0x9c Librerias/MCP3421.o
 .debug_loc     0x00000cf6      0xae8 Librerias/mcp9800.o
 .debug_loc     0x000017de       0x55 Librerias/pcf8575.o
 .debug_loc     0x00001833       0x60 Librerias/PWM.o
 .debug_loc     0x00001893      0x6aa Librerias/UART.o
 .debug_loc     0x00001f3d      0xc6a main.o

.debug_macinfo
 *(.debug_macinfo)

.debug_weaknames
 *(.debug_weaknames)

.debug_funcnames
 *(.debug_funcnames)

.debug_typenames
 *(.debug_typenames)

.debug_varnames
 *(.debug_varnames)

.debug_pubtypes
 *(.debug_pubtypes)

.debug_ranges   0x00000000      0x398
 *(.debug_ranges)
 .debug_ranges  0x00000000       0x18 Librerias/ADC.o
 .debug_ranges  0x00000018       0x38 Librerias/ControlValvulas.o
 .debug_ranges  0x00000050       0x28 Librerias/FuncionesDerivadas.o
 .debug_ranges  0x00000078       0x28 Librerias/FuncionesEprom.o
 .debug_ranges  0x000000a0       0x28 Librerias/i2c.o
 .debug_ranges  0x000000c8       0x48 Librerias/LCD_I2C.o
 .debug_ranges  0x00000110       0x48 Librerias/MCP3421.o
 .debug_ranges  0x00000158       0x88 Librerias/mcp9800.o
 .debug_ranges  0x000001e0       0x20 Librerias/pcf8575.o
 .debug_ranges  0x00000200       0x38 Librerias/pines.o
 .debug_ranges  0x00000238       0x18 Librerias/PWM.o
 .debug_ranges  0x00000250       0x18 Librerias/timer.o
 .debug_ranges  0x00000268       0xa8 Librerias/UART.o
 .debug_ranges  0x00000310       0x88 main.o

.debug_macro
 *(.debug_macro)
OUTPUT(tP.elf elf32-avr)
LOAD linker stubs
