Archive member included to satisfy reference by file (symbol)

c:/users/usuario/desktop/clases/uader/4to cuatrimestre/sistemas digitales iv/microchipstudio/7.0/toolchain/avr8/avr8-gnu-toolchain/bin/../lib/gcc/avr/5.4.0/../../../../avr/lib/avr5\libm.a(addsf3.o)
                              Librerias/mcp9800.o (__subsf3)
c:/users/usuario/desktop/clases/uader/4to cuatrimestre/sistemas digitales iv/microchipstudio/7.0/toolchain/avr8/avr8-gnu-toolchain/bin/../lib/gcc/avr/5.4.0/../../../../avr/lib/avr5\libm.a(addsf3x.o)
                              c:/users/usuario/desktop/clases/uader/4to cuatrimestre/sistemas digitales iv/microchipstudio/7.0/toolchain/avr8/avr8-gnu-toolchain/bin/../lib/gcc/avr/5.4.0/../../../../avr/lib/avr5\libm.a(addsf3.o) (__addsf3x)
c:/users/usuario/desktop/clases/uader/4to cuatrimestre/sistemas digitales iv/microchipstudio/7.0/toolchain/avr8/avr8-gnu-toolchain/bin/../lib/gcc/avr/5.4.0/../../../../avr/lib/avr5\libm.a(divsf3.o)
                              Librerias/MCP3421.o (__divsf3)
c:/users/usuario/desktop/clases/uader/4to cuatrimestre/sistemas digitales iv/microchipstudio/7.0/toolchain/avr8/avr8-gnu-toolchain/bin/../lib/gcc/avr/5.4.0/../../../../avr/lib/avr5\libm.a(divsf3x.o)
                              c:/users/usuario/desktop/clases/uader/4to cuatrimestre/sistemas digitales iv/microchipstudio/7.0/toolchain/avr8/avr8-gnu-toolchain/bin/../lib/gcc/avr/5.4.0/../../../../avr/lib/avr5\libm.a(divsf3.o) (__divsf3x)
c:/users/usuario/desktop/clases/uader/4to cuatrimestre/sistemas digitales iv/microchipstudio/7.0/toolchain/avr8/avr8-gnu-toolchain/bin/../lib/gcc/avr/5.4.0/../../../../avr/lib/avr5\libm.a(fixsfsi.o)
                              Librerias/MCP3421.o (__fixsfsi)
c:/users/usuario/desktop/clases/uader/4to cuatrimestre/sistemas digitales iv/microchipstudio/7.0/toolchain/avr8/avr8-gnu-toolchain/bin/../lib/gcc/avr/5.4.0/../../../../avr/lib/avr5\libm.a(fixunssfsi.o)
                              c:/users/usuario/desktop/clases/uader/4to cuatrimestre/sistemas digitales iv/microchipstudio/7.0/toolchain/avr8/avr8-gnu-toolchain/bin/../lib/gcc/avr/5.4.0/../../../../avr/lib/avr5\libm.a(fixsfsi.o) (__fixunssfsi)
c:/users/usuario/desktop/clases/uader/4to cuatrimestre/sistemas digitales iv/microchipstudio/7.0/toolchain/avr8/avr8-gnu-toolchain/bin/../lib/gcc/avr/5.4.0/../../../../avr/lib/avr5\libm.a(floatsisf.o)
                              Librerias/mcp9800.o (__floatunsisf)
c:/users/usuario/desktop/clases/uader/4to cuatrimestre/sistemas digitales iv/microchipstudio/7.0/toolchain/avr8/avr8-gnu-toolchain/bin/../lib/gcc/avr/5.4.0/../../../../avr/lib/avr5\libm.a(fp_inf.o)
                              c:/users/usuario/desktop/clases/uader/4to cuatrimestre/sistemas digitales iv/microchipstudio/7.0/toolchain/avr8/avr8-gnu-toolchain/bin/../lib/gcc/avr/5.4.0/../../../../avr/lib/avr5\libm.a(addsf3x.o) (__fp_inf)
c:/users/usuario/desktop/clases/uader/4to cuatrimestre/sistemas digitales iv/microchipstudio/7.0/toolchain/avr8/avr8-gnu-toolchain/bin/../lib/gcc/avr/5.4.0/../../../../avr/lib/avr5\libm.a(fp_nan.o)
                              c:/users/usuario/desktop/clases/uader/4to cuatrimestre/sistemas digitales iv/microchipstudio/7.0/toolchain/avr8/avr8-gnu-toolchain/bin/../lib/gcc/avr/5.4.0/../../../../avr/lib/avr5\libm.a(addsf3x.o) (__fp_nan)
c:/users/usuario/desktop/clases/uader/4to cuatrimestre/sistemas digitales iv/microchipstudio/7.0/toolchain/avr8/avr8-gnu-toolchain/bin/../lib/gcc/avr/5.4.0/../../../../avr/lib/avr5\libm.a(fp_pscA.o)
                              c:/users/usuario/desktop/clases/uader/4to cuatrimestre/sistemas digitales iv/microchipstudio/7.0/toolchain/avr8/avr8-gnu-toolchain/bin/../lib/gcc/avr/5.4.0/../../../../avr/lib/avr5\libm.a(addsf3x.o) (__fp_pscA)
c:/users/usuario/desktop/clases/uader/4to cuatrimestre/sistemas digitales iv/microchipstudio/7.0/toolchain/avr8/avr8-gnu-toolchain/bin/../lib/gcc/avr/5.4.0/../../../../avr/lib/avr5\libm.a(fp_pscB.o)
                              c:/users/usuario/desktop/clases/uader/4to cuatrimestre/sistemas digitales iv/microchipstudio/7.0/toolchain/avr8/avr8-gnu-toolchain/bin/../lib/gcc/avr/5.4.0/../../../../avr/lib/avr5\libm.a(addsf3x.o) (__fp_pscB)
c:/users/usuario/desktop/clases/uader/4to cuatrimestre/sistemas digitales iv/microchipstudio/7.0/toolchain/avr8/avr8-gnu-toolchain/bin/../lib/gcc/avr/5.4.0/../../../../avr/lib/avr5\libm.a(fp_round.o)
                              c:/users/usuario/desktop/clases/uader/4to cuatrimestre/sistemas digitales iv/microchipstudio/7.0/toolchain/avr8/avr8-gnu-toolchain/bin/../lib/gcc/avr/5.4.0/../../../../avr/lib/avr5\libm.a(addsf3.o) (__fp_round)
c:/users/usuario/desktop/clases/uader/4to cuatrimestre/sistemas digitales iv/microchipstudio/7.0/toolchain/avr8/avr8-gnu-toolchain/bin/../lib/gcc/avr/5.4.0/../../../../avr/lib/avr5\libm.a(fp_split3.o)
                              c:/users/usuario/desktop/clases/uader/4to cuatrimestre/sistemas digitales iv/microchipstudio/7.0/toolchain/avr8/avr8-gnu-toolchain/bin/../lib/gcc/avr/5.4.0/../../../../avr/lib/avr5\libm.a(addsf3x.o) (__fp_split3)
c:/users/usuario/desktop/clases/uader/4to cuatrimestre/sistemas digitales iv/microchipstudio/7.0/toolchain/avr8/avr8-gnu-toolchain/bin/../lib/gcc/avr/5.4.0/../../../../avr/lib/avr5\libm.a(fp_zero.o)
                              c:/users/usuario/desktop/clases/uader/4to cuatrimestre/sistemas digitales iv/microchipstudio/7.0/toolchain/avr8/avr8-gnu-toolchain/bin/../lib/gcc/avr/5.4.0/../../../../avr/lib/avr5\libm.a(addsf3x.o) (__fp_zero)
c:/users/usuario/desktop/clases/uader/4to cuatrimestre/sistemas digitales iv/microchipstudio/7.0/toolchain/avr8/avr8-gnu-toolchain/bin/../lib/gcc/avr/5.4.0/../../../../avr/lib/avr5\libm.a(mulsf3.o)
                              Librerias/MCP3421.o (__mulsf3)
c:/users/usuario/desktop/clases/uader/4to cuatrimestre/sistemas digitales iv/microchipstudio/7.0/toolchain/avr8/avr8-gnu-toolchain/bin/../lib/gcc/avr/5.4.0/../../../../avr/lib/avr5\libm.a(mulsf3x.o)
                              c:/users/usuario/desktop/clases/uader/4to cuatrimestre/sistemas digitales iv/microchipstudio/7.0/toolchain/avr8/avr8-gnu-toolchain/bin/../lib/gcc/avr/5.4.0/../../../../avr/lib/avr5\libm.a(mulsf3.o) (__mulsf3x)
c:/users/usuario/desktop/clases/uader/4to cuatrimestre/sistemas digitales iv/microchipstudio/7.0/toolchain/avr8/avr8-gnu-toolchain/bin/../lib/gcc/avr/5.4.0/avr5\libgcc.a(_exit.o)
                              C:/Users/Usuario/Desktop/clases/UADER/4to cuatrimestre/Sistemas digitales IV/microchipstudio/7.0/Packs/Atmel/ATmega_DFP/2.0.401/gcc/dev/atmega328p/avr5/crtatmega328p.o (exit)
c:/users/usuario/desktop/clases/uader/4to cuatrimestre/sistemas digitales iv/microchipstudio/7.0/toolchain/avr8/avr8-gnu-toolchain/bin/../lib/gcc/avr/5.4.0/avr5\libgcc.a(_tablejump2.o)
                              main.o (__tablejump2__)
c:/users/usuario/desktop/clases/uader/4to cuatrimestre/sistemas digitales iv/microchipstudio/7.0/toolchain/avr8/avr8-gnu-toolchain/bin/../lib/gcc/avr/5.4.0/avr5\libgcc.a(_copy_data.o)
                              Librerias/i2c.o (__do_copy_data)
c:/users/usuario/desktop/clases/uader/4to cuatrimestre/sistemas digitales iv/microchipstudio/7.0/toolchain/avr8/avr8-gnu-toolchain/bin/../lib/gcc/avr/5.4.0/avr5\libgcc.a(_clear_bss.o)
                              Librerias/MCP3421.o (__do_clear_bss)
c:/users/usuario/desktop/clases/uader/4to cuatrimestre/sistemas digitales iv/microchipstudio/7.0/toolchain/avr8/avr8-gnu-toolchain/bin/../lib/gcc/avr/5.4.0/../../../../avr/lib/avr5\libc.a(atoi.o)
                              Librerias/mcp9800.o (atoi)
c:/users/usuario/desktop/clases/uader/4to cuatrimestre/sistemas digitales iv/microchipstudio/7.0/toolchain/avr8/avr8-gnu-toolchain/bin/../lib/gcc/avr/5.4.0/../../../../avr/lib/avr5\libc.a(mul10.o)
                              c:/users/usuario/desktop/clases/uader/4to cuatrimestre/sistemas digitales iv/microchipstudio/7.0/toolchain/avr8/avr8-gnu-toolchain/bin/../lib/gcc/avr/5.4.0/../../../../avr/lib/avr5\libc.a(atoi.o) (__mulhi_const_10)
c:/users/usuario/desktop/clases/uader/4to cuatrimestre/sistemas digitales iv/microchipstudio/7.0/toolchain/avr8/avr8-gnu-toolchain/bin/../lib/gcc/avr/5.4.0/../../../../avr/lib/avr5\libc.a(sprintf.o)
                              Librerias/mcp9800.o (sprintf)
c:/users/usuario/desktop/clases/uader/4to cuatrimestre/sistemas digitales iv/microchipstudio/7.0/toolchain/avr8/avr8-gnu-toolchain/bin/../lib/gcc/avr/5.4.0/../../../../avr/lib/avr5\libc.a(vfprintf_std.o)
                              c:/users/usuario/desktop/clases/uader/4to cuatrimestre/sistemas digitales iv/microchipstudio/7.0/toolchain/avr8/avr8-gnu-toolchain/bin/../lib/gcc/avr/5.4.0/../../../../avr/lib/avr5\libc.a(sprintf.o) (vfprintf)
c:/users/usuario/desktop/clases/uader/4to cuatrimestre/sistemas digitales iv/microchipstudio/7.0/toolchain/avr8/avr8-gnu-toolchain/bin/../lib/gcc/avr/5.4.0/../../../../avr/lib/avr5\libc.a(strnlen_P.o)
                              c:/users/usuario/desktop/clases/uader/4to cuatrimestre/sistemas digitales iv/microchipstudio/7.0/toolchain/avr8/avr8-gnu-toolchain/bin/../lib/gcc/avr/5.4.0/../../../../avr/lib/avr5\libc.a(vfprintf_std.o) (strnlen_P)
c:/users/usuario/desktop/clases/uader/4to cuatrimestre/sistemas digitales iv/microchipstudio/7.0/toolchain/avr8/avr8-gnu-toolchain/bin/../lib/gcc/avr/5.4.0/../../../../avr/lib/avr5\libc.a(strnlen.o)
                              c:/users/usuario/desktop/clases/uader/4to cuatrimestre/sistemas digitales iv/microchipstudio/7.0/toolchain/avr8/avr8-gnu-toolchain/bin/../lib/gcc/avr/5.4.0/../../../../avr/lib/avr5\libc.a(vfprintf_std.o) (strnlen)
c:/users/usuario/desktop/clases/uader/4to cuatrimestre/sistemas digitales iv/microchipstudio/7.0/toolchain/avr8/avr8-gnu-toolchain/bin/../lib/gcc/avr/5.4.0/../../../../avr/lib/avr5\libc.a(fputc.o)
                              c:/users/usuario/desktop/clases/uader/4to cuatrimestre/sistemas digitales iv/microchipstudio/7.0/toolchain/avr8/avr8-gnu-toolchain/bin/../lib/gcc/avr/5.4.0/../../../../avr/lib/avr5\libc.a(vfprintf_std.o) (fputc)
c:/users/usuario/desktop/clases/uader/4to cuatrimestre/sistemas digitales iv/microchipstudio/7.0/toolchain/avr8/avr8-gnu-toolchain/bin/../lib/gcc/avr/5.4.0/../../../../avr/lib/avr5\libc.a(ultoa_invert.o)
                              c:/users/usuario/desktop/clases/uader/4to cuatrimestre/sistemas digitales iv/microchipstudio/7.0/toolchain/avr8/avr8-gnu-toolchain/bin/../lib/gcc/avr/5.4.0/../../../../avr/lib/avr5\libc.a(vfprintf_std.o) (__ultoa_invert)
c:/users/usuario/desktop/clases/uader/4to cuatrimestre/sistemas digitales iv/microchipstudio/7.0/toolchain/avr8/avr8-gnu-toolchain/bin/../lib/gcc/avr/5.4.0/avr5\libgcc.a(_prologue.o)
                              c:/users/usuario/desktop/clases/uader/4to cuatrimestre/sistemas digitales iv/microchipstudio/7.0/toolchain/avr8/avr8-gnu-toolchain/bin/../lib/gcc/avr/5.4.0/../../../../avr/lib/avr5\libc.a(sprintf.o) (__prologue_saves__)
c:/users/usuario/desktop/clases/uader/4to cuatrimestre/sistemas digitales iv/microchipstudio/7.0/toolchain/avr8/avr8-gnu-toolchain/bin/../lib/gcc/avr/5.4.0/avr5\libgcc.a(_epilogue.o)
                              c:/users/usuario/desktop/clases/uader/4to cuatrimestre/sistemas digitales iv/microchipstudio/7.0/toolchain/avr8/avr8-gnu-toolchain/bin/../lib/gcc/avr/5.4.0/../../../../avr/lib/avr5\libc.a(sprintf.o) (__epilogue_restores__)

Allocating common symbols
Common symbol       size              file

sign                0x1               Librerias/MCP3421.o
NivelPolvo1         0x2               main.o
PesoBidon           0x2               main.o
NivelPolvo4         0x2               main.o
NivelPolvo3         0x2               main.o
a1                  0x4               Librerias/MCP3421.o
NivelPolvo2         0x2               main.o
a3                  0x4               Librerias/MCP3421.o
a2                  0x4               Librerias/MCP3421.o
Buffer              0x18              main.o
DecisionMenuUart    0x1               main.o
str                 0xc               Librerias/MCP3421.o
TemperaturaBidon    0x2               main.o
a                   0x4               Librerias/MCP3421.o
Auxiliar            0x2               main.o

Discarded input sections

 .data          0x00000000        0x0 C:/Users/Usuario/Desktop/clases/UADER/4to cuatrimestre/Sistemas digitales IV/microchipstudio/7.0/Packs/Atmel/ATmega_DFP/2.0.401/gcc/dev/atmega328p/avr5/crtatmega328p.o
 .bss           0x00000000        0x0 C:/Users/Usuario/Desktop/clases/UADER/4to cuatrimestre/Sistemas digitales IV/microchipstudio/7.0/Packs/Atmel/ATmega_DFP/2.0.401/gcc/dev/atmega328p/avr5/crtatmega328p.o
 .text          0x00000000        0x0 Librerias/ADC.o
 .data          0x00000000        0x0 Librerias/ADC.o
 .bss           0x00000000        0x0 Librerias/ADC.o
 .text          0x00000000        0x0 Librerias/FuncionesEprom.o
 .data          0x00000000        0x0 Librerias/FuncionesEprom.o
 .bss           0x00000000        0x0 Librerias/FuncionesEprom.o
 .text          0x00000000        0x0 Librerias/i2c.o
 .data          0x00000000        0x0 Librerias/i2c.o
 .bss           0x00000000        0x0 Librerias/i2c.o
 .data.ejecucionUnica
                0x00000000        0x2 Librerias/i2c.o
 .text          0x00000000        0x0 Librerias/LCD_I2C.o
 .data          0x00000000        0x0 Librerias/LCD_I2C.o
 .bss           0x00000000        0x0 Librerias/LCD_I2C.o
 .text          0x00000000        0x0 Librerias/MCP3421.o
 .data          0x00000000        0x0 Librerias/MCP3421.o
 .bss           0x00000000        0x0 Librerias/MCP3421.o
 .text          0x00000000        0x0 Librerias/mcp9800.o
 .data          0x00000000        0x0 Librerias/mcp9800.o
 .bss           0x00000000        0x0 Librerias/mcp9800.o
 .text.mcp_init
                0x00000000        0x2 Librerias/mcp9800.o
 .text.mcp_set_one_shot
                0x00000000       0x4a Librerias/mcp9800.o
 .text.mcp_set_fault_queue
                0x00000000       0x52 Librerias/mcp9800.o
 .text.mcp_set_alert_mode
                0x00000000       0x4a Librerias/mcp9800.o
 .text.mcp_set_alert_polarity
                0x00000000       0x4e Librerias/mcp9800.o
 .text.mcp_set_alert_callback
                0x00000000        0x2 Librerias/mcp9800.o
 .text.mcp_set_temp_limits
                0x00000000       0x42 Librerias/mcp9800.o
 .text.mcp_read_config
                0x00000000       0x24 Librerias/mcp9800.o
 .text.mcp_read_temp
                0x00000000       0x28 Librerias/mcp9800.o
 .text.ImprimirTemperatura
                0x00000000      0x12e Librerias/mcp9800.o
 .text          0x00000000        0x0 Librerias/pcf8575.o
 .data          0x00000000        0x0 Librerias/pcf8575.o
 .bss           0x00000000        0x0 Librerias/pcf8575.o
 .text.EscribirPcf8575
                0x00000000       0x28 Librerias/pcf8575.o
 .text.PrenderTodo
                0x00000000        0xa Librerias/pcf8575.o
 .text.ApagarTodo
                0x00000000        0xa Librerias/pcf8575.o
 .debug_info    0x00000000      0x170 Librerias/pcf8575.o
 .debug_abbrev  0x00000000       0xbb Librerias/pcf8575.o
 .debug_loc     0x00000000       0x55 Librerias/pcf8575.o
 .debug_aranges
                0x00000000       0x30 Librerias/pcf8575.o
 .debug_ranges  0x00000000       0x20 Librerias/pcf8575.o
 .debug_line    0x00000000      0x138 Librerias/pcf8575.o
 .debug_str     0x00000000      0x1c6 Librerias/pcf8575.o
 .comment       0x00000000       0x31 Librerias/pcf8575.o
 .debug_frame   0x00000000       0x50 Librerias/pcf8575.o
 .text          0x00000000        0x0 Librerias/pines.o
 .data          0x00000000        0x0 Librerias/pines.o
 .bss           0x00000000        0x0 Librerias/pines.o
 COMMON         0x00000000        0x0 Librerias/pines.o
 .text          0x00000000        0x0 Librerias/PWM.o
 .data          0x00000000        0x0 Librerias/PWM.o
 .bss           0x00000000        0x0 Librerias/PWM.o
 .text          0x00000000        0x0 Librerias/UART.o
 .data          0x00000000        0x0 Librerias/UART.o
 .bss           0x00000000        0x0 Librerias/UART.o
 .text.EnviarTextoSeleccionarOpcion
                0x00000000        0xe Librerias/UART.o
 .text.MenuCambiarVolumenBidon
                0x00000000        0x2 Librerias/UART.o
 .progmem.data.MenuTamagno1
                0x00000000        0x8 Librerias/UART.o
 .progmem.data.MenuTamagno0
                0x00000000        0x8 Librerias/UART.o
 .progmem.data.MenuTamagno
                0x00000000       0x1f Librerias/UART.o
 .progmem.data.TextoFracaso1
                0x00000000       0x22 Librerias/UART.o
 .progmem.data.TextoFracaso
                0x00000000       0x33 Librerias/UART.o
 .progmem.data.TextoExito
                0x00000000       0x16 Librerias/UART.o
 .progmem.data.TextoElegir
                0x00000000       0x2f Librerias/UART.o
 COMMON         0x00000000        0x0 Librerias/UART.o
 .text          0x00000000        0x0 main.o
 .data          0x00000000        0x0 main.o
 .bss           0x00000000        0x0 main.o
 .data.resultado
                0x00000000        0x2 main.o
 .bss.Temp1     0x00000000        0x2 main.o
 .text          0x00000000        0x0 c:/users/usuario/desktop/clases/uader/4to cuatrimestre/sistemas digitales iv/microchipstudio/7.0/toolchain/avr8/avr8-gnu-toolchain/bin/../lib/gcc/avr/5.4.0/../../../../avr/lib/avr5\libm.a(addsf3.o)
 .data          0x00000000        0x0 c:/users/usuario/desktop/clases/uader/4to cuatrimestre/sistemas digitales iv/microchipstudio/7.0/toolchain/avr8/avr8-gnu-toolchain/bin/../lib/gcc/avr/5.4.0/../../../../avr/lib/avr5\libm.a(addsf3.o)
 .bss           0x00000000        0x0 c:/users/usuario/desktop/clases/uader/4to cuatrimestre/sistemas digitales iv/microchipstudio/7.0/toolchain/avr8/avr8-gnu-toolchain/bin/../lib/gcc/avr/5.4.0/../../../../avr/lib/avr5\libm.a(addsf3.o)
 .text          0x00000000        0x0 c:/users/usuario/desktop/clases/uader/4to cuatrimestre/sistemas digitales iv/microchipstudio/7.0/toolchain/avr8/avr8-gnu-toolchain/bin/../lib/gcc/avr/5.4.0/../../../../avr/lib/avr5\libm.a(addsf3x.o)
 .data          0x00000000        0x0 c:/users/usuario/desktop/clases/uader/4to cuatrimestre/sistemas digitales iv/microchipstudio/7.0/toolchain/avr8/avr8-gnu-toolchain/bin/../lib/gcc/avr/5.4.0/../../../../avr/lib/avr5\libm.a(addsf3x.o)
 .bss           0x00000000        0x0 c:/users/usuario/desktop/clases/uader/4to cuatrimestre/sistemas digitales iv/microchipstudio/7.0/toolchain/avr8/avr8-gnu-toolchain/bin/../lib/gcc/avr/5.4.0/../../../../avr/lib/avr5\libm.a(addsf3x.o)
 .text          0x00000000        0x0 c:/users/usuario/desktop/clases/uader/4to cuatrimestre/sistemas digitales iv/microchipstudio/7.0/toolchain/avr8/avr8-gnu-toolchain/bin/../lib/gcc/avr/5.4.0/../../../../avr/lib/avr5\libm.a(divsf3.o)
 .data          0x00000000        0x0 c:/users/usuario/desktop/clases/uader/4to cuatrimestre/sistemas digitales iv/microchipstudio/7.0/toolchain/avr8/avr8-gnu-toolchain/bin/../lib/gcc/avr/5.4.0/../../../../avr/lib/avr5\libm.a(divsf3.o)
 .bss           0x00000000        0x0 c:/users/usuario/desktop/clases/uader/4to cuatrimestre/sistemas digitales iv/microchipstudio/7.0/toolchain/avr8/avr8-gnu-toolchain/bin/../lib/gcc/avr/5.4.0/../../../../avr/lib/avr5\libm.a(divsf3.o)
 .text          0x00000000        0x0 c:/users/usuario/desktop/clases/uader/4to cuatrimestre/sistemas digitales iv/microchipstudio/7.0/toolchain/avr8/avr8-gnu-toolchain/bin/../lib/gcc/avr/5.4.0/../../../../avr/lib/avr5\libm.a(divsf3x.o)
 .data          0x00000000        0x0 c:/users/usuario/desktop/clases/uader/4to cuatrimestre/sistemas digitales iv/microchipstudio/7.0/toolchain/avr8/avr8-gnu-toolchain/bin/../lib/gcc/avr/5.4.0/../../../../avr/lib/avr5\libm.a(divsf3x.o)
 .bss           0x00000000        0x0 c:/users/usuario/desktop/clases/uader/4to cuatrimestre/sistemas digitales iv/microchipstudio/7.0/toolchain/avr8/avr8-gnu-toolchain/bin/../lib/gcc/avr/5.4.0/../../../../avr/lib/avr5\libm.a(divsf3x.o)
 .text          0x00000000        0x0 c:/users/usuario/desktop/clases/uader/4to cuatrimestre/sistemas digitales iv/microchipstudio/7.0/toolchain/avr8/avr8-gnu-toolchain/bin/../lib/gcc/avr/5.4.0/../../../../avr/lib/avr5\libm.a(fixsfsi.o)
 .data          0x00000000        0x0 c:/users/usuario/desktop/clases/uader/4to cuatrimestre/sistemas digitales iv/microchipstudio/7.0/toolchain/avr8/avr8-gnu-toolchain/bin/../lib/gcc/avr/5.4.0/../../../../avr/lib/avr5\libm.a(fixsfsi.o)
 .bss           0x00000000        0x0 c:/users/usuario/desktop/clases/uader/4to cuatrimestre/sistemas digitales iv/microchipstudio/7.0/toolchain/avr8/avr8-gnu-toolchain/bin/../lib/gcc/avr/5.4.0/../../../../avr/lib/avr5\libm.a(fixsfsi.o)
 .text          0x00000000        0x0 c:/users/usuario/desktop/clases/uader/4to cuatrimestre/sistemas digitales iv/microchipstudio/7.0/toolchain/avr8/avr8-gnu-toolchain/bin/../lib/gcc/avr/5.4.0/../../../../avr/lib/avr5\libm.a(fixunssfsi.o)
 .data          0x00000000        0x0 c:/users/usuario/desktop/clases/uader/4to cuatrimestre/sistemas digitales iv/microchipstudio/7.0/toolchain/avr8/avr8-gnu-toolchain/bin/../lib/gcc/avr/5.4.0/../../../../avr/lib/avr5\libm.a(fixunssfsi.o)
 .bss           0x00000000        0x0 c:/users/usuario/desktop/clases/uader/4to cuatrimestre/sistemas digitales iv/microchipstudio/7.0/toolchain/avr8/avr8-gnu-toolchain/bin/../lib/gcc/avr/5.4.0/../../../../avr/lib/avr5\libm.a(fixunssfsi.o)
 .text          0x00000000        0x0 c:/users/usuario/desktop/clases/uader/4to cuatrimestre/sistemas digitales iv/microchipstudio/7.0/toolchain/avr8/avr8-gnu-toolchain/bin/../lib/gcc/avr/5.4.0/../../../../avr/lib/avr5\libm.a(floatsisf.o)
 .data          0x00000000        0x0 c:/users/usuario/desktop/clases/uader/4to cuatrimestre/sistemas digitales iv/microchipstudio/7.0/toolchain/avr8/avr8-gnu-toolchain/bin/../lib/gcc/avr/5.4.0/../../../../avr/lib/avr5\libm.a(floatsisf.o)
 .bss           0x00000000        0x0 c:/users/usuario/desktop/clases/uader/4to cuatrimestre/sistemas digitales iv/microchipstudio/7.0/toolchain/avr8/avr8-gnu-toolchain/bin/../lib/gcc/avr/5.4.0/../../../../avr/lib/avr5\libm.a(floatsisf.o)
 .text          0x00000000        0x0 c:/users/usuario/desktop/clases/uader/4to cuatrimestre/sistemas digitales iv/microchipstudio/7.0/toolchain/avr8/avr8-gnu-toolchain/bin/../lib/gcc/avr/5.4.0/../../../../avr/lib/avr5\libm.a(fp_inf.o)
 .data          0x00000000        0x0 c:/users/usuario/desktop/clases/uader/4to cuatrimestre/sistemas digitales iv/microchipstudio/7.0/toolchain/avr8/avr8-gnu-toolchain/bin/../lib/gcc/avr/5.4.0/../../../../avr/lib/avr5\libm.a(fp_inf.o)
 .bss           0x00000000        0x0 c:/users/usuario/desktop/clases/uader/4to cuatrimestre/sistemas digitales iv/microchipstudio/7.0/toolchain/avr8/avr8-gnu-toolchain/bin/../lib/gcc/avr/5.4.0/../../../../avr/lib/avr5\libm.a(fp_inf.o)
 .text          0x00000000        0x0 c:/users/usuario/desktop/clases/uader/4to cuatrimestre/sistemas digitales iv/microchipstudio/7.0/toolchain/avr8/avr8-gnu-toolchain/bin/../lib/gcc/avr/5.4.0/../../../../avr/lib/avr5\libm.a(fp_nan.o)
 .data          0x00000000        0x0 c:/users/usuario/desktop/clases/uader/4to cuatrimestre/sistemas digitales iv/microchipstudio/7.0/toolchain/avr8/avr8-gnu-toolchain/bin/../lib/gcc/avr/5.4.0/../../../../avr/lib/avr5\libm.a(fp_nan.o)
 .bss           0x00000000        0x0 c:/users/usuario/desktop/clases/uader/4to cuatrimestre/sistemas digitales iv/microchipstudio/7.0/toolchain/avr8/avr8-gnu-toolchain/bin/../lib/gcc/avr/5.4.0/../../../../avr/lib/avr5\libm.a(fp_nan.o)
 .text          0x00000000        0x0 c:/users/usuario/desktop/clases/uader/4to cuatrimestre/sistemas digitales iv/microchipstudio/7.0/toolchain/avr8/avr8-gnu-toolchain/bin/../lib/gcc/avr/5.4.0/../../../../avr/lib/avr5\libm.a(fp_pscA.o)
 .data          0x00000000        0x0 c:/users/usuario/desktop/clases/uader/4to cuatrimestre/sistemas digitales iv/microchipstudio/7.0/toolchain/avr8/avr8-gnu-toolchain/bin/../lib/gcc/avr/5.4.0/../../../../avr/lib/avr5\libm.a(fp_pscA.o)
 .bss           0x00000000        0x0 c:/users/usuario/desktop/clases/uader/4to cuatrimestre/sistemas digitales iv/microchipstudio/7.0/toolchain/avr8/avr8-gnu-toolchain/bin/../lib/gcc/avr/5.4.0/../../../../avr/lib/avr5\libm.a(fp_pscA.o)
 .text          0x00000000        0x0 c:/users/usuario/desktop/clases/uader/4to cuatrimestre/sistemas digitales iv/microchipstudio/7.0/toolchain/avr8/avr8-gnu-toolchain/bin/../lib/gcc/avr/5.4.0/../../../../avr/lib/avr5\libm.a(fp_pscB.o)
 .data          0x00000000        0x0 c:/users/usuario/desktop/clases/uader/4to cuatrimestre/sistemas digitales iv/microchipstudio/7.0/toolchain/avr8/avr8-gnu-toolchain/bin/../lib/gcc/avr/5.4.0/../../../../avr/lib/avr5\libm.a(fp_pscB.o)
 .bss           0x00000000        0x0 c:/users/usuario/desktop/clases/uader/4to cuatrimestre/sistemas digitales iv/microchipstudio/7.0/toolchain/avr8/avr8-gnu-toolchain/bin/../lib/gcc/avr/5.4.0/../../../../avr/lib/avr5\libm.a(fp_pscB.o)
 .text          0x00000000        0x0 c:/users/usuario/desktop/clases/uader/4to cuatrimestre/sistemas digitales iv/microchipstudio/7.0/toolchain/avr8/avr8-gnu-toolchain/bin/../lib/gcc/avr/5.4.0/../../../../avr/lib/avr5\libm.a(fp_round.o)
 .data          0x00000000        0x0 c:/users/usuario/desktop/clases/uader/4to cuatrimestre/sistemas digitales iv/microchipstudio/7.0/toolchain/avr8/avr8-gnu-toolchain/bin/../lib/gcc/avr/5.4.0/../../../../avr/lib/avr5\libm.a(fp_round.o)
 .bss           0x00000000        0x0 c:/users/usuario/desktop/clases/uader/4to cuatrimestre/sistemas digitales iv/microchipstudio/7.0/toolchain/avr8/avr8-gnu-toolchain/bin/../lib/gcc/avr/5.4.0/../../../../avr/lib/avr5\libm.a(fp_round.o)
 .text          0x00000000        0x0 c:/users/usuario/desktop/clases/uader/4to cuatrimestre/sistemas digitales iv/microchipstudio/7.0/toolchain/avr8/avr8-gnu-toolchain/bin/../lib/gcc/avr/5.4.0/../../../../avr/lib/avr5\libm.a(fp_split3.o)
 .data          0x00000000        0x0 c:/users/usuario/desktop/clases/uader/4to cuatrimestre/sistemas digitales iv/microchipstudio/7.0/toolchain/avr8/avr8-gnu-toolchain/bin/../lib/gcc/avr/5.4.0/../../../../avr/lib/avr5\libm.a(fp_split3.o)
 .bss           0x00000000        0x0 c:/users/usuario/desktop/clases/uader/4to cuatrimestre/sistemas digitales iv/microchipstudio/7.0/toolchain/avr8/avr8-gnu-toolchain/bin/../lib/gcc/avr/5.4.0/../../../../avr/lib/avr5\libm.a(fp_split3.o)
 .text          0x00000000        0x0 c:/users/usuario/desktop/clases/uader/4to cuatrimestre/sistemas digitales iv/microchipstudio/7.0/toolchain/avr8/avr8-gnu-toolchain/bin/../lib/gcc/avr/5.4.0/../../../../avr/lib/avr5\libm.a(fp_zero.o)
 .data          0x00000000        0x0 c:/users/usuario/desktop/clases/uader/4to cuatrimestre/sistemas digitales iv/microchipstudio/7.0/toolchain/avr8/avr8-gnu-toolchain/bin/../lib/gcc/avr/5.4.0/../../../../avr/lib/avr5\libm.a(fp_zero.o)
 .bss           0x00000000        0x0 c:/users/usuario/desktop/clases/uader/4to cuatrimestre/sistemas digitales iv/microchipstudio/7.0/toolchain/avr8/avr8-gnu-toolchain/bin/../lib/gcc/avr/5.4.0/../../../../avr/lib/avr5\libm.a(fp_zero.o)
 .text          0x00000000        0x0 c:/users/usuario/desktop/clases/uader/4to cuatrimestre/sistemas digitales iv/microchipstudio/7.0/toolchain/avr8/avr8-gnu-toolchain/bin/../lib/gcc/avr/5.4.0/../../../../avr/lib/avr5\libm.a(mulsf3.o)
 .data          0x00000000        0x0 c:/users/usuario/desktop/clases/uader/4to cuatrimestre/sistemas digitales iv/microchipstudio/7.0/toolchain/avr8/avr8-gnu-toolchain/bin/../lib/gcc/avr/5.4.0/../../../../avr/lib/avr5\libm.a(mulsf3.o)
 .bss           0x00000000        0x0 c:/users/usuario/desktop/clases/uader/4to cuatrimestre/sistemas digitales iv/microchipstudio/7.0/toolchain/avr8/avr8-gnu-toolchain/bin/../lib/gcc/avr/5.4.0/../../../../avr/lib/avr5\libm.a(mulsf3.o)
 .text          0x00000000        0x0 c:/users/usuario/desktop/clases/uader/4to cuatrimestre/sistemas digitales iv/microchipstudio/7.0/toolchain/avr8/avr8-gnu-toolchain/bin/../lib/gcc/avr/5.4.0/../../../../avr/lib/avr5\libm.a(mulsf3x.o)
 .data          0x00000000        0x0 c:/users/usuario/desktop/clases/uader/4to cuatrimestre/sistemas digitales iv/microchipstudio/7.0/toolchain/avr8/avr8-gnu-toolchain/bin/../lib/gcc/avr/5.4.0/../../../../avr/lib/avr5\libm.a(mulsf3x.o)
 .bss           0x00000000        0x0 c:/users/usuario/desktop/clases/uader/4to cuatrimestre/sistemas digitales iv/microchipstudio/7.0/toolchain/avr8/avr8-gnu-toolchain/bin/../lib/gcc/avr/5.4.0/../../../../avr/lib/avr5\libm.a(mulsf3x.o)
 .text          0x00000000        0x0 c:/users/usuario/desktop/clases/uader/4to cuatrimestre/sistemas digitales iv/microchipstudio/7.0/toolchain/avr8/avr8-gnu-toolchain/bin/../lib/gcc/avr/5.4.0/avr5\libgcc.a(_exit.o)
 .data          0x00000000        0x0 c:/users/usuario/desktop/clases/uader/4to cuatrimestre/sistemas digitales iv/microchipstudio/7.0/toolchain/avr8/avr8-gnu-toolchain/bin/../lib/gcc/avr/5.4.0/avr5\libgcc.a(_exit.o)
 .bss           0x00000000        0x0 c:/users/usuario/desktop/clases/uader/4to cuatrimestre/sistemas digitales iv/microchipstudio/7.0/toolchain/avr8/avr8-gnu-toolchain/bin/../lib/gcc/avr/5.4.0/avr5\libgcc.a(_exit.o)
 .text.libgcc.mul
                0x00000000        0x0 c:/users/usuario/desktop/clases/uader/4to cuatrimestre/sistemas digitales iv/microchipstudio/7.0/toolchain/avr8/avr8-gnu-toolchain/bin/../lib/gcc/avr/5.4.0/avr5\libgcc.a(_exit.o)
 .text.libgcc.div
                0x00000000        0x0 c:/users/usuario/desktop/clases/uader/4to cuatrimestre/sistemas digitales iv/microchipstudio/7.0/toolchain/avr8/avr8-gnu-toolchain/bin/../lib/gcc/avr/5.4.0/avr5\libgcc.a(_exit.o)
 .text.libgcc   0x00000000        0x0 c:/users/usuario/desktop/clases/uader/4to cuatrimestre/sistemas digitales iv/microchipstudio/7.0/toolchain/avr8/avr8-gnu-toolchain/bin/../lib/gcc/avr/5.4.0/avr5\libgcc.a(_exit.o)
 .text.libgcc.prologue
                0x00000000        0x0 c:/users/usuario/desktop/clases/uader/4to cuatrimestre/sistemas digitales iv/microchipstudio/7.0/toolchain/avr8/avr8-gnu-toolchain/bin/../lib/gcc/avr/5.4.0/avr5\libgcc.a(_exit.o)
 .text.libgcc.builtins
                0x00000000        0x0 c:/users/usuario/desktop/clases/uader/4to cuatrimestre/sistemas digitales iv/microchipstudio/7.0/toolchain/avr8/avr8-gnu-toolchain/bin/../lib/gcc/avr/5.4.0/avr5\libgcc.a(_exit.o)
 .text.libgcc.fmul
                0x00000000        0x0 c:/users/usuario/desktop/clases/uader/4to cuatrimestre/sistemas digitales iv/microchipstudio/7.0/toolchain/avr8/avr8-gnu-toolchain/bin/../lib/gcc/avr/5.4.0/avr5\libgcc.a(_exit.o)
 .text.libgcc.fixed
                0x00000000        0x0 c:/users/usuario/desktop/clases/uader/4to cuatrimestre/sistemas digitales iv/microchipstudio/7.0/toolchain/avr8/avr8-gnu-toolchain/bin/../lib/gcc/avr/5.4.0/avr5\libgcc.a(_exit.o)
 .text          0x00000000        0x0 c:/users/usuario/desktop/clases/uader/4to cuatrimestre/sistemas digitales iv/microchipstudio/7.0/toolchain/avr8/avr8-gnu-toolchain/bin/../lib/gcc/avr/5.4.0/avr5\libgcc.a(_tablejump2.o)
 .data          0x00000000        0x0 c:/users/usuario/desktop/clases/uader/4to cuatrimestre/sistemas digitales iv/microchipstudio/7.0/toolchain/avr8/avr8-gnu-toolchain/bin/../lib/gcc/avr/5.4.0/avr5\libgcc.a(_tablejump2.o)
 .bss           0x00000000        0x0 c:/users/usuario/desktop/clases/uader/4to cuatrimestre/sistemas digitales iv/microchipstudio/7.0/toolchain/avr8/avr8-gnu-toolchain/bin/../lib/gcc/avr/5.4.0/avr5\libgcc.a(_tablejump2.o)
 .text.libgcc.mul
                0x00000000        0x0 c:/users/usuario/desktop/clases/uader/4to cuatrimestre/sistemas digitales iv/microchipstudio/7.0/toolchain/avr8/avr8-gnu-toolchain/bin/../lib/gcc/avr/5.4.0/avr5\libgcc.a(_tablejump2.o)
 .text.libgcc.div
                0x00000000        0x0 c:/users/usuario/desktop/clases/uader/4to cuatrimestre/sistemas digitales iv/microchipstudio/7.0/toolchain/avr8/avr8-gnu-toolchain/bin/../lib/gcc/avr/5.4.0/avr5\libgcc.a(_tablejump2.o)
 .text.libgcc.prologue
                0x00000000        0x0 c:/users/usuario/desktop/clases/uader/4to cuatrimestre/sistemas digitales iv/microchipstudio/7.0/toolchain/avr8/avr8-gnu-toolchain/bin/../lib/gcc/avr/5.4.0/avr5\libgcc.a(_tablejump2.o)
 .text.libgcc.builtins
                0x00000000        0x0 c:/users/usuario/desktop/clases/uader/4to cuatrimestre/sistemas digitales iv/microchipstudio/7.0/toolchain/avr8/avr8-gnu-toolchain/bin/../lib/gcc/avr/5.4.0/avr5\libgcc.a(_tablejump2.o)
 .text.libgcc.fmul
                0x00000000        0x0 c:/users/usuario/desktop/clases/uader/4to cuatrimestre/sistemas digitales iv/microchipstudio/7.0/toolchain/avr8/avr8-gnu-toolchain/bin/../lib/gcc/avr/5.4.0/avr5\libgcc.a(_tablejump2.o)
 .text.libgcc.fixed
                0x00000000        0x0 c:/users/usuario/desktop/clases/uader/4to cuatrimestre/sistemas digitales iv/microchipstudio/7.0/toolchain/avr8/avr8-gnu-toolchain/bin/../lib/gcc/avr/5.4.0/avr5\libgcc.a(_tablejump2.o)
 .text          0x00000000        0x0 c:/users/usuario/desktop/clases/uader/4to cuatrimestre/sistemas digitales iv/microchipstudio/7.0/toolchain/avr8/avr8-gnu-toolchain/bin/../lib/gcc/avr/5.4.0/avr5\libgcc.a(_copy_data.o)
 .data          0x00000000        0x0 c:/users/usuario/desktop/clases/uader/4to cuatrimestre/sistemas digitales iv/microchipstudio/7.0/toolchain/avr8/avr8-gnu-toolchain/bin/../lib/gcc/avr/5.4.0/avr5\libgcc.a(_copy_data.o)
 .bss           0x00000000        0x0 c:/users/usuario/desktop/clases/uader/4to cuatrimestre/sistemas digitales iv/microchipstudio/7.0/toolchain/avr8/avr8-gnu-toolchain/bin/../lib/gcc/avr/5.4.0/avr5\libgcc.a(_copy_data.o)
 .text.libgcc.mul
                0x00000000        0x0 c:/users/usuario/desktop/clases/uader/4to cuatrimestre/sistemas digitales iv/microchipstudio/7.0/toolchain/avr8/avr8-gnu-toolchain/bin/../lib/gcc/avr/5.4.0/avr5\libgcc.a(_copy_data.o)
 .text.libgcc.div
                0x00000000        0x0 c:/users/usuario/desktop/clases/uader/4to cuatrimestre/sistemas digitales iv/microchipstudio/7.0/toolchain/avr8/avr8-gnu-toolchain/bin/../lib/gcc/avr/5.4.0/avr5\libgcc.a(_copy_data.o)
 .text.libgcc   0x00000000        0x0 c:/users/usuario/desktop/clases/uader/4to cuatrimestre/sistemas digitales iv/microchipstudio/7.0/toolchain/avr8/avr8-gnu-toolchain/bin/../lib/gcc/avr/5.4.0/avr5\libgcc.a(_copy_data.o)
 .text.libgcc.prologue
                0x00000000        0x0 c:/users/usuario/desktop/clases/uader/4to cuatrimestre/sistemas digitales iv/microchipstudio/7.0/toolchain/avr8/avr8-gnu-toolchain/bin/../lib/gcc/avr/5.4.0/avr5\libgcc.a(_copy_data.o)
 .text.libgcc.builtins
                0x00000000        0x0 c:/users/usuario/desktop/clases/uader/4to cuatrimestre/sistemas digitales iv/microchipstudio/7.0/toolchain/avr8/avr8-gnu-toolchain/bin/../lib/gcc/avr/5.4.0/avr5\libgcc.a(_copy_data.o)
 .text.libgcc.fmul
                0x00000000        0x0 c:/users/usuario/desktop/clases/uader/4to cuatrimestre/sistemas digitales iv/microchipstudio/7.0/toolchain/avr8/avr8-gnu-toolchain/bin/../lib/gcc/avr/5.4.0/avr5\libgcc.a(_copy_data.o)
 .text.libgcc.fixed
                0x00000000        0x0 c:/users/usuario/desktop/clases/uader/4to cuatrimestre/sistemas digitales iv/microchipstudio/7.0/toolchain/avr8/avr8-gnu-toolchain/bin/../lib/gcc/avr/5.4.0/avr5\libgcc.a(_copy_data.o)
 .text          0x00000000        0x0 c:/users/usuario/desktop/clases/uader/4to cuatrimestre/sistemas digitales iv/microchipstudio/7.0/toolchain/avr8/avr8-gnu-toolchain/bin/../lib/gcc/avr/5.4.0/avr5\libgcc.a(_clear_bss.o)
 .data          0x00000000        0x0 c:/users/usuario/desktop/clases/uader/4to cuatrimestre/sistemas digitales iv/microchipstudio/7.0/toolchain/avr8/avr8-gnu-toolchain/bin/../lib/gcc/avr/5.4.0/avr5\libgcc.a(_clear_bss.o)
 .bss           0x00000000        0x0 c:/users/usuario/desktop/clases/uader/4to cuatrimestre/sistemas digitales iv/microchipstudio/7.0/toolchain/avr8/avr8-gnu-toolchain/bin/../lib/gcc/avr/5.4.0/avr5\libgcc.a(_clear_bss.o)
 .text.libgcc.mul
                0x00000000        0x0 c:/users/usuario/desktop/clases/uader/4to cuatrimestre/sistemas digitales iv/microchipstudio/7.0/toolchain/avr8/avr8-gnu-toolchain/bin/../lib/gcc/avr/5.4.0/avr5\libgcc.a(_clear_bss.o)
 .text.libgcc.div
                0x00000000        0x0 c:/users/usuario/desktop/clases/uader/4to cuatrimestre/sistemas digitales iv/microchipstudio/7.0/toolchain/avr8/avr8-gnu-toolchain/bin/../lib/gcc/avr/5.4.0/avr5\libgcc.a(_clear_bss.o)
 .text.libgcc   0x00000000        0x0 c:/users/usuario/desktop/clases/uader/4to cuatrimestre/sistemas digitales iv/microchipstudio/7.0/toolchain/avr8/avr8-gnu-toolchain/bin/../lib/gcc/avr/5.4.0/avr5\libgcc.a(_clear_bss.o)
 .text.libgcc.prologue
                0x00000000        0x0 c:/users/usuario/desktop/clases/uader/4to cuatrimestre/sistemas digitales iv/microchipstudio/7.0/toolchain/avr8/avr8-gnu-toolchain/bin/../lib/gcc/avr/5.4.0/avr5\libgcc.a(_clear_bss.o)
 .text.libgcc.builtins
                0x00000000        0x0 c:/users/usuario/desktop/clases/uader/4to cuatrimestre/sistemas digitales iv/microchipstudio/7.0/toolchain/avr8/avr8-gnu-toolchain/bin/../lib/gcc/avr/5.4.0/avr5\libgcc.a(_clear_bss.o)
 .text.libgcc.fmul
                0x00000000        0x0 c:/users/usuario/desktop/clases/uader/4to cuatrimestre/sistemas digitales iv/microchipstudio/7.0/toolchain/avr8/avr8-gnu-toolchain/bin/../lib/gcc/avr/5.4.0/avr5\libgcc.a(_clear_bss.o)
 .text.libgcc.fixed
                0x00000000        0x0 c:/users/usuario/desktop/clases/uader/4to cuatrimestre/sistemas digitales iv/microchipstudio/7.0/toolchain/avr8/avr8-gnu-toolchain/bin/../lib/gcc/avr/5.4.0/avr5\libgcc.a(_clear_bss.o)
 .text          0x00000000        0x0 c:/users/usuario/desktop/clases/uader/4to cuatrimestre/sistemas digitales iv/microchipstudio/7.0/toolchain/avr8/avr8-gnu-toolchain/bin/../lib/gcc/avr/5.4.0/../../../../avr/lib/avr5\libc.a(atoi.o)
 .data          0x00000000        0x0 c:/users/usuario/desktop/clases/uader/4to cuatrimestre/sistemas digitales iv/microchipstudio/7.0/toolchain/avr8/avr8-gnu-toolchain/bin/../lib/gcc/avr/5.4.0/../../../../avr/lib/avr5\libc.a(atoi.o)
 .bss           0x00000000        0x0 c:/users/usuario/desktop/clases/uader/4to cuatrimestre/sistemas digitales iv/microchipstudio/7.0/toolchain/avr8/avr8-gnu-toolchain/bin/../lib/gcc/avr/5.4.0/../../../../avr/lib/avr5\libc.a(atoi.o)
 .text          0x00000000        0x0 c:/users/usuario/desktop/clases/uader/4to cuatrimestre/sistemas digitales iv/microchipstudio/7.0/toolchain/avr8/avr8-gnu-toolchain/bin/../lib/gcc/avr/5.4.0/../../../../avr/lib/avr5\libc.a(mul10.o)
 .data          0x00000000        0x0 c:/users/usuario/desktop/clases/uader/4to cuatrimestre/sistemas digitales iv/microchipstudio/7.0/toolchain/avr8/avr8-gnu-toolchain/bin/../lib/gcc/avr/5.4.0/../../../../avr/lib/avr5\libc.a(mul10.o)
 .bss           0x00000000        0x0 c:/users/usuario/desktop/clases/uader/4to cuatrimestre/sistemas digitales iv/microchipstudio/7.0/toolchain/avr8/avr8-gnu-toolchain/bin/../lib/gcc/avr/5.4.0/../../../../avr/lib/avr5\libc.a(mul10.o)
 .text          0x00000000        0x0 c:/users/usuario/desktop/clases/uader/4to cuatrimestre/sistemas digitales iv/microchipstudio/7.0/toolchain/avr8/avr8-gnu-toolchain/bin/../lib/gcc/avr/5.4.0/../../../../avr/lib/avr5\libc.a(sprintf.o)
 .data          0x00000000        0x0 c:/users/usuario/desktop/clases/uader/4to cuatrimestre/sistemas digitales iv/microchipstudio/7.0/toolchain/avr8/avr8-gnu-toolchain/bin/../lib/gcc/avr/5.4.0/../../../../avr/lib/avr5\libc.a(sprintf.o)
 .bss           0x00000000        0x0 c:/users/usuario/desktop/clases/uader/4to cuatrimestre/sistemas digitales iv/microchipstudio/7.0/toolchain/avr8/avr8-gnu-toolchain/bin/../lib/gcc/avr/5.4.0/../../../../avr/lib/avr5\libc.a(sprintf.o)
 .text          0x00000000        0x0 c:/users/usuario/desktop/clases/uader/4to cuatrimestre/sistemas digitales iv/microchipstudio/7.0/toolchain/avr8/avr8-gnu-toolchain/bin/../lib/gcc/avr/5.4.0/../../../../avr/lib/avr5\libc.a(vfprintf_std.o)
 .data          0x00000000        0x0 c:/users/usuario/desktop/clases/uader/4to cuatrimestre/sistemas digitales iv/microchipstudio/7.0/toolchain/avr8/avr8-gnu-toolchain/bin/../lib/gcc/avr/5.4.0/../../../../avr/lib/avr5\libc.a(vfprintf_std.o)
 .bss           0x00000000        0x0 c:/users/usuario/desktop/clases/uader/4to cuatrimestre/sistemas digitales iv/microchipstudio/7.0/toolchain/avr8/avr8-gnu-toolchain/bin/../lib/gcc/avr/5.4.0/../../../../avr/lib/avr5\libc.a(vfprintf_std.o)
 .text          0x00000000        0x0 c:/users/usuario/desktop/clases/uader/4to cuatrimestre/sistemas digitales iv/microchipstudio/7.0/toolchain/avr8/avr8-gnu-toolchain/bin/../lib/gcc/avr/5.4.0/../../../../avr/lib/avr5\libc.a(strnlen_P.o)
 .data          0x00000000        0x0 c:/users/usuario/desktop/clases/uader/4to cuatrimestre/sistemas digitales iv/microchipstudio/7.0/toolchain/avr8/avr8-gnu-toolchain/bin/../lib/gcc/avr/5.4.0/../../../../avr/lib/avr5\libc.a(strnlen_P.o)
 .bss           0x00000000        0x0 c:/users/usuario/desktop/clases/uader/4to cuatrimestre/sistemas digitales iv/microchipstudio/7.0/toolchain/avr8/avr8-gnu-toolchain/bin/../lib/gcc/avr/5.4.0/../../../../avr/lib/avr5\libc.a(strnlen_P.o)
 .text          0x00000000        0x0 c:/users/usuario/desktop/clases/uader/4to cuatrimestre/sistemas digitales iv/microchipstudio/7.0/toolchain/avr8/avr8-gnu-toolchain/bin/../lib/gcc/avr/5.4.0/../../../../avr/lib/avr5\libc.a(strnlen.o)
 .data          0x00000000        0x0 c:/users/usuario/desktop/clases/uader/4to cuatrimestre/sistemas digitales iv/microchipstudio/7.0/toolchain/avr8/avr8-gnu-toolchain/bin/../lib/gcc/avr/5.4.0/../../../../avr/lib/avr5\libc.a(strnlen.o)
 .bss           0x00000000        0x0 c:/users/usuario/desktop/clases/uader/4to cuatrimestre/sistemas digitales iv/microchipstudio/7.0/toolchain/avr8/avr8-gnu-toolchain/bin/../lib/gcc/avr/5.4.0/../../../../avr/lib/avr5\libc.a(strnlen.o)
 .text          0x00000000        0x0 c:/users/usuario/desktop/clases/uader/4to cuatrimestre/sistemas digitales iv/microchipstudio/7.0/toolchain/avr8/avr8-gnu-toolchain/bin/../lib/gcc/avr/5.4.0/../../../../avr/lib/avr5\libc.a(fputc.o)
 .data          0x00000000        0x0 c:/users/usuario/desktop/clases/uader/4to cuatrimestre/sistemas digitales iv/microchipstudio/7.0/toolchain/avr8/avr8-gnu-toolchain/bin/../lib/gcc/avr/5.4.0/../../../../avr/lib/avr5\libc.a(fputc.o)
 .bss           0x00000000        0x0 c:/users/usuario/desktop/clases/uader/4to cuatrimestre/sistemas digitales iv/microchipstudio/7.0/toolchain/avr8/avr8-gnu-toolchain/bin/../lib/gcc/avr/5.4.0/../../../../avr/lib/avr5\libc.a(fputc.o)
 .text          0x00000000        0x0 c:/users/usuario/desktop/clases/uader/4to cuatrimestre/sistemas digitales iv/microchipstudio/7.0/toolchain/avr8/avr8-gnu-toolchain/bin/../lib/gcc/avr/5.4.0/../../../../avr/lib/avr5\libc.a(ultoa_invert.o)
 .data          0x00000000        0x0 c:/users/usuario/desktop/clases/uader/4to cuatrimestre/sistemas digitales iv/microchipstudio/7.0/toolchain/avr8/avr8-gnu-toolchain/bin/../lib/gcc/avr/5.4.0/../../../../avr/lib/avr5\libc.a(ultoa_invert.o)
 .bss           0x00000000        0x0 c:/users/usuario/desktop/clases/uader/4to cuatrimestre/sistemas digitales iv/microchipstudio/7.0/toolchain/avr8/avr8-gnu-toolchain/bin/../lib/gcc/avr/5.4.0/../../../../avr/lib/avr5\libc.a(ultoa_invert.o)
 .text          0x00000000        0x0 c:/users/usuario/desktop/clases/uader/4to cuatrimestre/sistemas digitales iv/microchipstudio/7.0/toolchain/avr8/avr8-gnu-toolchain/bin/../lib/gcc/avr/5.4.0/avr5\libgcc.a(_prologue.o)
 .data          0x00000000        0x0 c:/users/usuario/desktop/clases/uader/4to cuatrimestre/sistemas digitales iv/microchipstudio/7.0/toolchain/avr8/avr8-gnu-toolchain/bin/../lib/gcc/avr/5.4.0/avr5\libgcc.a(_prologue.o)
 .bss           0x00000000        0x0 c:/users/usuario/desktop/clases/uader/4to cuatrimestre/sistemas digitales iv/microchipstudio/7.0/toolchain/avr8/avr8-gnu-toolchain/bin/../lib/gcc/avr/5.4.0/avr5\libgcc.a(_prologue.o)
 .text.libgcc.mul
                0x00000000        0x0 c:/users/usuario/desktop/clases/uader/4to cuatrimestre/sistemas digitales iv/microchipstudio/7.0/toolchain/avr8/avr8-gnu-toolchain/bin/../lib/gcc/avr/5.4.0/avr5\libgcc.a(_prologue.o)
 .text.libgcc.div
                0x00000000        0x0 c:/users/usuario/desktop/clases/uader/4to cuatrimestre/sistemas digitales iv/microchipstudio/7.0/toolchain/avr8/avr8-gnu-toolchain/bin/../lib/gcc/avr/5.4.0/avr5\libgcc.a(_prologue.o)
 .text.libgcc   0x00000000        0x0 c:/users/usuario/desktop/clases/uader/4to cuatrimestre/sistemas digitales iv/microchipstudio/7.0/toolchain/avr8/avr8-gnu-toolchain/bin/../lib/gcc/avr/5.4.0/avr5\libgcc.a(_prologue.o)
 .text.libgcc.builtins
                0x00000000        0x0 c:/users/usuario/desktop/clases/uader/4to cuatrimestre/sistemas digitales iv/microchipstudio/7.0/toolchain/avr8/avr8-gnu-toolchain/bin/../lib/gcc/avr/5.4.0/avr5\libgcc.a(_prologue.o)
 .text.libgcc.fmul
                0x00000000        0x0 c:/users/usuario/desktop/clases/uader/4to cuatrimestre/sistemas digitales iv/microchipstudio/7.0/toolchain/avr8/avr8-gnu-toolchain/bin/../lib/gcc/avr/5.4.0/avr5\libgcc.a(_prologue.o)
 .text.libgcc.fixed
                0x00000000        0x0 c:/users/usuario/desktop/clases/uader/4to cuatrimestre/sistemas digitales iv/microchipstudio/7.0/toolchain/avr8/avr8-gnu-toolchain/bin/../lib/gcc/avr/5.4.0/avr5\libgcc.a(_prologue.o)
 .text          0x00000000        0x0 c:/users/usuario/desktop/clases/uader/4to cuatrimestre/sistemas digitales iv/microchipstudio/7.0/toolchain/avr8/avr8-gnu-toolchain/bin/../lib/gcc/avr/5.4.0/avr5\libgcc.a(_epilogue.o)
 .data          0x00000000        0x0 c:/users/usuario/desktop/clases/uader/4to cuatrimestre/sistemas digitales iv/microchipstudio/7.0/toolchain/avr8/avr8-gnu-toolchain/bin/../lib/gcc/avr/5.4.0/avr5\libgcc.a(_epilogue.o)
 .bss           0x00000000        0x0 c:/users/usuario/desktop/clases/uader/4to cuatrimestre/sistemas digitales iv/microchipstudio/7.0/toolchain/avr8/avr8-gnu-toolchain/bin/../lib/gcc/avr/5.4.0/avr5\libgcc.a(_epilogue.o)
 .text.libgcc.mul
                0x00000000        0x0 c:/users/usuario/desktop/clases/uader/4to cuatrimestre/sistemas digitales iv/microchipstudio/7.0/toolchain/avr8/avr8-gnu-toolchain/bin/../lib/gcc/avr/5.4.0/avr5\libgcc.a(_epilogue.o)
 .text.libgcc.div
                0x00000000        0x0 c:/users/usuario/desktop/clases/uader/4to cuatrimestre/sistemas digitales iv/microchipstudio/7.0/toolchain/avr8/avr8-gnu-toolchain/bin/../lib/gcc/avr/5.4.0/avr5\libgcc.a(_epilogue.o)
 .text.libgcc   0x00000000        0x0 c:/users/usuario/desktop/clases/uader/4to cuatrimestre/sistemas digitales iv/microchipstudio/7.0/toolchain/avr8/avr8-gnu-toolchain/bin/../lib/gcc/avr/5.4.0/avr5\libgcc.a(_epilogue.o)
 .text.libgcc.builtins
                0x00000000        0x0 c:/users/usuario/desktop/clases/uader/4to cuatrimestre/sistemas digitales iv/microchipstudio/7.0/toolchain/avr8/avr8-gnu-toolchain/bin/../lib/gcc/avr/5.4.0/avr5\libgcc.a(_epilogue.o)
 .text.libgcc.fmul
                0x00000000        0x0 c:/users/usuario/desktop/clases/uader/4to cuatrimestre/sistemas digitales iv/microchipstudio/7.0/toolchain/avr8/avr8-gnu-toolchain/bin/../lib/gcc/avr/5.4.0/avr5\libgcc.a(_epilogue.o)
 .text.libgcc.fixed
                0x00000000        0x0 c:/users/usuario/desktop/clases/uader/4to cuatrimestre/sistemas digitales iv/microchipstudio/7.0/toolchain/avr8/avr8-gnu-toolchain/bin/../lib/gcc/avr/5.4.0/avr5\libgcc.a(_epilogue.o)

Memory Configuration

Name             Origin             Length             Attributes
text             0x00000000         0x00008000         xr
data             0x00800100         0x00000800         rw !x
eeprom           0x00810000         0x00000400         rw !x
fuse             0x00820000         0x00000003         rw !x
lock             0x00830000         0x00000400         rw !x
signature        0x00840000         0x00000400         rw !x
user_signatures  0x00850000         0x00000400         rw !x
*default*        0x00000000         0xffffffff

Linker script and memory map

Address of section .data set to 0x800100
LOAD C:/Users/Usuario/Desktop/clases/UADER/4to cuatrimestre/Sistemas digitales IV/microchipstudio/7.0/Packs/Atmel/ATmega_DFP/2.0.401/gcc/dev/atmega328p/avr5/crtatmega328p.o
LOAD Librerias/ADC.o
LOAD Librerias/FuncionesEprom.o
LOAD Librerias/i2c.o
LOAD Librerias/LCD_I2C.o
LOAD Librerias/MCP3421.o
LOAD Librerias/mcp9800.o
LOAD Librerias/pcf8575.o
LOAD Librerias/pines.o
LOAD Librerias/PWM.o
LOAD Librerias/UART.o
LOAD main.o
START GROUP
LOAD c:/users/usuario/desktop/clases/uader/4to cuatrimestre/sistemas digitales iv/microchipstudio/7.0/toolchain/avr8/avr8-gnu-toolchain/bin/../lib/gcc/avr/5.4.0/../../../../avr/lib/avr5\libm.a
END GROUP
START GROUP
LOAD c:/users/usuario/desktop/clases/uader/4to cuatrimestre/sistemas digitales iv/microchipstudio/7.0/toolchain/avr8/avr8-gnu-toolchain/bin/../lib/gcc/avr/5.4.0/avr5\libgcc.a
LOAD c:/users/usuario/desktop/clases/uader/4to cuatrimestre/sistemas digitales iv/microchipstudio/7.0/toolchain/avr8/avr8-gnu-toolchain/bin/../lib/gcc/avr/5.4.0/../../../../avr/lib/avr5\libm.a
LOAD c:/users/usuario/desktop/clases/uader/4to cuatrimestre/sistemas digitales iv/microchipstudio/7.0/toolchain/avr8/avr8-gnu-toolchain/bin/../lib/gcc/avr/5.4.0/../../../../avr/lib/avr5\libc.a
LOAD C:/Users/Usuario/Desktop/clases/UADER/4to cuatrimestre/Sistemas digitales IV/microchipstudio/7.0/Packs/Atmel/ATmega_DFP/2.0.401/gcc/dev/atmega328p/avr5\libatmega328p.a
END GROUP
                0x00000000                __TEXT_REGION_ORIGIN__ = DEFINED (__TEXT_REGION_ORIGIN__)?__TEXT_REGION_ORIGIN__:0x0
                [0x00800100]                __DATA_REGION_ORIGIN__ = DEFINED (__DATA_REGION_ORIGIN__)?__DATA_REGION_ORIGIN__:0x800060
                [0x00008000]                __TEXT_REGION_LENGTH__ = DEFINED (__TEXT_REGION_LENGTH__)?__TEXT_REGION_LENGTH__:0x20000
                [0x00000800]                __DATA_REGION_LENGTH__ = DEFINED (__DATA_REGION_LENGTH__)?__DATA_REGION_LENGTH__:0xffa0
                [0x00000400]                __EEPROM_REGION_LENGTH__ = DEFINED (__EEPROM_REGION_LENGTH__)?__EEPROM_REGION_LENGTH__:0x10000
                [0x00000003]                __FUSE_REGION_LENGTH__ = DEFINED (__FUSE_REGION_LENGTH__)?__FUSE_REGION_LENGTH__:0x400
                0x00000400                __LOCK_REGION_LENGTH__ = DEFINED (__LOCK_REGION_LENGTH__)?__LOCK_REGION_LENGTH__:0x400
                0x00000400                __SIGNATURE_REGION_LENGTH__ = DEFINED (__SIGNATURE_REGION_LENGTH__)?__SIGNATURE_REGION_LENGTH__:0x400
                0x00000400                __USER_SIGNATURE_REGION_LENGTH__ = DEFINED (__USER_SIGNATURE_REGION_LENGTH__)?__USER_SIGNATURE_REGION_LENGTH__:0x400

.hash
 *(.hash)

.dynsym
 *(.dynsym)

.dynstr
 *(.dynstr)

.gnu.version
 *(.gnu.version)

.gnu.version_d
 *(.gnu.version_d)

.gnu.version_r
 *(.gnu.version_r)

.rel.init
 *(.rel.init)

.rela.init
 *(.rela.init)

.rel.text
 *(.rel.text)
 *(.rel.text.*)
 *(.rel.gnu.linkonce.t*)

.rela.text
 *(.rela.text)
 *(.rela.text.*)
 *(.rela.gnu.linkonce.t*)

.rel.fini
 *(.rel.fini)

.rela.fini
 *(.rela.fini)

.rel.rodata
 *(.rel.rodata)
 *(.rel.rodata.*)
 *(.rel.gnu.linkonce.r*)

.rela.rodata
 *(.rela.rodata)
 *(.rela.rodata.*)
 *(.rela.gnu.linkonce.r*)

.rel.data
 *(.rel.data)
 *(.rel.data.*)
 *(.rel.gnu.linkonce.d*)

.rela.data
 *(.rela.data)
 *(.rela.data.*)
 *(.rela.gnu.linkonce.d*)

.rel.ctors
 *(.rel.ctors)

.rela.ctors
 *(.rela.ctors)

.rel.dtors
 *(.rel.dtors)

.rela.dtors
 *(.rela.dtors)

.rel.got
 *(.rel.got)

.rela.got
 *(.rela.got)

.rel.bss
 *(.rel.bss)

.rela.bss
 *(.rela.bss)

.rel.plt
 *(.rel.plt)

.rela.plt
 *(.rela.plt)

.text           0x00000000     0x315c
 *(.vectors)
 .vectors       0x00000000       0x68 C:/Users/Usuario/Desktop/clases/UADER/4to cuatrimestre/Sistemas digitales IV/microchipstudio/7.0/Packs/Atmel/ATmega_DFP/2.0.401/gcc/dev/atmega328p/avr5/crtatmega328p.o
                0x00000000                __vector_default
                0x00000000                __vectors
 *(.vectors)
 *(.progmem.gcc*)
 .progmem.gcc_sw_table.MenuUart
                0x00000068       0x50 main.o
                0x000000b8                . = ALIGN (0x2)
                0x000000b8                __trampolines_start = .
 *(.trampolines)
 .trampolines   0x000000b8        0x0 linker stubs
 *(.trampolines*)
                0x000000b8                __trampolines_end = .
 *libprintf_flt.a:*(.progmem.data)
 *libc.a:*(.progmem.data)
 *(.progmem*)
 .progmem.data.MenuConfiguracion19
                0x000000b8       0x20 Librerias/UART.o
                0x000000b8                MenuConfiguracion19
 .progmem.data.MenuConfiguracion18
                0x000000d8       0x2e Librerias/UART.o
                0x000000d8                MenuConfiguracion18
 .progmem.data.MenuConfiguracion17
                0x00000106       0x2e Librerias/UART.o
                0x00000106                MenuConfiguracion17
 .progmem.data.MenuConfiguracion16
                0x00000134       0x2e Librerias/UART.o
                0x00000134                MenuConfiguracion16
 .progmem.data.MenuConfiguracion15
                0x00000162       0x2e Librerias/UART.o
                0x00000162                MenuConfiguracion15
 .progmem.data.MenuConfiguracion14
                0x00000190       0x35 Librerias/UART.o
                0x00000190                MenuConfiguracion14
 .progmem.data.MenuConfiguracion13
                0x000001c5       0x35 Librerias/UART.o
                0x000001c5                MenuConfiguracion13
 .progmem.data.MenuConfiguracion12
                0x000001fa       0x35 Librerias/UART.o
                0x000001fa                MenuConfiguracion12
 .progmem.data.MenuConfiguracion11
                0x0000022f       0x35 Librerias/UART.o
                0x0000022f                MenuConfiguracion11
 .progmem.data.MenuConfiguracion10
                0x00000264       0x2f Librerias/UART.o
                0x00000264                MenuConfiguracion10
 .progmem.data.MenuConfiguracion9
                0x00000293       0x2f Librerias/UART.o
                0x00000293                MenuConfiguracion9
 .progmem.data.MenuConfiguracion8
                0x000002c2       0x2f Librerias/UART.o
                0x000002c2                MenuConfiguracion8
 .progmem.data.MenuConfiguracion7
                0x000002f1       0x2f Librerias/UART.o
                0x000002f1                MenuConfiguracion7
 .progmem.data.MenuConfiguracion6
                0x00000320       0x20 Librerias/UART.o
                0x00000320                MenuConfiguracion6
 .progmem.data.MenuConfiguracion5
                0x00000340       0x29 Librerias/UART.o
                0x00000340                MenuConfiguracion5
 .progmem.data.MenuConfiguracion4
                0x00000369       0x29 Librerias/UART.o
                0x00000369                MenuConfiguracion4
 .progmem.data.MenuConfiguracion3
                0x00000392       0x29 Librerias/UART.o
                0x00000392                MenuConfiguracion3
 .progmem.data.MenuConfiguracion2
                0x000003bb       0x29 Librerias/UART.o
                0x000003bb                MenuConfiguracion2
 .progmem.data.MenuConfiguracion1
                0x000003e4       0x29 Librerias/UART.o
                0x000003e4                MenuConfiguracion1
 .progmem.data.MenuConfiguracion0
                0x0000040d       0x21 Librerias/UART.o
                0x0000040d                MenuConfiguracion0
 .progmem.data.Carpyy20
                0x0000042e       0x47 Librerias/UART.o
                0x0000042e                Carpyy20
 .progmem.data.Carpyy19
                0x00000475       0x47 Librerias/UART.o
                0x00000475                Carpyy19
 .progmem.data.Carpyy18
                0x000004bc       0x49 Librerias/UART.o
                0x000004bc                Carpyy18
 .progmem.data.Carpyy17
                0x00000505       0x48 Librerias/UART.o
                0x00000505                Carpyy17
 .progmem.data.Carpyy16
                0x0000054d       0x49 Librerias/UART.o
                0x0000054d                Carpyy16
 .progmem.data.Carpyy15
                0x00000596       0x49 Librerias/UART.o
                0x00000596                Carpyy15
 .progmem.data.Carpyy14
                0x000005df       0x49 Librerias/UART.o
                0x000005df                Carpyy14
 .progmem.data.Carpyy13
                0x00000628       0x47 Librerias/UART.o
                0x00000628                Carpyy13
 .progmem.data.Carpyy12
                0x0000066f       0x48 Librerias/UART.o
                0x0000066f                Carpyy12
 .progmem.data.Carpyy11
                0x000006b7       0x47 Librerias/UART.o
                0x000006b7                Carpyy11
 .progmem.data.Carpyy10
                0x000006fe       0x44 Librerias/UART.o
                0x000006fe                Carpyy10
 .progmem.data.Carpyy9
                0x00000742       0x57 Librerias/UART.o
                0x00000742                Carpyy9
 .progmem.data.Carpyy8
                0x00000799       0x5b Librerias/UART.o
                0x00000799                Carpyy8
 .progmem.data.Carpyy7
                0x000007f4       0x5a Librerias/UART.o
                0x000007f4                Carpyy7
 .progmem.data.Carpyy6
                0x0000084e       0x5a Librerias/UART.o
                0x0000084e                Carpyy6
 .progmem.data.Carpyy5
                0x000008a8       0x59 Librerias/UART.o
                0x000008a8                Carpyy5
 .progmem.data.Carpyy4
                0x00000901       0x58 Librerias/UART.o
                0x00000901                Carpyy4
 .progmem.data.Carpyy3
                0x00000959       0x4a Librerias/UART.o
                0x00000959                Carpyy3
 .progmem.data.Carpyy2
                0x000009a3       0x56 Librerias/UART.o
                0x000009a3                Carpyy2
 .progmem.data.Carpyy1
                0x000009f9       0x58 Librerias/UART.o
                0x000009f9                Carpyy1
 .progmem.data.Carpyy0
                0x00000a51       0x57 Librerias/UART.o
                0x00000a51                Carpyy0
 .progmem.data.Carpyy
                0x00000aa8       0x4f Librerias/UART.o
                0x00000aa8                Carpyy
 .progmem.data.MenuMediciones2
                0x00000af7       0x1a Librerias/UART.o
                0x00000af7                MenuMediciones2
 .progmem.data.MenuMediciones1
                0x00000b11       0x1a Librerias/UART.o
                0x00000b11                MenuMediciones1
 .progmem.data.MenuMediciones0
                0x00000b2b       0x1a Librerias/UART.o
                0x00000b2b                MenuMediciones0
 .progmem.data.Menu0_3
                0x00000b45       0x10 Librerias/UART.o
                0x00000b45                Menu0_3
 .progmem.data.Menu0_2
                0x00000b55       0x18 Librerias/UART.o
                0x00000b55                Menu0_2
 .progmem.data.Menu0_1
                0x00000b6d       0x19 Librerias/UART.o
                0x00000b6d                Menu0_1
 .progmem.data.Menu0_0
                0x00000b86       0x14 Librerias/UART.o
                0x00000b86                Menu0_0
 .progmem.data.Bienvenida8
                0x00000b9a       0x68 Librerias/UART.o
                0x00000b9a                Bienvenida8
 .progmem.data.Bienvenida7
                0x00000c02       0x68 Librerias/UART.o
                0x00000c02                Bienvenida7
 .progmem.data.Bienvenida6
                0x00000c6a       0x68 Librerias/UART.o
                0x00000c6a                Bienvenida6
 .progmem.data.Bienvenida5
                0x00000cd2       0x68 Librerias/UART.o
                0x00000cd2                Bienvenida5
 .progmem.data.Bienvenida4
                0x00000d3a       0x68 Librerias/UART.o
                0x00000d3a                Bienvenida4
 .progmem.data.Bienvenida3
                0x00000da2       0x68 Librerias/UART.o
                0x00000da2                Bienvenida3
 .progmem.data.Bienvenida2
                0x00000e0a       0x68 Librerias/UART.o
                0x00000e0a                Bienvenida2
 .progmem.data.Bienvenida1
                0x00000e72       0x67 Librerias/UART.o
                0x00000e72                Bienvenida1
 .progmem.data.Bienvenida0
                0x00000ed9       0x67 Librerias/UART.o
                0x00000ed9                Bienvenida0
 .progmem.data.TextoDosificador
                0x00000f40       0x3f Librerias/UART.o
                0x00000f40                TextoDosificador
 .progmem.data.TextoBidon
                0x00000f7f        0x9 Librerias/UART.o
                0x00000f7f                TextoBidon
 .progmem.data.TextoVolumen0
                0x00000f88        0x4 Librerias/UART.o
                0x00000f88                TextoVolumen0
 .progmem.data.TextoVolumen
                0x00000f8c        0xa Librerias/UART.o
                0x00000f8c                TextoVolumen
 .progmem.data.TextoTemperatura0
                0x00000f96        0x4 Librerias/UART.o
                0x00000f96                TextoTemperatura0
 .progmem.data.TextoTemperatura
                0x00000f9a        0xe Librerias/UART.o
                0x00000f9a                TextoTemperatura
 .progmem.data.TextoRegresar
                0x00000fa8       0x27 Librerias/UART.o
                0x00000fa8                TextoRegresar
                0x00000fd0                . = ALIGN (0x2)
 *fill*         0x00000fcf        0x1 
 *(.jumptables)
 *(.jumptables*)
 *(.lowtext)
 *(.lowtext*)
                0x00000fd0                __ctors_start = .
 *(.ctors)
                0x00000fd0                __ctors_end = .
                0x00000fd0                __dtors_start = .
 *(.dtors)
                0x00000fd0                __dtors_end = .
 SORT(*)(.ctors)
 SORT(*)(.dtors)
 *(.init0)
 .init0         0x00000fd0        0x0 C:/Users/Usuario/Desktop/clases/UADER/4to cuatrimestre/Sistemas digitales IV/microchipstudio/7.0/Packs/Atmel/ATmega_DFP/2.0.401/gcc/dev/atmega328p/avr5/crtatmega328p.o
                0x00000fd0                __init
 *(.init0)
 *(.init1)
 *(.init1)
 *(.init2)
 .init2         0x00000fd0        0xc C:/Users/Usuario/Desktop/clases/UADER/4to cuatrimestre/Sistemas digitales IV/microchipstudio/7.0/Packs/Atmel/ATmega_DFP/2.0.401/gcc/dev/atmega328p/avr5/crtatmega328p.o
 *(.init2)
 *(.init3)
 *(.init3)
 *(.init4)
 .init4         0x00000fdc       0x16 c:/users/usuario/desktop/clases/uader/4to cuatrimestre/sistemas digitales iv/microchipstudio/7.0/toolchain/avr8/avr8-gnu-toolchain/bin/../lib/gcc/avr/5.4.0/avr5\libgcc.a(_copy_data.o)
                0x00000fdc                __do_copy_data
 .init4         0x00000ff2       0x10 c:/users/usuario/desktop/clases/uader/4to cuatrimestre/sistemas digitales iv/microchipstudio/7.0/toolchain/avr8/avr8-gnu-toolchain/bin/../lib/gcc/avr/5.4.0/avr5\libgcc.a(_clear_bss.o)
                0x00000ff2                __do_clear_bss
 *(.init4)
 *(.init5)
 *(.init5)
 *(.init6)
 *(.init6)
 *(.init7)
 *(.init7)
 *(.init8)
 *(.init8)
 *(.init9)
 .init9         0x00001002        0x8 C:/Users/Usuario/Desktop/clases/UADER/4to cuatrimestre/Sistemas digitales IV/microchipstudio/7.0/Packs/Atmel/ATmega_DFP/2.0.401/gcc/dev/atmega328p/avr5/crtatmega328p.o
 *(.init9)
 *(.text)
 .text          0x0000100a        0x4 C:/Users/Usuario/Desktop/clases/UADER/4to cuatrimestre/Sistemas digitales IV/microchipstudio/7.0/Packs/Atmel/ATmega_DFP/2.0.401/gcc/dev/atmega328p/avr5/crtatmega328p.o
                0x0000100a                __vector_22
                0x0000100a                __vector_1
                0x0000100a                __vector_24
                0x0000100a                __vector_12
                0x0000100a                __bad_interrupt
                0x0000100a                __vector_6
                0x0000100a                __vector_3
                0x0000100a                __vector_23
                0x0000100a                __vector_25
                0x0000100a                __vector_13
                0x0000100a                __vector_17
                0x0000100a                __vector_19
                0x0000100a                __vector_7
                0x0000100a                __vector_5
                0x0000100a                __vector_4
                0x0000100a                __vector_9
                0x0000100a                __vector_2
                0x0000100a                __vector_21
                0x0000100a                __vector_15
                0x0000100a                __vector_8
                0x0000100a                __vector_14
                0x0000100a                __vector_10
                0x0000100a                __vector_16
                0x0000100a                __vector_18
                0x0000100a                __vector_20
                0x0000100e                . = ALIGN (0x2)
 *(.text.*)
 .text.iniciar_ADC
                0x0000100e       0x22 Librerias/ADC.o
                0x0000100e                iniciar_ADC
 .text.leer_ADC
                0x00001030       0x24 Librerias/ADC.o
                0x00001030                leer_ADC
 .text.EPROM_Write
                0x00001054       0x18 Librerias/FuncionesEprom.o
                0x00001054                EPROM_Write
 .text.EPROM_Read
                0x0000106c       0x12 Librerias/FuncionesEprom.o
                0x0000106c                EPROM_Read
 .text.EPROM_Write_String
                0x0000107e       0x74 Librerias/FuncionesEprom.o
                0x0000107e                EPROM_Write_String
 .text.EPROM_Read_String
                0x000010f2       0x5a Librerias/FuncionesEprom.o
                0x000010f2                EPROM_Read_String
 .text.i2c_init
                0x0000114c        0xc Librerias/i2c.o
                0x0000114c                i2c_init
 .text.i2c_start
                0x00001158       0x10 Librerias/i2c.o
                0x00001158                i2c_start
 .text.i2c_write
                0x00001168       0x14 Librerias/i2c.o
                0x00001168                i2c_write
 .text.i2c_stop
                0x0000117c       0x10 Librerias/i2c.o
                0x0000117c                i2c_stop
 .text.enviarPulsoEnable
                0x0000118c       0x3e Librerias/LCD_I2C.o
                0x0000118c                enviarPulsoEnable
 .text.enviarComando4Bits
                0x000011ca       0x50 Librerias/LCD_I2C.o
                0x000011ca                enviarComando4Bits
 .text.enviarComando
                0x0000121a       0x94 Librerias/LCD_I2C.o
                0x0000121a                enviarComando
 .text.escribirDato
                0x000012ae       0x94 Librerias/LCD_I2C.o
                0x000012ae                escribirDato
 .text.lcd_init
                0x00001342       0x64 Librerias/LCD_I2C.o
                0x00001342                lcd_init
 .text.escribirEnLCD
                0x000013a6       0x1a Librerias/LCD_I2C.o
                0x000013a6                escribirEnLCD
 .text.limpiar_LCD
                0x000013c0       0x16 Librerias/LCD_I2C.o
                0x000013c0                limpiar_LCD
 .text.SiguienteTextoLCD
                0x000013d6       0x2c Librerias/LCD_I2C.o
                0x000013d6                SiguienteTextoLCD
 .text.TWI_ini  0x00001402        0x8 Librerias/MCP3421.o
                0x00001402                TWI_ini
 .text.TWI_Start
                0x0000140a       0x10 Librerias/MCP3421.o
                0x0000140a                TWI_Start
 .text.TWI_Sendbyte
                0x0000141a       0x14 Librerias/MCP3421.o
                0x0000141a                TWI_Sendbyte
 .text.TWI_Receivebytes
                0x0000142e       0x7a Librerias/MCP3421.o
                0x0000142e                TWI_Receivebytes
 .text.TWI_Stop
                0x000014a8        0x8 Librerias/MCP3421.o
                0x000014a8                TWI_Stop
 .text.MCP3421_config
                0x000014b0       0x16 Librerias/MCP3421.o
                0x000014b0                MCP3421_config
 .text.MCP3421_read
                0x000014c6       0x66 Librerias/MCP3421.o
                0x000014c6                MCP3421_read
 .text.PesarAgua
                0x0000152c       0x48 Librerias/MCP3421.o
                0x0000152c                PesarAgua
 .text.i2c_read
                0x00001574       0xca Librerias/mcp9800.o
                0x00001574                i2c_read
 .text.i2c_wwrite
                0x0000163e       0x8e Librerias/mcp9800.o
                0x0000163e                i2c_wwrite
 .text.mcp_set_adc_resolution
                0x000016cc       0x4a Librerias/mcp9800.o
                0x000016cc                mcp_set_adc_resolution
 .text.mcp_set_power_mode
                0x00001716       0x40 Librerias/mcp9800.o
                0x00001716                mcp_set_power_mode
 .text.mcp_read_temp_float
                0x00001756       0x82 Librerias/mcp9800.o
                0x00001756                mcp_read_temp_float
 .text.LeerTemperatura
                0x000017d8      0x11e Librerias/mcp9800.o
                0x000017d8                LeerTemperatura
 .text.ConfigurarPinesSensores
                0x000018f6       0x1a Librerias/pines.o
                0x000018f6                ConfigurarPinesSensores
 .text.LeerSensorPuerta
                0x00001910       0x14 Librerias/pines.o
                0x00001910                LeerSensorPuerta
 .text.LeerSensorTaza
                0x00001924       0x16 Librerias/pines.o
                0x00001924                LeerSensorTaza
 .text.ConfigurarBotones
                0x0000193a       0x1a Librerias/pines.o
                0x0000193a                ConfigurarBotones
 .text.LeerBotonSeleccionar
                0x00001954       0x16 Librerias/pines.o
                0x00001954                LeerBotonSeleccionar
 .text.LeerBotonAceptar
                0x0000196a       0x18 Librerias/pines.o
                0x0000196a                LeerBotonAceptar
 .text.PWM_init
                0x00001982       0x22 Librerias/PWM.o
                0x00001982                PWM_init
 .text.PWM_update
                0x000019a4       0x2e Librerias/PWM.o
                0x000019a4                PWM_update
 .text.uart_init
                0x000019d2       0x18 Librerias/UART.o
                0x000019d2                uart_init
 .text.uart_send_char
                0x000019ea        0xe Librerias/UART.o
                0x000019ea                uart_send_char
 .text.uart_send_string
                0x000019f8       0x1a Librerias/UART.o
                0x000019f8                uart_send_string
 .text.uart_send_newline
                0x00001a12        0xe Librerias/UART.o
                0x00001a12                uart_send_newline
 .text.uart_receive_char
                0x00001a20        0xe Librerias/UART.o
                0x00001a20                uart_receive_char
 .text.echo_serial
                0x00001a2e       0x16 Librerias/UART.o
                0x00001a2e                echo_serial
 .text.MandarStringdesdePrograma
                0x00001a44       0x1e Librerias/UART.o
                0x00001a44                MandarStringdesdePrograma
 .text.Bienvenida
                0x00001a62       0x76 Librerias/UART.o
                0x00001a62                Bienvenida
 .text.Carpy    0x00001ad8      0x112 Librerias/UART.o
                0x00001ad8                Carpy
 .text.MenuInicial
                0x00001bea       0x3e Librerias/UART.o
                0x00001bea                MenuInicial
 .text.MenuMediciones
                0x00001c28      0x18e Librerias/UART.o
                0x00001c28                MenuMediciones
 .text.MenuConfiguraciones
                0x00001db6       0xfe Librerias/UART.o
                0x00001db6                MenuConfiguraciones
 .text.ConfiguracionPredeterminada
                0x00001eb4      0x174 main.o
                0x00001eb4                ConfiguracionPredeterminada
 .text.ConfiguracionIncialEeprom
                0x00002028       0x3e main.o
                0x00002028                ConfiguracionIncialEeprom
 .text.MedirBidon
                0x00002066       0x26 main.o
                0x00002066                MedirBidon
 .text.ControlarTemperatura
                0x0000208c       0x34 main.o
                0x0000208c                ControlarTemperatura
 .text.MenuNivelesLcd
                0x000020c0      0x198 main.o
                0x000020c0                MenuNivelesLcd
 .text.IniciarTemporizador
                0x00002258       0x28 main.o
                0x00002258                IniciarTemporizador
 .text.LeerBotones
                0x00002280       0x82 main.o
                0x00002280                LeerBotones
 .text.LeerSensores
                0x00002302       0x12 main.o
                0x00002302                LeerSensores
 .text.MedicionPolvos
                0x00002314       0xe6 main.o
                0x00002314                MedicionPolvos
 .text.MedirVariables
                0x000023fa       0x12 main.o
                0x000023fa                MedirVariables
 .text.ConfiguracionIncial
                0x0000240c       0x28 main.o
                0x0000240c                ConfiguracionIncial
 .text.MenuUart
                0x00002434      0x190 main.o
                0x00002434                MenuUart
 .text.main     0x000025c4       0x2a main.o
                0x000025c4                main
 .text.__vector_11
                0x000025ee      0x11e main.o
                0x000025ee                __vector_11
 .text.avr-libc.fplib
                0x0000270c        0xe c:/users/usuario/desktop/clases/uader/4to cuatrimestre/sistemas digitales iv/microchipstudio/7.0/toolchain/avr8/avr8-gnu-toolchain/bin/../lib/gcc/avr/5.4.0/../../../../avr/lib/avr5\libm.a(addsf3.o)
                0x0000270c                __subsf3
                0x0000270e                __addsf3
 .text.avr-libc.fplib
                0x0000271a       0xcc c:/users/usuario/desktop/clases/uader/4to cuatrimestre/sistemas digitales iv/microchipstudio/7.0/toolchain/avr8/avr8-gnu-toolchain/bin/../lib/gcc/avr/5.4.0/../../../../avr/lib/avr5\libm.a(addsf3x.o)
                0x0000273c                __addsf3x
 .text.avr-libc.fplib
                0x000027e6        0x8 c:/users/usuario/desktop/clases/uader/4to cuatrimestre/sistemas digitales iv/microchipstudio/7.0/toolchain/avr8/avr8-gnu-toolchain/bin/../lib/gcc/avr/5.4.0/../../../../avr/lib/avr5\libm.a(divsf3.o)
                0x000027e6                __divsf3
 .text.avr-libc.fplib
                0x000027ee       0xdc c:/users/usuario/desktop/clases/uader/4to cuatrimestre/sistemas digitales iv/microchipstudio/7.0/toolchain/avr8/avr8-gnu-toolchain/bin/../lib/gcc/avr/5.4.0/../../../../avr/lib/avr5\libm.a(divsf3x.o)
                0x0000280e                __divsf3x
                0x00002814                __divsf3_pse
 .text.avr-libc.fplib
                0x000028ca        0xe c:/users/usuario/desktop/clases/uader/4to cuatrimestre/sistemas digitales iv/microchipstudio/7.0/toolchain/avr8/avr8-gnu-toolchain/bin/../lib/gcc/avr/5.4.0/../../../../avr/lib/avr5\libm.a(fixsfsi.o)
                0x000028ca                __fixsfsi
 .text.avr-libc.fplib
                0x000028d8       0x5e c:/users/usuario/desktop/clases/uader/4to cuatrimestre/sistemas digitales iv/microchipstudio/7.0/toolchain/avr8/avr8-gnu-toolchain/bin/../lib/gcc/avr/5.4.0/../../../../avr/lib/avr5\libm.a(fixunssfsi.o)
                0x000028d8                __fixunssfsi
 .text.avr-libc.fplib
                0x00002936       0x7a c:/users/usuario/desktop/clases/uader/4to cuatrimestre/sistemas digitales iv/microchipstudio/7.0/toolchain/avr8/avr8-gnu-toolchain/bin/../lib/gcc/avr/5.4.0/../../../../avr/lib/avr5\libm.a(floatsisf.o)
                0x00002936                __floatunsisf
                0x0000293a                __floatsisf
 .text.avr-libc.fplib
                0x000029b0        0xc c:/users/usuario/desktop/clases/uader/4to cuatrimestre/sistemas digitales iv/microchipstudio/7.0/toolchain/avr8/avr8-gnu-toolchain/bin/../lib/gcc/avr/5.4.0/../../../../avr/lib/avr5\libm.a(fp_inf.o)
                0x000029b0                __fp_inf
 .text.avr-libc.fplib
                0x000029bc        0x6 c:/users/usuario/desktop/clases/uader/4to cuatrimestre/sistemas digitales iv/microchipstudio/7.0/toolchain/avr8/avr8-gnu-toolchain/bin/../lib/gcc/avr/5.4.0/../../../../avr/lib/avr5\libm.a(fp_nan.o)
                0x000029bc                __fp_nan
 .text.avr-libc.fplib
                0x000029c2        0xe c:/users/usuario/desktop/clases/uader/4to cuatrimestre/sistemas digitales iv/microchipstudio/7.0/toolchain/avr8/avr8-gnu-toolchain/bin/../lib/gcc/avr/5.4.0/../../../../avr/lib/avr5\libm.a(fp_pscA.o)
                0x000029c2                __fp_pscA
 .text.avr-libc.fplib
                0x000029d0        0xe c:/users/usuario/desktop/clases/uader/4to cuatrimestre/sistemas digitales iv/microchipstudio/7.0/toolchain/avr8/avr8-gnu-toolchain/bin/../lib/gcc/avr/5.4.0/../../../../avr/lib/avr5\libm.a(fp_pscB.o)
                0x000029d0                __fp_pscB
 .text.avr-libc.fplib
                0x000029de       0x22 c:/users/usuario/desktop/clases/uader/4to cuatrimestre/sistemas digitales iv/microchipstudio/7.0/toolchain/avr8/avr8-gnu-toolchain/bin/../lib/gcc/avr/5.4.0/../../../../avr/lib/avr5\libm.a(fp_round.o)
                0x000029de                __fp_round
 .text.avr-libc.fplib
                0x00002a00       0x44 c:/users/usuario/desktop/clases/uader/4to cuatrimestre/sistemas digitales iv/microchipstudio/7.0/toolchain/avr8/avr8-gnu-toolchain/bin/../lib/gcc/avr/5.4.0/../../../../avr/lib/avr5\libm.a(fp_split3.o)
                0x00002a00                __fp_split3
                0x00002a10                __fp_splitA
 .text.avr-libc.fplib
                0x00002a44        0xe c:/users/usuario/desktop/clases/uader/4to cuatrimestre/sistemas digitales iv/microchipstudio/7.0/toolchain/avr8/avr8-gnu-toolchain/bin/../lib/gcc/avr/5.4.0/../../../../avr/lib/avr5\libm.a(fp_zero.o)
                0x00002a44                __fp_zero
                0x00002a46                __fp_szero
 .text.avr-libc.fplib
                0x00002a52        0x8 c:/users/usuario/desktop/clases/uader/4to cuatrimestre/sistemas digitales iv/microchipstudio/7.0/toolchain/avr8/avr8-gnu-toolchain/bin/../lib/gcc/avr/5.4.0/../../../../avr/lib/avr5\libm.a(mulsf3.o)
                0x00002a52                __mulsf3
 .text.avr-libc.fplib
                0x00002a5a       0xd2 c:/users/usuario/desktop/clases/uader/4to cuatrimestre/sistemas digitales iv/microchipstudio/7.0/toolchain/avr8/avr8-gnu-toolchain/bin/../lib/gcc/avr/5.4.0/../../../../avr/lib/avr5\libm.a(mulsf3x.o)
                0x00002a78                __mulsf3x
                0x00002a7e                __mulsf3_pse
 .text.libgcc   0x00002b2c        0xc c:/users/usuario/desktop/clases/uader/4to cuatrimestre/sistemas digitales iv/microchipstudio/7.0/toolchain/avr8/avr8-gnu-toolchain/bin/../lib/gcc/avr/5.4.0/avr5\libgcc.a(_tablejump2.o)
                0x00002b2c                __tablejump2__
 .text.avr-libc
                0x00002b38       0x3c c:/users/usuario/desktop/clases/uader/4to cuatrimestre/sistemas digitales iv/microchipstudio/7.0/toolchain/avr8/avr8-gnu-toolchain/bin/../lib/gcc/avr/5.4.0/../../../../avr/lib/avr5\libc.a(atoi.o)
                0x00002b38                atoi
 .text.avr-libc
                0x00002b74       0x10 c:/users/usuario/desktop/clases/uader/4to cuatrimestre/sistemas digitales iv/microchipstudio/7.0/toolchain/avr8/avr8-gnu-toolchain/bin/../lib/gcc/avr/5.4.0/../../../../avr/lib/avr5\libc.a(mul10.o)
                0x00002b74                __mulhi_const_10
 .text.avr-libc
                0x00002b84       0x44 c:/users/usuario/desktop/clases/uader/4to cuatrimestre/sistemas digitales iv/microchipstudio/7.0/toolchain/avr8/avr8-gnu-toolchain/bin/../lib/gcc/avr/5.4.0/../../../../avr/lib/avr5\libc.a(sprintf.o)
                0x00002b84                sprintf
 .text.avr-libc
                0x00002bc8      0x3c2 c:/users/usuario/desktop/clases/uader/4to cuatrimestre/sistemas digitales iv/microchipstudio/7.0/toolchain/avr8/avr8-gnu-toolchain/bin/../lib/gcc/avr/5.4.0/../../../../avr/lib/avr5\libc.a(vfprintf_std.o)
                0x00002bc8                vfprintf
 .text.avr-libc
                0x00002f8a       0x16 c:/users/usuario/desktop/clases/uader/4to cuatrimestre/sistemas digitales iv/microchipstudio/7.0/toolchain/avr8/avr8-gnu-toolchain/bin/../lib/gcc/avr/5.4.0/../../../../avr/lib/avr5\libc.a(strnlen_P.o)
                0x00002f8a                strnlen_P
 .text.avr-libc
                0x00002fa0       0x16 c:/users/usuario/desktop/clases/uader/4to cuatrimestre/sistemas digitales iv/microchipstudio/7.0/toolchain/avr8/avr8-gnu-toolchain/bin/../lib/gcc/avr/5.4.0/../../../../avr/lib/avr5\libc.a(strnlen.o)
                0x00002fa0                strnlen
 .text.avr-libc
                0x00002fb6       0x78 c:/users/usuario/desktop/clases/uader/4to cuatrimestre/sistemas digitales iv/microchipstudio/7.0/toolchain/avr8/avr8-gnu-toolchain/bin/../lib/gcc/avr/5.4.0/../../../../avr/lib/avr5\libc.a(fputc.o)
                0x00002fb6                fputc
 .text.avr-libc
                0x0000302e       0xbc c:/users/usuario/desktop/clases/uader/4to cuatrimestre/sistemas digitales iv/microchipstudio/7.0/toolchain/avr8/avr8-gnu-toolchain/bin/../lib/gcc/avr/5.4.0/../../../../avr/lib/avr5\libc.a(ultoa_invert.o)
                0x0000302e                __ultoa_invert
 .text.libgcc.prologue
                0x000030ea       0x38 c:/users/usuario/desktop/clases/uader/4to cuatrimestre/sistemas digitales iv/microchipstudio/7.0/toolchain/avr8/avr8-gnu-toolchain/bin/../lib/gcc/avr/5.4.0/avr5\libgcc.a(_prologue.o)
                0x000030ea                __prologue_saves__
 .text.libgcc.prologue
                0x00003122       0x36 c:/users/usuario/desktop/clases/uader/4to cuatrimestre/sistemas digitales iv/microchipstudio/7.0/toolchain/avr8/avr8-gnu-toolchain/bin/../lib/gcc/avr/5.4.0/avr5\libgcc.a(_epilogue.o)
                0x00003122                __epilogue_restores__
                0x00003158                . = ALIGN (0x2)
 *(.fini9)
 .fini9         0x00003158        0x0 c:/users/usuario/desktop/clases/uader/4to cuatrimestre/sistemas digitales iv/microchipstudio/7.0/toolchain/avr8/avr8-gnu-toolchain/bin/../lib/gcc/avr/5.4.0/avr5\libgcc.a(_exit.o)
                0x00003158                _exit
                0x00003158                exit
 *(.fini9)
 *(.fini8)
 *(.fini8)
 *(.fini7)
 *(.fini7)
 *(.fini6)
 *(.fini6)
 *(.fini5)
 *(.fini5)
 *(.fini4)
 *(.fini4)
 *(.fini3)
 *(.fini3)
 *(.fini2)
 *(.fini2)
 *(.fini1)
 *(.fini1)
 *(.fini0)
 .fini0         0x00003158        0x4 c:/users/usuario/desktop/clases/uader/4to cuatrimestre/sistemas digitales iv/microchipstudio/7.0/toolchain/avr8/avr8-gnu-toolchain/bin/../lib/gcc/avr/5.4.0/avr5\libgcc.a(_exit.o)
 *(.fini0)
                0x0000315c                _etext = .

.data           0x00800100      0x162 load address 0x0000315c
                0x00800100                PROVIDE (__data_start, .)
 *(.data)
 *(.data*)
 *(.gnu.linkonce.d*)
 *(.rodata)
 .rodata        0x00800100       0x1e main.o
 *(.rodata*)
 .rodata.str1.1
                0x0080011e        0x0 Librerias/LCD_I2C.o
                                  0x2 (size before relaxing)
 .rodata.str1.1
                0x0080011e       0x1b Librerias/mcp9800.o
                                 0x1c (size before relaxing)
 .rodata.str1.1
                0x00800139       0x2c Librerias/UART.o
                                 0x2f (size before relaxing)
 .rodata.str1.1
                0x00800165       0xfc main.o
                                 0xff (size before relaxing)
 *(.gnu.linkonce.r*)
                0x00800262                . = ALIGN (0x2)
 *fill*         0x00800261        0x1 
                0x00800262                _edata = .
                0x00800262                PROVIDE (__data_end, .)

.bss            0x00800262       0x52
                0x00800262                PROVIDE (__bss_start, .)
 *(.bss)
 *(.bss*)
 .bss.BotonAceptar
                0x00800262        0x1 Librerias/pines.o
                0x00800262                BotonAceptar
 .bss.BotonSeleccionar
                0x00800263        0x1 Librerias/pines.o
                0x00800263                BotonSeleccionar
 .bss.SensorPuerta
                0x00800264        0x1 Librerias/pines.o
                0x00800264                SensorPuerta
 .bss.SensorTaza
                0x00800265        0x1 Librerias/pines.o
                0x00800265                SensorTaza
 .bss.Simultaneidad
                0x00800266        0x1 main.o
                0x00800266                Simultaneidad
 .bss.ContadorTiempo
                0x00800267        0x2 main.o
                0x00800267                ContadorTiempo
 .bss.ContadorAuxiliar
                0x00800269        0x2 main.o
                0x00800269                ContadorAuxiliar
 .bss.BotonAceptarr
                0x0080026b        0x1 main.o
                0x0080026b                BotonAceptarr
 .bss.BotonSeleccionarr
                0x0080026c        0x1 main.o
                0x0080026c                BotonSeleccionarr
 .bss.SelectorMenuLCD
                0x0080026d        0x1 main.o
                0x0080026d                SelectorMenuLCD
 .bss.SensorrPuerta
                0x0080026e        0x1 main.o
                0x0080026e                SensorrPuerta
 .bss.SensorrTaza
                0x0080026f        0x1 main.o
                0x0080026f                SensorrTaza
 *(COMMON)
 COMMON         0x00800270       0x1d Librerias/MCP3421.o
                0x00800270                sign
                0x00800271                a1
                0x00800275                a3
                0x00800279                a2
                0x0080027d                str
                0x00800289                a
 COMMON         0x0080028d       0x27 main.o
                0x0080028d                NivelPolvo1
                0x0080028f                PesoBidon
                0x00800291                NivelPolvo4
                0x00800293                NivelPolvo3
                0x00800295                NivelPolvo2
                0x00800297                Buffer
                0x008002af                DecisionMenuUart
                0x008002b0                TemperaturaBidon
                0x008002b2                Auxiliar
                0x008002b4                PROVIDE (__bss_end, .)
                0x0000315c                __data_load_start = LOADADDR (.data)
                0x000032be                __data_load_end = (__data_load_start + SIZEOF (.data))

.noinit         0x008002b4        0x0
                [!provide]                PROVIDE (__noinit_start, .)
 *(.noinit*)
                [!provide]                PROVIDE (__noinit_end, .)
                0x008002b4                _end = .
                [!provide]                PROVIDE (__heap_start, .)

.eeprom         0x00810000        0x0
 *(.eeprom*)
                0x00810000                __eeprom_end = .

.fuse
 *(.fuse)
 *(.lfuse)
 *(.hfuse)
 *(.efuse)

.lock
 *(.lock*)

.signature
 *(.signature*)

.user_signatures
 *(.user_signatures*)

.stab
 *(.stab)

.stabstr
 *(.stabstr)

.stab.excl
 *(.stab.excl)

.stab.exclstr
 *(.stab.exclstr)

.stab.index
 *(.stab.index)

.stab.indexstr
 *(.stab.indexstr)

.comment        0x00000000       0x5c
 *(.comment)
 .comment       0x00000000       0x30 Librerias/ADC.o
                                 0x31 (size before relaxing)
 .comment       0x00000030       0x31 Librerias/FuncionesEprom.o
 .comment       0x00000030       0x31 Librerias/i2c.o
 .comment       0x00000030       0x31 Librerias/LCD_I2C.o
 .comment       0x00000030       0x31 Librerias/MCP3421.o
 .comment       0x00000030       0x31 Librerias/mcp9800.o
 .comment       0x00000030       0x31 Librerias/pines.o
 .comment       0x00000030       0x31 Librerias/PWM.o
 .comment       0x00000030       0x31 Librerias/UART.o
 .comment       0x00000030       0x31 main.o
 .comment       0x00000030       0x31 c:/users/usuario/desktop/clases/uader/4to cuatrimestre/sistemas digitales iv/microchipstudio/7.0/toolchain/avr8/avr8-gnu-toolchain/bin/../lib/gcc/avr/5.4.0/../../../../avr/lib/avr5\libc.a(sprintf.o)
 .comment       0x00000030       0x2c c:/users/usuario/desktop/clases/uader/4to cuatrimestre/sistemas digitales iv/microchipstudio/7.0/toolchain/avr8/avr8-gnu-toolchain/bin/../lib/gcc/avr/5.4.0/../../../../avr/lib/avr5\libc.a(vfprintf_std.o)
                                 0x2d (size before relaxing)
 .comment       0x0000005c       0x31 c:/users/usuario/desktop/clases/uader/4to cuatrimestre/sistemas digitales iv/microchipstudio/7.0/toolchain/avr8/avr8-gnu-toolchain/bin/../lib/gcc/avr/5.4.0/../../../../avr/lib/avr5\libc.a(fputc.o)

.note.gnu.avr.deviceinfo
                0x00000000       0x40
 .note.gnu.avr.deviceinfo
                0x00000000       0x40 C:/Users/Usuario/Desktop/clases/UADER/4to cuatrimestre/Sistemas digitales IV/microchipstudio/7.0/Packs/Atmel/ATmega_DFP/2.0.401/gcc/dev/atmega328p/avr5/crtatmega328p.o

.note.gnu.build-id
 *(.note.gnu.build-id)

.debug
 *(.debug)

.line
 *(.line)

.debug_srcinfo
 *(.debug_srcinfo)

.debug_sfnames
 *(.debug_sfnames)

.debug_aranges  0x00000000      0x360
 *(.debug_aranges)
 .debug_aranges
                0x00000000       0x28 Librerias/ADC.o
 .debug_aranges
                0x00000028       0x38 Librerias/FuncionesEprom.o
 .debug_aranges
                0x00000060       0x38 Librerias/i2c.o
 .debug_aranges
                0x00000098       0x58 Librerias/LCD_I2C.o
 .debug_aranges
                0x000000f0       0x58 Librerias/MCP3421.o
 .debug_aranges
                0x00000148       0x98 Librerias/mcp9800.o
 .debug_aranges
                0x000001e0       0x48 Librerias/pines.o
 .debug_aranges
                0x00000228       0x28 Librerias/PWM.o
 .debug_aranges
                0x00000250       0x88 Librerias/UART.o
 .debug_aranges
                0x000002d8       0x88 main.o

.debug_pubnames
 *(.debug_pubnames)

.debug_info     0x00000000     0x44f5
 *(.debug_info .gnu.linkonce.wi.*)
 .debug_info    0x00000000      0x5f4 C:/Users/Usuario/Desktop/clases/UADER/4to cuatrimestre/Sistemas digitales IV/microchipstudio/7.0/Packs/Atmel/ATmega_DFP/2.0.401/gcc/dev/atmega328p/avr5/crtatmega328p.o
 .debug_info    0x000005f4       0xb4 Librerias/ADC.o
 .debug_info    0x000006a8      0x23f Librerias/FuncionesEprom.o
 .debug_info    0x000008e7       0xed Librerias/i2c.o
 .debug_info    0x000009d4      0x4fb Librerias/LCD_I2C.o
 .debug_info    0x00000ecf      0x287 Librerias/MCP3421.o
 .debug_info    0x00001156      0xa61 Librerias/mcp9800.o
 .debug_info    0x00001bb7      0x179 Librerias/pines.o
 .debug_info    0x00001d30       0xc9 Librerias/PWM.o
 .debug_info    0x00001df9     0x176d Librerias/UART.o
 .debug_info    0x00003566      0xf8f main.o

.debug_abbrev   0x00000000     0x1208
 *(.debug_abbrev)
 .debug_abbrev  0x00000000      0x5a2 C:/Users/Usuario/Desktop/clases/UADER/4to cuatrimestre/Sistemas digitales IV/microchipstudio/7.0/Packs/Atmel/ATmega_DFP/2.0.401/gcc/dev/atmega328p/avr5/crtatmega328p.o
 .debug_abbrev  0x000005a2       0x7a Librerias/ADC.o
 .debug_abbrev  0x0000061c      0x10d Librerias/FuncionesEprom.o
 .debug_abbrev  0x00000729       0x89 Librerias/i2c.o
 .debug_abbrev  0x000007b2      0x19a Librerias/LCD_I2C.o
 .debug_abbrev  0x0000094c      0x128 Librerias/MCP3421.o
 .debug_abbrev  0x00000a74      0x23e Librerias/mcp9800.o
 .debug_abbrev  0x00000cb2       0x8e Librerias/pines.o
 .debug_abbrev  0x00000d40       0x96 Librerias/PWM.o
 .debug_abbrev  0x00000dd6      0x1f6 Librerias/UART.o
 .debug_abbrev  0x00000fcc      0x23c main.o

.debug_line     0x00000000     0x2286
 *(.debug_line .debug_line.* .debug_line_end)
 .debug_line    0x00000000      0x134 C:/Users/Usuario/Desktop/clases/UADER/4to cuatrimestre/Sistemas digitales IV/microchipstudio/7.0/Packs/Atmel/ATmega_DFP/2.0.401/gcc/dev/atmega328p/avr5/crtatmega328p.o
 .debug_line    0x00000134      0x123 Librerias/ADC.o
 .debug_line    0x00000257      0x1d2 Librerias/FuncionesEprom.o
 .debug_line    0x00000429      0x15d Librerias/i2c.o
 .debug_line    0x00000586      0x436 Librerias/LCD_I2C.o
 .debug_line    0x000009bc      0x22d Librerias/MCP3421.o
 .debug_line    0x00000be9      0x58e Librerias/mcp9800.o
 .debug_line    0x00001177      0x18d Librerias/pines.o
 .debug_line    0x00001304      0x125 Librerias/PWM.o
 .debug_line    0x00001429      0x617 Librerias/UART.o
 .debug_line    0x00001a40      0x846 main.o

.debug_frame    0x00000000      0x9ac
 *(.debug_frame)
 .debug_frame   0x00000000       0x34 Librerias/ADC.o
 .debug_frame   0x00000034       0xbc Librerias/FuncionesEprom.o
 .debug_frame   0x000000f0       0x54 Librerias/i2c.o
 .debug_frame   0x00000144       0xb0 Librerias/LCD_I2C.o
 .debug_frame   0x000001f4       0xa0 Librerias/MCP3421.o
 .debug_frame   0x00000294      0x27c Librerias/mcp9800.o
 .debug_frame   0x00000510       0x74 Librerias/pines.o
 .debug_frame   0x00000584       0x34 Librerias/PWM.o
 .debug_frame   0x000005b8      0x1cc Librerias/UART.o
 .debug_frame   0x00000784      0x228 main.o

.debug_str      0x00000000     0x1085
 *(.debug_str)
 .debug_str     0x00000000      0x208 C:/Users/Usuario/Desktop/clases/UADER/4to cuatrimestre/Sistemas digitales IV/microchipstudio/7.0/Packs/Atmel/ATmega_DFP/2.0.401/gcc/dev/atmega328p/avr5/crtatmega328p.o
 .debug_str     0x00000208      0x15a Librerias/ADC.o
                                0x193 (size before relaxing)
 .debug_str     0x00000362       0x90 Librerias/FuncionesEprom.o
                                0x1fc (size before relaxing)
 .debug_str     0x000003f2       0x48 Librerias/i2c.o
                                0x1ad (size before relaxing)
 .debug_str     0x0000043a       0xe6 Librerias/LCD_I2C.o
                                0x268 (size before relaxing)
 .debug_str     0x00000520       0x9e Librerias/MCP3421.o
                                0x20e (size before relaxing)
 .debug_str     0x000005be      0x324 Librerias/mcp9800.o
                                0x506 (size before relaxing)
 .debug_str     0x000008e2       0x8c Librerias/pines.o
                                0x230 (size before relaxing)
 .debug_str     0x0000096e       0x37 Librerias/PWM.o
                                0x197 (size before relaxing)
 .debug_str     0x000009a5      0x4f8 Librerias/UART.o
                                0x6ab (size before relaxing)
 .debug_str     0x00000e9d      0x1e8 main.o
                                0x5cf (size before relaxing)

.debug_loc      0x00000000     0x1bbd
 *(.debug_loc)
 .debug_loc     0x00000000       0x21 Librerias/ADC.o
 .debug_loc     0x00000021      0x302 Librerias/FuncionesEprom.o
 .debug_loc     0x00000323       0x2d Librerias/i2c.o
 .debug_loc     0x00000350      0x2e7 Librerias/LCD_I2C.o
 .debug_loc     0x00000637       0x9c Librerias/MCP3421.o
 .debug_loc     0x000006d3      0xa06 Librerias/mcp9800.o
 .debug_loc     0x000010d9       0x60 Librerias/PWM.o
 .debug_loc     0x00001139      0x527 Librerias/UART.o
 .debug_loc     0x00001660      0x55d main.o

.debug_macinfo
 *(.debug_macinfo)

.debug_weaknames
 *(.debug_weaknames)

.debug_funcnames
 *(.debug_funcnames)

.debug_typenames
 *(.debug_typenames)

.debug_varnames
 *(.debug_varnames)

.debug_pubtypes
 *(.debug_pubtypes)

.debug_ranges   0x00000000      0x2c0
 *(.debug_ranges)
 .debug_ranges  0x00000000       0x18 Librerias/ADC.o
 .debug_ranges  0x00000018       0x28 Librerias/FuncionesEprom.o
 .debug_ranges  0x00000040       0x28 Librerias/i2c.o
 .debug_ranges  0x00000068       0x48 Librerias/LCD_I2C.o
 .debug_ranges  0x000000b0       0x48 Librerias/MCP3421.o
 .debug_ranges  0x000000f8       0x88 Librerias/mcp9800.o
 .debug_ranges  0x00000180       0x38 Librerias/pines.o
 .debug_ranges  0x000001b8       0x18 Librerias/PWM.o
 .debug_ranges  0x000001d0       0x78 Librerias/UART.o
 .debug_ranges  0x00000248       0x78 main.o

.debug_macro
 *(.debug_macro)
OUTPUT(tP.elf elf32-avr)
LOAD linker stubs
