Archive member included to satisfy reference by file (symbol)

c:/users/usuario/desktop/clases/uader/4to cuatrimestre/sistemas digitales iv/microchipstudio/7.0/toolchain/avr8/avr8-gnu-toolchain/bin/../lib/gcc/avr/5.4.0/../../../../avr/lib/avr5\libm.a(addsf3.o)
                              Librerias/mcp9800.o (__subsf3)
c:/users/usuario/desktop/clases/uader/4to cuatrimestre/sistemas digitales iv/microchipstudio/7.0/toolchain/avr8/avr8-gnu-toolchain/bin/../lib/gcc/avr/5.4.0/../../../../avr/lib/avr5\libm.a(addsf3x.o)
                              c:/users/usuario/desktop/clases/uader/4to cuatrimestre/sistemas digitales iv/microchipstudio/7.0/toolchain/avr8/avr8-gnu-toolchain/bin/../lib/gcc/avr/5.4.0/../../../../avr/lib/avr5\libm.a(addsf3.o) (__addsf3x)
c:/users/usuario/desktop/clases/uader/4to cuatrimestre/sistemas digitales iv/microchipstudio/7.0/toolchain/avr8/avr8-gnu-toolchain/bin/../lib/gcc/avr/5.4.0/../../../../avr/lib/avr5\libm.a(divsf3.o)
                              Librerias/MCP3421.o (__divsf3)
c:/users/usuario/desktop/clases/uader/4to cuatrimestre/sistemas digitales iv/microchipstudio/7.0/toolchain/avr8/avr8-gnu-toolchain/bin/../lib/gcc/avr/5.4.0/../../../../avr/lib/avr5\libm.a(divsf3x.o)
                              c:/users/usuario/desktop/clases/uader/4to cuatrimestre/sistemas digitales iv/microchipstudio/7.0/toolchain/avr8/avr8-gnu-toolchain/bin/../lib/gcc/avr/5.4.0/../../../../avr/lib/avr5\libm.a(divsf3.o) (__divsf3x)
c:/users/usuario/desktop/clases/uader/4to cuatrimestre/sistemas digitales iv/microchipstudio/7.0/toolchain/avr8/avr8-gnu-toolchain/bin/../lib/gcc/avr/5.4.0/../../../../avr/lib/avr5\libm.a(fixsfsi.o)
                              Librerias/MCP3421.o (__fixsfsi)
c:/users/usuario/desktop/clases/uader/4to cuatrimestre/sistemas digitales iv/microchipstudio/7.0/toolchain/avr8/avr8-gnu-toolchain/bin/../lib/gcc/avr/5.4.0/../../../../avr/lib/avr5\libm.a(fixunssfsi.o)
                              c:/users/usuario/desktop/clases/uader/4to cuatrimestre/sistemas digitales iv/microchipstudio/7.0/toolchain/avr8/avr8-gnu-toolchain/bin/../lib/gcc/avr/5.4.0/../../../../avr/lib/avr5\libm.a(fixsfsi.o) (__fixunssfsi)
c:/users/usuario/desktop/clases/uader/4to cuatrimestre/sistemas digitales iv/microchipstudio/7.0/toolchain/avr8/avr8-gnu-toolchain/bin/../lib/gcc/avr/5.4.0/../../../../avr/lib/avr5\libm.a(floatsisf.o)
                              Librerias/mcp9800.o (__floatunsisf)
c:/users/usuario/desktop/clases/uader/4to cuatrimestre/sistemas digitales iv/microchipstudio/7.0/toolchain/avr8/avr8-gnu-toolchain/bin/../lib/gcc/avr/5.4.0/../../../../avr/lib/avr5\libm.a(fp_inf.o)
                              c:/users/usuario/desktop/clases/uader/4to cuatrimestre/sistemas digitales iv/microchipstudio/7.0/toolchain/avr8/avr8-gnu-toolchain/bin/../lib/gcc/avr/5.4.0/../../../../avr/lib/avr5\libm.a(addsf3x.o) (__fp_inf)
c:/users/usuario/desktop/clases/uader/4to cuatrimestre/sistemas digitales iv/microchipstudio/7.0/toolchain/avr8/avr8-gnu-toolchain/bin/../lib/gcc/avr/5.4.0/../../../../avr/lib/avr5\libm.a(fp_nan.o)
                              c:/users/usuario/desktop/clases/uader/4to cuatrimestre/sistemas digitales iv/microchipstudio/7.0/toolchain/avr8/avr8-gnu-toolchain/bin/../lib/gcc/avr/5.4.0/../../../../avr/lib/avr5\libm.a(addsf3x.o) (__fp_nan)
c:/users/usuario/desktop/clases/uader/4to cuatrimestre/sistemas digitales iv/microchipstudio/7.0/toolchain/avr8/avr8-gnu-toolchain/bin/../lib/gcc/avr/5.4.0/../../../../avr/lib/avr5\libm.a(fp_pscA.o)
                              c:/users/usuario/desktop/clases/uader/4to cuatrimestre/sistemas digitales iv/microchipstudio/7.0/toolchain/avr8/avr8-gnu-toolchain/bin/../lib/gcc/avr/5.4.0/../../../../avr/lib/avr5\libm.a(addsf3x.o) (__fp_pscA)
c:/users/usuario/desktop/clases/uader/4to cuatrimestre/sistemas digitales iv/microchipstudio/7.0/toolchain/avr8/avr8-gnu-toolchain/bin/../lib/gcc/avr/5.4.0/../../../../avr/lib/avr5\libm.a(fp_pscB.o)
                              c:/users/usuario/desktop/clases/uader/4to cuatrimestre/sistemas digitales iv/microchipstudio/7.0/toolchain/avr8/avr8-gnu-toolchain/bin/../lib/gcc/avr/5.4.0/../../../../avr/lib/avr5\libm.a(addsf3x.o) (__fp_pscB)
c:/users/usuario/desktop/clases/uader/4to cuatrimestre/sistemas digitales iv/microchipstudio/7.0/toolchain/avr8/avr8-gnu-toolchain/bin/../lib/gcc/avr/5.4.0/../../../../avr/lib/avr5\libm.a(fp_round.o)
                              c:/users/usuario/desktop/clases/uader/4to cuatrimestre/sistemas digitales iv/microchipstudio/7.0/toolchain/avr8/avr8-gnu-toolchain/bin/../lib/gcc/avr/5.4.0/../../../../avr/lib/avr5\libm.a(addsf3.o) (__fp_round)
c:/users/usuario/desktop/clases/uader/4to cuatrimestre/sistemas digitales iv/microchipstudio/7.0/toolchain/avr8/avr8-gnu-toolchain/bin/../lib/gcc/avr/5.4.0/../../../../avr/lib/avr5\libm.a(fp_split3.o)
[...]
Memory Configuration

Name             Origin             Length             Attributes
text             0x00000000         0x00008000         xr
data             0x00800100         0x00000800         rw !x
eeprom           0x00810000         0x00000400         rw !x
fuse             0x00820000         0x00000003         rw !x
lock             0x00830000         0x00000400         rw !x
signature        0x00840000         0x00000400         rw !x
user_signatures  0x00850000         0x00000400         rw !x
*default*        0x00000000         0xffffffff

Linker script and memory map

Address of section .data set to 0x800100
LOAD C:/Users/Usuario/Desktop/clases/UADER/4to cuatrimestre/Sistemas digitales IV/microchipstudio/7.0/Packs/Atmel/ATmega_DFP/2.0.401/gcc/dev/atmega328p/avr5/crtatmega328p.o
LOAD Librerias/ADC.o
LOAD Librerias/FuncionesDerivadas.o
LOAD Librerias/FuncionesEprom.o
LOAD Librerias/i2c.o
LOAD Librerias/LCD_I2C.o
LOAD Librerias/MCP3421.o
LOAD Librerias/mcp9800.o
LOAD Librerias/pcf8575.o
LOAD Librerias/pines.o
LOAD Librerias/PWM.o
LOAD Librerias/timer.o
LOAD Librerias/UART.o
LOAD main.o
START GROUP
LOAD c:/users/usuario/desktop/clases/uader/4to cuatrimestre/sistemas digitales iv/microchipstudio/7.0/toolchain/avr8/avr8-gnu-toolchain/bin/../lib/gcc/avr/5.4.0/../../../../avr/lib/avr5\libm.a
END GROUP
START GROUP
LOAD c:/users/usuario/desktop/clases/uader/4to cuatrimestre/sistemas digitales iv/microchipstudio/7.0/toolchain/avr8/avr8-gnu-toolchain/bin/../lib/gcc/avr/5.4.0/avr5\libgcc.a
LOAD c:/users/usuario/desktop/clases/uader/4to cuatrimestre/sistemas digitales iv/microchipstudio/7.0/toolchain/avr8/avr8-gnu-toolchain/bin/../lib/gcc/avr/5.4.0/../../../../avr/lib/avr5\libm.a
LOAD c:/users/usuario/desktop/clases/uader/4to cuatrimestre/sistemas digitales iv/microchipstudio/7.0/toolchain/avr8/avr8-gnu-toolchain/bin/../lib/gcc/avr/5.4.0/../../../../avr/lib/avr5\libc.a
LOAD C:/Users/Usuario/Desktop/clases/UADER/4to cuatrimestre/Sistemas digitales IV/microchipstudio/7.0/Packs/Atmel/ATmega_DFP/2.0.401/gcc/dev/atmega328p/avr5\libatmega328p.a
END GROUP
                0x00000000                __TEXT_REGION_ORIGIN__ = DEFINED (__TEXT_REGION_ORIGIN__)?__TEXT_REGION_ORIGIN__:0x0
                [0x00800100]                __DATA_REGION_ORIGIN__ = DEFINED (__DATA_REGION_ORIGIN__)?__DATA_REGION_ORIGIN__:0x800060
                [0x00008000]                __TEXT_REGION_LENGTH__ = DEFINED (__TEXT_REGION_LENGTH__)?__TEXT_REGION_LENGTH__:0x20000
                [0x00000800]                __DATA_REGION_LENGTH__ = DEFINED (__DATA_REGION_LENGTH__)?__DATA_REGION_LENGTH__:0xffa0
                [0x00000400]                __EEPROM_REGION_LENGTH__ = DEFINED (__EEPROM_REGION_LENGTH__)?__EEPROM_REGION_LENGTH__:0x10000
                [0x00000003]                __FUSE_REGION_LENGTH__ = DEFINED (__FUSE_REGION_LENGTH__)?__FUSE_REGION_LENGTH__:0x400
                0x00000400                __LOCK_REGION_LENGTH__ = DEFINED (__LOCK_REGION_LENGTH__)?__LOCK_REGION_LENGTH__:0x400
                0x00000400                __SIGNATURE_REGION_LENGTH__ = DEFINED (__SIGNATURE_REGION_LENGTH__)?__SIGNATURE_REGION_LENGTH__:0x400
                0x00000400                __USER_SIGNATURE_REGION_LENGTH__ = DEFINED (__USER_SIGNATURE_REGION_LENGTH__)?__USER_SIGNATURE_REGION_LENGTH__:0x400

.hash
 *(.hash)

.dynsym
 *(.dynsym)

.dynstr
 *(.dynstr)

.gnu.version
 *(.gnu.version)

.gnu.version_d
 *(.gnu.version_d)

.gnu.version_r
 *(.gnu.version_r)

.rel.init
 *(.rel.init)

.rela.init
 *(.rela.init)

.rel.text
 *(.rel.text)
 *(.rel.text.*)
 *(.rel.gnu.linkonce.t*)

.rela.text
 *(.rela.text)
 *(.rela.text.*)
 *(.rela.gnu.linkonce.t*)

.rel.fini
 *(.rel.fini)

.rela.fini
 *(.rela.fini)

.rel.rodata
 *(.rel.rodata)
 *(.rel.rodata.*)
 *(.rel.gnu.linkonce.r*)

.rela.rodata
 *(.rela.rodata)
 *(.rela.rodata.*)
 *(.rela.gnu.linkonce.r*)

.rel.data
 *(.rel.data)
 *(.rel.data.*)
 *(.rel.gnu.linkonce.d*)

.rela.data
 *(.rela.data)
 *(.rela.data.*)
 *(.rela.gnu.linkonce.d*)

.rel.ctors
 *(.rel.ctors)

.rela.ctors
 *(.rela.ctors)

.rel.dtors
 *(.rel.dtors)

.rela.dtors
 *(.rela.dtors)

.rel.got
 *(.rel.got)

.rela.got
 *(.rela.got)

.rel.bss
 *(.rel.bss)

.rela.bss
 *(.rela.bss)

.rel.plt
 *(.rel.plt)

.rela.plt
 *(.rela.plt)

.text           0x00000000     0x3e6a
 *(.vectors)
 .vectors       0x00000000       0x68 C:/Users/Usuario/Desktop/clases/UADER/4to cuatrimestre/Sistemas digitales IV/microchipstudio/7.0/Packs/Atmel/ATmega_DFP/2.0.401/gcc/dev/atmega328p/avr5/crtatmega328p.o
                0x00000000                __vector_default
                0x00000000                __vectors
 *(.vectors)
 *(.progmem.gcc*)
 .progmem.gcc_sw_table.MenuUart
                0x00000068       0x50 main.o
                0x000000b8                . = ALIGN (0x2)
                0x000000b8                __trampolines_start = .
 *(.trampolines)
 .trampolines   0x000000b8        0x0 linker stubs
 *(.trampolines*)
                0x000000b8                __trampolines_end = .
 *libprintf_flt.a:*(.progmem.data)
 *libc.a:*(.progmem.data)
 *(.progmem*)
 .progmem.data.TextoExito2
                0x000000b8       0x16 Librerias/FuncionesDerivadas.o
                0x000000b8                TextoExito2
 .progmem.data.MenuCambioDeNumero6
                0x000000ce       0x3c Librerias/UART.o
                0x000000ce                MenuCambioDeNumero6
 .progmem.data.MenuCambioDeNumero5
                0x0000010a       0x3c Librerias/UART.o
                0x0000010a                MenuCambioDeNumero5
 .progmem.data.MenuCambioDeNumero4
                0x00000146       0x3c Librerias/UART.o
                0x00000146                MenuCambioDeNumero4
 .progmem.data.MenuCambioDeNumero3
                0x00000182       0x2d Librerias/UART.o
                0x00000182                MenuCambioDeNumero3
 .progmem.data.MenuCambioDeNumero2
                0x000001af       0x3f Librerias/UART.o
                0x000001af                MenuCambioDeNumero2
 .progmem.data.MenuCambioDeNumero1
                0x000001ee       0x3e Librerias/UART.o
                0x000001ee                MenuCambioDeNumero1
 .progmem.data.MenuCambioDeNumero0
                0x0000022c       0x34 Librerias/UART.o
                0x0000022c                MenuCambioDeNumero0
 .progmem.data.MenuCambioDeNombre6
                0x00000260       0x2d Librerias/UART.o
                0x00000260                MenuCambioDeNombre6
 .progmem.data.MenuCambioDeNombre5
                0x0000028d       0x2d Librerias/UART.o
                0x0000028d                MenuCambioDeNombre5
 .progmem.data.MenuCambioDeNombre4
                0x000002ba       0x2d Librerias/UART.o
                0x000002ba                MenuCambioDeNombre4
 .progmem.data.MenuCambioDeNombre3
                0x000002e7       0x2d Librerias/UART.o
                0x000002e7                MenuCambioDeNombre3
 .progmem.data.MenuCambioDeNombre2
                0x00000314       0x29 Librerias/UART.o
                0x00000314                MenuCambioDeNombre2
 .progmem.data.MenuCambioDeNombre1
                0x0000033d       0x2c Librerias/UART.o
                0x0000033d                MenuCambioDeNombre1
 .progmem.data.MenuCambioDeNombre0
                0x00000369       0x3e Librerias/UART.o
                0x00000369                MenuCambioDeNombre0
 .progmem.data.MenuConfiguracion19
                0x000003a7       0x22 Librerias/UART.o
                0x000003a7                MenuConfiguracion19
 .progmem.data.MenuConfiguracion18
                0x000003c9       0x30 Librerias/UART.o
                0x000003c9                MenuConfiguracion18
 .progmem.data.MenuConfiguracion17
                0x000003f9       0x30 Librerias/UART.o
                0x000003f9                MenuConfiguracion17
 .progmem.data.MenuConfiguracion16
                0x00000429       0x30 Librerias/UART.o
                0x00000429                MenuConfiguracion16
 .progmem.data.MenuConfiguracion15
                0x00000459       0x30 Librerias/UART.o
                0x00000459                MenuConfiguracion15
 .progmem.data.MenuConfiguracion14
                0x00000489       0x37 Librerias/UART.o
                0x00000489                MenuConfiguracion14
 .progmem.data.MenuConfiguracion13
                0x000004c0       0x37 Librerias/UART.o
                0x000004c0                MenuConfiguracion13
 .progmem.data.MenuConfiguracion12
                0x000004f7       0x37 Librerias/UART.o
                0x000004f7                MenuConfiguracion12
 .progmem.data.MenuConfiguracion11
                0x0000052e       0x37 Librerias/UART.o
                0x0000052e                MenuConfiguracion11
 .progmem.data.MenuConfiguracion10
                0x00000565       0x31 Librerias/UART.o
                0x00000565                MenuConfiguracion10
 .progmem.data.MenuConfiguracion9
                0x00000596       0x31 Librerias/UART.o
                0x00000596                MenuConfiguracion9
 .progmem.data.MenuConfiguracion8
                0x000005c7       0x31 Librerias/UART.o
                0x000005c7                MenuConfiguracion8
 .progmem.data.MenuConfiguracion7
                0x000005f8       0x31 Librerias/UART.o
                0x000005f8                MenuConfiguracion7
 .progmem.data.MenuConfiguracion6
                0x00000629       0x20 Librerias/UART.o
                0x00000629                MenuConfiguracion6
 .progmem.data.MenuConfiguracion4
                0x00000649       0x2b Librerias/UART.o
                0x00000649                MenuConfiguracion4
 .progmem.data.MenuConfiguracion3
                0x00000674       0x2b Librerias/UART.o
                0x00000674                MenuConfiguracion3
 .progmem.data.MenuConfiguracion2
                0x0000069f       0x2b Librerias/UART.o
                0x0000069f                MenuConfiguracion2
 .progmem.data.MenuConfiguracion1
                0x000006ca       0x2b Librerias/UART.o
                0x000006ca                MenuConfiguracion1
 .progmem.data.MenuConfiguracion0
                0x000006f5       0x23 Librerias/UART.o
                0x000006f5                MenuConfiguracion0
 .progmem.data.Carpyy20
                0x00000718       0x42 Librerias/UART.o
                0x00000718                Carpyy20
 .progmem.data.Carpyy19
                0x0000075a       0x43 Librerias/UART.o
                0x0000075a                Carpyy19
 .progmem.data.Carpyy18
                0x0000079d       0x44 Librerias/UART.o
                0x0000079d                Carpyy18
 .progmem.data.Carpyy17
                0x000007e1       0x44 Librerias/UART.o
                0x000007e1                Carpyy17
 .progmem.data.Carpyy16
                0x00000825       0x45 Librerias/UART.o
                0x00000825                Carpyy16
 .progmem.data.Carpyy15
                0x0000086a       0x45 Librerias/UART.o
                0x0000086a                Carpyy15
 .progmem.data.Carpyy14
                0x000008af       0x45 Librerias/UART.o
                0x000008af                Carpyy14
 .progmem.data.Carpyy13
                0x000008f4       0x45 Librerias/UART.o
                0x000008f4                Carpyy13
 .progmem.data.Carpyy12
                0x00000939       0x44 Librerias/UART.o
                0x00000939                Carpyy12
 .progmem.data.Carpyy11
                0x0000097d       0x43 Librerias/UART.o
                0x0000097d                Carpyy11
 .progmem.data.Carpyy10
                0x000009c0       0x41 Librerias/UART.o
                0x000009c0                Carpyy10
 .progmem.data.Carpyy9
                0x00000a01       0x55 Librerias/UART.o
                0x00000a01                Carpyy9
 .progmem.data.Carpyy8
                0x00000a56       0x59 Librerias/UART.o
                0x00000a56                Carpyy8
 .progmem.data.Carpyy7
                0x00000aaf       0x58 Librerias/UART.o
                0x00000aaf                Carpyy7
 .progmem.data.Carpyy6
                0x00000b07       0x58 Librerias/UART.o
                0x00000b07                Carpyy6
 .progmem.data.Carpyy5
                0x00000b5f       0x57 Librerias/UART.o
                0x00000b5f                Carpyy5
 .progmem.data.Carpyy4
                0x00000bb6       0x56 Librerias/UART.o
                0x00000bb6                Carpyy4
 .progmem.data.Carpyy3
                0x00000c0c       0x23 Librerias/UART.o
                0x00000c0c                Carpyy3
 .progmem.data.Carpyy2
                0x00000c2f       0x43 Librerias/UART.o
                0x00000c2f                Carpyy2
 .progmem.data.Carpyy1
                0x00000c72       0x51 Librerias/UART.o
                0x00000c72                Carpyy1
 .progmem.data.Carpyy0
                0x00000cc3       0x52 Librerias/UART.o
                0x00000cc3                Carpyy0
 .progmem.data.Carpyy
                0x00000d15       0x4a Librerias/UART.o
                0x00000d15                Carpyy
 .progmem.data.MenuMediciones2
                0x00000d5f       0x1a Librerias/UART.o
                0x00000d5f                MenuMediciones2
 .progmem.data.MenuMediciones1
                0x00000d79       0x1a Librerias/UART.o
                0x00000d79                MenuMediciones1
 .progmem.data.MenuMediciones0
                0x00000d93       0x1a Librerias/UART.o
                0x00000d93                MenuMediciones0
 .progmem.data.Menu0_3
                0x00000dad       0x10 Librerias/UART.o
                0x00000dad                Menu0_3
 .progmem.data.Menu0_2
                0x00000dbd       0x18 Librerias/UART.o
                0x00000dbd                Menu0_2
 .progmem.data.Menu0_1
                0x00000dd5       0x19 Librerias/UART.o
                0x00000dd5                Menu0_1
 .progmem.data.Menu0_0
                0x00000dee       0x14 Librerias/UART.o
                0x00000dee                Menu0_0
 .progmem.data.Bienvenida8
                0x00000e02       0x68 Librerias/UART.o
                0x00000e02                Bienvenida8
 .progmem.data.Bienvenida7
                0x00000e6a       0x68 Librerias/UART.o
                0x00000e6a                Bienvenida7
 .progmem.data.Bienvenida6
                0x00000ed2       0x68 Librerias/UART.o
                0x00000ed2                Bienvenida6
 .progmem.data.Bienvenida5
                0x00000f3a       0x68 Librerias/UART.o
                0x00000f3a                Bienvenida5
 .progmem.data.Bienvenida4
                0x00000fa2       0x68 Librerias/UART.o
                0x00000fa2                Bienvenida4
 .progmem.data.Bienvenida3
                0x0000100a       0x68 Librerias/UART.o
                0x0000100a                Bienvenida3
 .progmem.data.Bienvenida2
                0x00001072       0x68 Librerias/UART.o
                0x00001072                Bienvenida2
 .progmem.data.Bienvenida1
                0x000010da       0x67 Librerias/UART.o
                0x000010da                Bienvenida1
 .progmem.data.Bienvenida0
                0x00001141       0x67 Librerias/UART.o
                0x00001141                Bienvenida0
 .progmem.data.TextoDosificador
                0x000011a8       0x3f Librerias/UART.o
                0x000011a8                TextoDosificador
 .progmem.data.TextoBidon
                0x000011e7        0x9 Librerias/UART.o
                0x000011e7                TextoBidon
 .progmem.data.TextoVolumen0
                0x000011f0        0x4 Librerias/UART.o
                0x000011f0                TextoVolumen0
 .progmem.data.TextoVolumen
                0x000011f4        0xa Librerias/UART.o
                0x000011f4                TextoVolumen
 .progmem.data.TextoTemperatura0
                0x000011fe        0x4 Librerias/UART.o
                0x000011fe                TextoTemperatura0
 .progmem.data.TextoTemperatura
                0x00001202        0xe Librerias/UART.o
                0x00001202                TextoTemperatura
 .progmem.data.TextoFracaso1
                0x00001210       0x22 Librerias/UART.o
                0x00001210                TextoFracaso1
 .progmem.data.TextoFracaso
                0x00001232       0x48 Librerias/UART.o
                0x00001232                TextoFracaso
 .progmem.data.TextoRegresar
                0x0000127a       0x27 Librerias/UART.o
                0x0000127a                TextoRegresar
 .progmem.data.TextoElegir
                0x000012a1       0x30 Librerias/UART.o
                0x000012a1                TextoElegir
                0x000012d2                . = ALIGN (0x2)
 *fill*         0x000012d1        0x1 
 *(.jumptables)
 *(.jumptables*)
 *(.lowtext)
 *(.lowtext*)
                0x000012d2                __ctors_start = .
 *(.ctors)
                0x000012d2                __ctors_end = .
                0x000012d2                __dtors_start = .
 *(.dtors)
                0x000012d2                __dtors_end = .
 SORT(*)(.ctors)
 SORT(*)(.dtors)
 *(.init0)
 .init0         0x000012d2        0x0 C:/Users/Usuario/Desktop/clases/UADER/4to cuatrimestre/Sistemas digitales IV/microchipstudio/7.0/Packs/Atmel/ATmega_DFP/2.0.401/gcc/dev/atmega328p/avr5/crtatmega328p.o
                0x000012d2                __init
 *(.init0)
 *(.init1)
 *(.init1)
 *(.init2)
 .init2         0x000012d2        0xc C:/Users/Usuario/Desktop/clases/UADER/4to cuatrimestre/Sistemas digitales IV/microchipstudio/7.0/Packs/Atmel/ATmega_DFP/2.0.401/gcc/dev/atmega328p/avr5/crtatmega328p.o
 *(.init2)
 *(.init3)
 *(.init3)
 *(.init4)
 .init4         0x000012de       0x16 c:/users/usuario/desktop/clases/uader/4to cuatrimestre/sistemas digitales iv/microchipstudio/7.0/toolchain/avr8/avr8-gnu-toolchain/bin/../lib/gcc/avr/5.4.0/avr5\libgcc.a(_copy_data.o)
                0x000012de                __do_copy_data
 .init4         0x000012f4       0x10 c:/users/usuario/desktop/clases/uader/4to cuatrimestre/sistemas digitales iv/microchipstudio/7.0/toolchain/avr8/avr8-gnu-toolchain/bin/../lib/gcc/avr/5.4.0/avr5\libgcc.a(_clear_bss.o)
                0x000012f4                __do_clear_bss
 *(.init4)
 *(.init5)
 *(.init5)
 *(.init6)
 *(.init6)
 *(.init7)
 *(.init7)
 *(.init8)
 *(.init8)
 *(.init9)
 .init9         0x00001304        0x8 C:/Users/Usuario/Desktop/clases/UADER/4to cuatrimestre/Sistemas digitales IV/microchipstudio/7.0/Packs/Atmel/ATmega_DFP/2.0.401/gcc/dev/atmega328p/avr5/crtatmega328p.o
 *(.init9)
 *(.text)
 .text          0x0000130c        0x4 C:/Users/Usuario/Desktop/clases/UADER/4to cuatrimestre/Sistemas digitales IV/microchipstudio/7.0/Packs/Atmel/ATmega_DFP/2.0.401/gcc/dev/atmega328p/avr5/crtatmega328p.o
                0x0000130c                __vector_22
                0x0000130c                __vector_1
                0x0000130c                __vector_24
                0x0000130c                __vector_12
                0x0000130c                __bad_interrupt
                0x0000130c                __vector_6
                0x0000130c                __vector_3
                0x0000130c                __vector_23
                0x0000130c                __vector_25
                0x0000130c                __vector_13
                0x0000130c                __vector_17
                0x0000130c                __vector_19
                0x0000130c                __vector_7
                0x0000130c                __vector_5
                0x0000130c                __vector_4
                0x0000130c                __vector_9
                0x0000130c                __vector_2
                0x0000130c                __vector_21
                0x0000130c                __vector_15
                0x0000130c                __vector_8
                0x0000130c                __vector_10
                0x0000130c                __vector_16
                0x0000130c                __vector_18
                0x0000130c                __vector_20
                0x00001310                . = ALIGN (0x2)
 *(.text.*)
 .text.iniciar_ADC
                0x00001310       0x22 Librerias/ADC.o
                0x00001310                iniciar_ADC
 .text.leer_ADC
                0x00001332       0x24 Librerias/ADC.o
                0x00001332                leer_ADC
 .text.DetectarTipo
                0x00001356       0x9a Librerias/FuncionesDerivadas.o
                0x00001356                DetectarTipo
 .text.LlenarVectorConDosCaracteres
                0x000013f0       0xc6 Librerias/FuncionesDerivadas.o
                0x000013f0                LlenarVectorConDosCaracteres
 .text.LlenarVectorConDiezCaracteres
                0x000014b6       0xfa Librerias/FuncionesDerivadas.o
                0x000014b6                LlenarVectorConDiezCaracteres
 .text.EPROM_Write
                0x000015b0       0x1c Librerias/FuncionesEprom.o
                0x000015b0                EPROM_Write
 .text.EPROM_Read
                0x000015cc       0x12 Librerias/FuncionesEprom.o
                0x000015cc                EPROM_Read
 .text.EPROM_Write_String
                0x000015de       0x74 Librerias/FuncionesEprom.o
                0x000015de                EPROM_Write_String
 .text.EPROM_Read_String
                0x00001652       0x5a Librerias/FuncionesEprom.o
                0x00001652                EPROM_Read_String
 .text.i2c_init
                0x000016ac        0xc Librerias/i2c.o
                0x000016ac                i2c_init
 .text.i2c_start
                0x000016b8       0x10 Librerias/i2c.o
                0x000016b8                i2c_start
 .text.i2c_write
                0x000016c8       0x14 Librerias/i2c.o
                0x000016c8                i2c_write
 .text.i2c_stop
                0x000016dc       0x10 Librerias/i2c.o
                0x000016dc                i2c_stop
 .text.enviarPulsoEnable
                0x000016ec       0x3e Librerias/LCD_I2C.o
                0x000016ec                enviarPulsoEnable
 .text.enviarComando4Bits
                0x0000172a       0x50 Librerias/LCD_I2C.o
                0x0000172a                enviarComando4Bits
 .text.enviarComando
                0x0000177a       0x94 Librerias/LCD_I2C.o
                0x0000177a                enviarComando
 .text.escribirDato
                0x0000180e       0x94 Librerias/LCD_I2C.o
                0x0000180e                escribirDato
 .text.lcd_init
                0x000018a2       0x64 Librerias/LCD_I2C.o
                0x000018a2                lcd_init
 .text.escribirEnLCD
                0x00001906       0x1a Librerias/LCD_I2C.o
                0x00001906                escribirEnLCD
 .text.limpiar_LCD
                0x00001920       0x16 Librerias/LCD_I2C.o
                0x00001920                limpiar_LCD
 .text.TWI_ini  0x00001936        0x8 Librerias/MCP3421.o
                0x00001936                TWI_ini
 .text.TWI_Start
                0x0000193e       0x10 Librerias/MCP3421.o
                0x0000193e                TWI_Start
 .text.TWI_Sendbyte
                0x0000194e       0x14 Librerias/MCP3421.o
                0x0000194e                TWI_Sendbyte
 .text.TWI_Receivebytes
                0x00001962       0x7a Librerias/MCP3421.o
                0x00001962                TWI_Receivebytes
 .text.TWI_Stop
                0x000019dc        0x8 Librerias/MCP3421.o
                0x000019dc                TWI_Stop
 .text.MCP3421_config
                0x000019e4       0x16 Librerias/MCP3421.o
                0x000019e4                MCP3421_config
 .text.MCP3421_read
                0x000019fa       0x66 Librerias/MCP3421.o
                0x000019fa                MCP3421_read
 .text.PesarAgua
                0x00001a60       0x48 Librerias/MCP3421.o
                0x00001a60                PesarAgua
 .text.i2c_read
                0x00001aa8       0xca Librerias/mcp9800.o
                0x00001aa8                i2c_read
 .text.i2c_wwrite
                0x00001b72       0x8e Librerias/mcp9800.o
                0x00001b72                i2c_wwrite
 .text.mcp_set_adc_resolution
                0x00001c00       0x4a Librerias/mcp9800.o
                0x00001c00                mcp_set_adc_resolution
 .text.mcp_set_power_mode
                0x00001c4a       0x40 Librerias/mcp9800.o
                0x00001c4a                mcp_set_power_mode
 .text.mcp_read_temp_float
                0x00001c8a       0x82 Librerias/mcp9800.o
                0x00001c8a                mcp_read_temp_float
 .text.LeerTemperatura
                0x00001d0c      0x11e Librerias/mcp9800.o
                0x00001d0c                LeerTemperatura
 .text.EscribirPcf8575
                0x00001e2a       0x28 Librerias/pcf8575.o
                0x00001e2a                EscribirPcf8575
 .text.ApagarTodo
                0x00001e52        0xa Librerias/pcf8575.o
                0x00001e52                ApagarTodo
 .text.ConfigurarPinesSensores
                0x00001e5c       0x1a Librerias/pines.o
                0x00001e5c                ConfigurarPinesSensores
 .text.LeerSensorPuerta
                0x00001e76       0x14 Librerias/pines.o
                0x00001e76                LeerSensorPuerta
 .text.LeerSensorTaza
                0x00001e8a       0x16 Librerias/pines.o
                0x00001e8a                LeerSensorTaza
 .text.ConfigurarBotones
                0x00001ea0       0x1a Librerias/pines.o
                0x00001ea0                ConfigurarBotones
 .text.LeerBotonSeleccionar
                0x00001eba       0x16 Librerias/pines.o
                0x00001eba                LeerBotonSeleccionar
 .text.LeerBotonAceptar
                0x00001ed0       0x18 Librerias/pines.o
                0x00001ed0                LeerBotonAceptar
 .text.PWM_init
                0x00001ee8       0x22 Librerias/PWM.o
                0x00001ee8                PWM_init
 .text.PWM_update
                0x00001f0a       0x2e Librerias/PWM.o
                0x00001f0a                PWM_update
 .text.Timer0_init
                0x00001f38       0x22 Librerias/timer.o
                0x00001f38                Timer0_init
 .text.setupTimer1
                0x00001f5a       0x2e Librerias/timer.o
                0x00001f5a                setupTimer1
 .text.uart_init
                0x00001f88       0x18 Librerias/UART.o
                0x00001f88                uart_init
 .text.uart_send_char
                0x00001fa0        0xe Librerias/UART.o
                0x00001fa0                uart_send_char
 .text.uart_send_string
                0x00001fae       0x1a Librerias/UART.o
                0x00001fae                uart_send_string
 .text.uart_send_newline
                0x00001fc8        0xe Librerias/UART.o
                0x00001fc8                uart_send_newline
 .text.uart_receive_char
                0x00001fd6       0x14 Librerias/UART.o
                0x00001fd6                uart_receive_char
 .text.echo_serial
                0x00001fea       0x16 Librerias/UART.o
                0x00001fea                echo_serial
 .text.MandarStringdesdePrograma
                0x00002000       0x1e Librerias/UART.o
                0x00002000                MandarStringdesdePrograma
 .text.Bienvenida
                0x0000201e       0x76 Librerias/UART.o
                0x0000201e                Bienvenida
 .text.Carpy    0x00002094      0x11e Librerias/UART.o
                0x00002094                Carpy
 .text.MenuInicial
                0x000021b2       0x4a Librerias/UART.o
                0x000021b2                MenuInicial
 .text.MenuMediciones
                0x000021fc      0x21e Librerias/UART.o
                0x000021fc                MenuMediciones
 .text.MenuConfiguraciones
                0x0000241a      0x2c2 Librerias/UART.o
                0x0000241a                MenuConfiguraciones
 .text.MenuCambioDeNombre
                0x000026dc       0x5a Librerias/UART.o
                0x000026dc                MenuCambioDeNombre
 .text.Fracaso  0x00002736       0x1e Librerias/UART.o
                0x00002736                Fracaso
 .text.CambioDeNumero
                0x00002754       0x5e Librerias/UART.o
                0x00002754                CambioDeNumero
 .text.ConfiguracionPredeterminada
                0x000027b2      0x2e8 main.o
                0x000027b2                ConfiguracionPredeterminada
 .text.ConfiguracionIncialEeprom
                0x00002a9a       0x3e main.o
                0x00002a9a                ConfiguracionIncialEeprom
 .text.MedirBidon
                0x00002ad8       0x26 main.o
                0x00002ad8                MedirBidon
 .text.ControlarTemperatura
                0x00002afe       0x4e main.o
                0x00002afe                ControlarTemperatura
 .text.MenuNivelesLcd
                0x00002b4c      0x36c main.o
                0x00002b4c                MenuNivelesLcd
 .text.LeerBotones
                0x00002eb8       0xf8 main.o
                0x00002eb8                LeerBotones
 .text.LeerSensores
                0x00002fb0       0x12 main.o
                0x00002fb0                LeerSensores
 .text.MedicionPolvos
                0x00002fc2       0xe6 main.o
                0x00002fc2                MedicionPolvos
 .text.MedirVariables
                0x000030a8       0x12 main.o
                0x000030a8                MedirVariables
 .text.ConfiguracionIncial
                0x000030ba       0x2e main.o
                0x000030ba                ConfiguracionIncial
 .text.MenuUart
                0x000030e8      0x1c0 main.o
                0x000030e8                MenuUart
 .text.main     0x000032a8       0x32 main.o
                0x000032a8                main
 .text.__vector_11
                0x000032da       0x48 main.o
                0x000032da                __vector_11
 .text.__vector_14
                0x00003322       0xf8 main.o
                0x00003322                __vector_14
 .text.avr-libc.fplib
                0x0000341a        0xe c:/users/usuario/desktop/clases/uader/4to cuatrimestre/sistemas digitales iv/microchipstudio/7.0/toolchain/avr8/avr8-gnu-toolchain/bin/../lib/gcc/avr/5.4.0/../../../../avr/lib/avr5\libm.a(addsf3.o)
                0x0000341a                __subsf3
                0x0000341c                __addsf3
 .text.avr-libc.fplib
                0x00003428       0xcc c:/users/usuario/desktop/clases/uader/4to cuatrimestre/sistemas digitales iv/microchipstudio/7.0/toolchain/avr8/avr8-gnu-toolchain/bin/../lib/gcc/avr/5.4.0/../../../../avr/lib/avr5\libm.a(addsf3x.o)
                0x0000344a                __addsf3x
 .text.avr-libc.fplib
                0x000034f4        0x8 c:/users/usuario/desktop/clases/uader/4to cuatrimestre/sistemas digitales iv/microchipstudio/7.0/toolchain/avr8/avr8-gnu-toolchain/bin/../lib/gcc/avr/5.4.0/../../../../avr/lib/avr5\libm.a(divsf3.o)
                0x000034f4                __divsf3
 .text.avr-libc.fplib
                0x000034fc       0xdc c:/users/usuario/desktop/clases/uader/4to cuatrimestre/sistemas digitales iv/microchipstudio/7.0/toolchain/avr8/avr8-gnu-toolchain/bin/../lib/gcc/avr/5.4.0/../../../../avr/lib/avr5\libm.a(divsf3x.o)
                0x0000351c                __divsf3x
                0x00003522                __divsf3_pse
 .text.avr-libc.fplib
                0x000035d8        0xe c:/users/usuario/desktop/clases/uader/4to cuatrimestre/sistemas digitales iv/microchipstudio/7.0/toolchain/avr8/avr8-gnu-toolchain/bin/../lib/gcc/avr/5.4.0/../../../../avr/lib/avr5\libm.a(fixsfsi.o)
                0x000035d8                __fixsfsi
 .text.avr-libc.fplib
                0x000035e6       0x5e c:/users/usuario/desktop/clases/uader/4to cuatrimestre/sistemas digitales iv/microchipstudio/7.0/toolchain/avr8/avr8-gnu-toolchain/bin/../lib/gcc/avr/5.4.0/../../../../avr/lib/avr5\libm.a(fixunssfsi.o)
                0x000035e6                __fixunssfsi
 .text.avr-libc.fplib
                0x00003644       0x7a c:/users/usuario/desktop/clases/uader/4to cuatrimestre/sistemas digitales iv/microchipstudio/7.0/toolchain/avr8/avr8-gnu-toolchain/bin/../lib/gcc/avr/5.4.0/../../../../avr/lib/avr5\libm.a(floatsisf.o)
                0x00003644                __floatunsisf
                0x00003648                __floatsisf
 .text.avr-libc.fplib
                0x000036be        0xc c:/users/usuario/desktop/clases/uader/4to cuatrimestre/sistemas digitales iv/microchipstudio/7.0/toolchain/avr8/avr8-gnu-toolchain/bin/../lib/gcc/avr/5.4.0/../../../../avr/lib/avr5\libm.a(fp_inf.o)
                0x000036be                __fp_inf
 .text.avr-libc.fplib
                0x000036ca        0x6 c:/users/usuario/desktop/clases/uader/4to cuatrimestre/sistemas digitales iv/microchipstudio/7.0/toolchain/avr8/avr8-gnu-toolchain/bin/../lib/gcc/avr/5.4.0/../../../../avr/lib/avr5\libm.a(fp_nan.o)
                0x000036ca                __fp_nan
 .text.avr-libc.fplib
                0x000036d0        0xe c:/users/usuario/desktop/clases/uader/4to cuatrimestre/sistemas digitales iv/microchipstudio/7.0/toolchain/avr8/avr8-gnu-toolchain/bin/../lib/gcc/avr/5.4.0/../../../../avr/lib/avr5\libm.a(fp_pscA.o)
                0x000036d0                __fp_pscA
 .text.avr-libc.fplib
                0x000036de        0xe c:/users/usuario/desktop/clases/uader/4to cuatrimestre/sistemas digitales iv/microchipstudio/7.0/toolchain/avr8/avr8-gnu-toolchain/bin/../lib/gcc/avr/5.4.0/../../../../avr/lib/avr5\libm.a(fp_pscB.o)
                0x000036de                __fp_pscB
 .text.avr-libc.fplib
                0x000036ec       0x22 c:/users/usuario/desktop/clases/uader/4to cuatrimestre/sistemas digitales iv/microchipstudio/7.0/toolchain/avr8/avr8-gnu-toolchain/bin/../lib/gcc/avr/5.4.0/../../../../avr/lib/avr5\libm.a(fp_round.o)
                0x000036ec                __fp_round
 .text.avr-libc.fplib
                0x0000370e       0x44 c:/users/usuario/desktop/clases/uader/4to cuatrimestre/sistemas digitales iv/microchipstudio/7.0/toolchain/avr8/avr8-gnu-toolchain/bin/../lib/gcc/avr/5.4.0/../../../../avr/lib/avr5\libm.a(fp_split3.o)
                0x0000370e                __fp_split3
                0x0000371e                __fp_splitA
 .text.avr-libc.fplib
                0x00003752        0xe c:/users/usuario/desktop/clases/uader/4to cuatrimestre/sistemas digitales iv/microchipstudio/7.0/toolchain/avr8/avr8-gnu-toolchain/bin/../lib/gcc/avr/5.4.0/../../../../avr/lib/avr5\libm.a(fp_zero.o)
                0x00003752                __fp_zero
                0x00003754                __fp_szero
 .text.avr-libc.fplib
                0x00003760        0x8 c:/users/usuario/desktop/clases/uader/4to cuatrimestre/sistemas digitales iv/microchipstudio/7.0/toolchain/avr8/avr8-gnu-toolchain/bin/../lib/gcc/avr/5.4.0/../../../../avr/lib/avr5\libm.a(mulsf3.o)
                0x00003760                __mulsf3
 .text.avr-libc.fplib
                0x00003768       0xd2 c:/users/usuario/desktop/clases/uader/4to cuatrimestre/sistemas digitales iv/microchipstudio/7.0/toolchain/avr8/avr8-gnu-toolchain/bin/../lib/gcc/avr/5.4.0/../../../../avr/lib/avr5\libm.a(mulsf3x.o)
                0x00003786                __mulsf3x
                0x0000378c                __mulsf3_pse
 .text.libgcc   0x0000383a        0xc c:/users/usuario/desktop/clases/uader/4to cuatrimestre/sistemas digitales iv/microchipstudio/7.0/toolchain/avr8/avr8-gnu-toolchain/bin/../lib/gcc/avr/5.4.0/avr5\libgcc.a(_tablejump2.o)
                0x0000383a                __tablejump2__
 .text.avr-libc
                0x00003846       0x3c c:/users/usuario/desktop/clases/uader/4to cuatrimestre/sistemas digitales iv/microchipstudio/7.0/toolchain/avr8/avr8-gnu-toolchain/bin/../lib/gcc/avr/5.4.0/../../../../avr/lib/avr5\libc.a(atoi.o)
                0x00003846                atoi
 .text.avr-libc
                0x00003882       0x10 c:/users/usuario/desktop/clases/uader/4to cuatrimestre/sistemas digitales iv/microchipstudio/7.0/toolchain/avr8/avr8-gnu-toolchain/bin/../lib/gcc/avr/5.4.0/../../../../avr/lib/avr5\libc.a(mul10.o)
                0x00003882                __mulhi_const_10
 .text.avr-libc
                0x00003892       0x44 c:/users/usuario/desktop/clases/uader/4to cuatrimestre/sistemas digitales iv/microchipstudio/7.0/toolchain/avr8/avr8-gnu-toolchain/bin/../lib/gcc/avr/5.4.0/../../../../avr/lib/avr5\libc.a(sprintf.o)
                0x00003892                sprintf
 .text.avr-libc
                0x000038d6      0x3c2 c:/users/usuario/desktop/clases/uader/4to cuatrimestre/sistemas digitales iv/microchipstudio/7.0/toolchain/avr8/avr8-gnu-toolchain/bin/../lib/gcc/avr/5.4.0/../../../../avr/lib/avr5\libc.a(vfprintf_std.o)
                0x000038d6                vfprintf
 .text.avr-libc
                0x00003c98       0x16 c:/users/usuario/desktop/clases/uader/4to cuatrimestre/sistemas digitales iv/microchipstudio/7.0/toolchain/avr8/avr8-gnu-toolchain/bin/../lib/gcc/avr/5.4.0/../../../../avr/lib/avr5\libc.a(strnlen_P.o)
                0x00003c98                strnlen_P
 .text.avr-libc
                0x00003cae       0x16 c:/users/usuario/desktop/clases/uader/4to cuatrimestre/sistemas digitales iv/microchipstudio/7.0/toolchain/avr8/avr8-gnu-toolchain/bin/../lib/gcc/avr/5.4.0/../../../../avr/lib/avr5\libc.a(strnlen.o)
                0x00003cae                strnlen
 .text.avr-libc
                0x00003cc4       0x78 c:/users/usuario/desktop/clases/uader/4to cuatrimestre/sistemas digitales iv/microchipstudio/7.0/toolchain/avr8/avr8-gnu-toolchain/bin/../lib/gcc/avr/5.4.0/../../../../avr/lib/avr5\libc.a(fputc.o)
                0x00003cc4                fputc
 .text.avr-libc
                0x00003d3c       0xbc c:/users/usuario/desktop/clases/uader/4to cuatrimestre/sistemas digitales iv/microchipstudio/7.0/toolchain/avr8/avr8-gnu-toolchain/bin/../lib/gcc/avr/5.4.0/../../../../avr/lib/avr5\libc.a(ultoa_invert.o)
                0x00003d3c                __ultoa_invert
 .text.libgcc.prologue
                0x00003df8       0x38 c:/users/usuario/desktop/clases/uader/4to cuatrimestre/sistemas digitales iv/microchipstudio/7.0/toolchain/avr8/avr8-gnu-toolchain/bin/../lib/gcc/avr/5.4.0/avr5\libgcc.a(_prologue.o)
                0x00003df8                __prologue_saves__
 .text.libgcc.prologue
                0x00003e30       0x36 c:/users/usuario/desktop/clases/uader/4to cuatrimestre/sistemas digitales iv/microchipstudio/7.0/toolchain/avr8/avr8-gnu-toolchain/bin/../lib/gcc/avr/5.4.0/avr5\libgcc.a(_epilogue.o)
                0x00003e30                __epilogue_restores__
                0x00003e66                . = ALIGN (0x2)
 *(.fini9)
 .fini9         0x00003e66        0x0 c:/users/usuario/desktop/clases/uader/4to cuatrimestre/sistemas digitales iv/microchipstudio/7.0/toolchain/avr8/avr8-gnu-toolchain/bin/../lib/gcc/avr/5.4.0/avr5\libgcc.a(_exit.o)
                0x00003e66                _exit
                0x00003e66                exit
 *(.fini9)
 *(.fini8)
 *(.fini8)
 *(.fini7)
 *(.fini7)
 *(.fini6)
 *(.fini6)
 *(.fini5)
 *(.fini5)
 *(.fini4)
 *(.fini4)
 *(.fini3)
 *(.fini3)
 *(.fini2)
 *(.fini2)
 *(.fini1)
 *(.fini1)
 *(.fini0)
 .fini0         0x00003e66        0x4 c:/users/usuario/desktop/clases/uader/4to cuatrimestre/sistemas digitales iv/microchipstudio/7.0/toolchain/avr8/avr8-gnu-toolchain/bin/../lib/gcc/avr/5.4.0/avr5\libgcc.a(_exit.o)
 *(.fini0)
                0x00003e6a                _etext = .

.data           0x00800100      0x18c load address 0x00003e6a
                0x00800100                PROVIDE (__data_start, .)
 *(.data)
 *(.data*)
 *(.gnu.linkonce.d*)
 *(.rodata)
 .rodata        0x00800100       0x1e main.o
 *(.rodata*)
 .rodata.str1.1
                0x0080011e       0x1b Librerias/mcp9800.o
                                 0x1c (size before relaxing)
 .rodata.str1.1
                0x00800139       0x39 Librerias/UART.o
                                 0x41 (size before relaxing)
 .rodata.str1.1
                0x00800172      0x119 main.o
                                0x124 (size before relaxing)
 *(.gnu.linkonce.r*)
                0x0080028c                . = ALIGN (0x2)
 *fill*         0x0080028b        0x1 
                0x0080028c                _edata = .
                0x0080028c                PROVIDE (__data_end, .)

.bss            0x0080028c       0x58
                0x0080028c                PROVIDE (__bss_start, .)
 *(.bss)
 *(.bss*)
 .bss.Aux       0x0080028c        0x2 Librerias/FuncionesDerivadas.o
                0x0080028c                Aux
 .bss.BotonAceptar
                0x0080028e        0x1 Librerias/pines.o
                0x0080028e                BotonAceptar
 .bss.BotonSeleccionar
                0x0080028f        0x1 Librerias/pines.o
                0x0080028f                BotonSeleccionar
 .bss.SensorPuerta
                0x00800290        0x1 Librerias/pines.o
                0x00800290                SensorPuerta
 .bss.SensorTaza
                0x00800291        0x1 Librerias/pines.o
                0x00800291                SensorTaza
 .bss.ContadorControlarBotones
                0x00800292        0x2 main.o
                0x00800292                ContadorControlarBotones
 .bss.Simultaneidad
                0x00800294        0x2 main.o
                0x00800294                Simultaneidad
 .bss.timerCounter
                0x00800296        0x4 main.o
                0x00800296                timerCounter
 .bss.pinState  0x0080029a        0x1 main.o
                0x0080029a                pinState
 .bss.BotonAceptarr
                0x0080029b        0x1 main.o
                0x0080029b                BotonAceptarr
 .bss.BotonSeleccionarr
                0x0080029c        0x1 main.o
                0x0080029c                BotonSeleccionarr
 .bss.SelectorMenuLCD
                0x0080029d        0x1 main.o
                0x0080029d                SelectorMenuLCD
 .bss.SensorrPuerta
                0x0080029e        0x1 main.o
                0x0080029e                SensorrPuerta
 .bss.SensorrTaza
                0x0080029f        0x1 main.o
                0x0080029f                SensorrTaza
 *(COMMON)
 COMMON         0x008002a0       0x1d Librerias/MCP3421.o
                0x008002a0                sign
                0x008002a1                a1
                0x008002a5                a3
                0x008002a9                a2
                0x008002ad                str
                0x008002b9                a
 COMMON         0x008002bd       0x27 main.o
                0x008002bd                NivelPolvo1
                0x008002bf                PesoBidon
                0x008002c1                NivelPolvo4
                0x008002c3                NivelPolvo3
                0x008002c5                NivelPolvo2
                0x008002c7                Buffer
                0x008002df                DecisionMenuUart
                0x008002e0                TemperaturaBidon
                0x008002e2                Auxiliar
                0x008002e4                PROVIDE (__bss_end, .)
                0x00003e6a                __data_load_start = LOADADDR (.data)
                0x00003ff6                __data_load_end = (__data_load_start + SIZEOF (.data))

.noinit         0x008002e4        0x0
                [!provide]                PROVIDE (__noinit_start, .)
 *(.noinit*)
                [!provide]                PROVIDE (__noinit_end, .)
                0x008002e4                _end = .
                [!provide]                PROVIDE (__heap_start, .)

.eeprom         0x00810000        0x0
 *(.eeprom*)
                0x00810000                __eeprom_end = .

.fuse
 *(.fuse)
 *(.lfuse)
 *(.hfuse)
 *(.efuse)

.lock
 *(.lock*)

.signature
 *(.signature*)

.user_signatures
 *(.user_signatures*)

.stab
 *(.stab)

.stabstr
 *(.stabstr)

.stab.excl
 *(.stab.excl)

.stab.exclstr
 *(.stab.exclstr)

.stab.index
 *(.stab.index)

.stab.indexstr
 *(.stab.indexstr)

.comment        0x00000000       0x5c
 *(.comment)
 .comment       0x00000000       0x30 Librerias/ADC.o
                                 0x31 (size before relaxing)
 .comment       0x00000030       0x31 Librerias/FuncionesDerivadas.o
 .comment       0x00000030       0x31 Librerias/FuncionesEprom.o
 .comment       0x00000030       0x31 Librerias/i2c.o
 .comment       0x00000030       0x31 Librerias/LCD_I2C.o
 .comment       0x00000030       0x31 Librerias/MCP3421.o
 .comment       0x00000030       0x31 Librerias/mcp9800.o
 .comment       0x00000030       0x31 Librerias/pcf8575.o
 .comment       0x00000030       0x31 Librerias/pines.o
 .comment       0x00000030       0x31 Librerias/PWM.o
 .comment       0x00000030       0x31 Librerias/timer.o
 .comment       0x00000030       0x31 Librerias/UART.o
 .comment       0x00000030       0x31 main.o
 .comment       0x00000030       0x31 c:/users/usuario/desktop/clases/uader/4to cuatrimestre/sistemas digitales iv/microchipstudio/7.0/toolchain/avr8/avr8-gnu-toolchain/bin/../lib/gcc/avr/5.4.0/../../../../avr/lib/avr5\libc.a(sprintf.o)
 .comment       0x00000030       0x2c c:/users/usuario/desktop/clases/uader/4to cuatrimestre/sistemas digitales iv/microchipstudio/7.0/toolchain/avr8/avr8-gnu-toolchain/bin/../lib/gcc/avr/5.4.0/../../../../avr/lib/avr5\libc.a(vfprintf_std.o)
                                 0x2d (size before relaxing)
 .comment       0x0000005c       0x31 c:/users/usuario/desktop/clases/uader/4to cuatrimestre/sistemas digitales iv/microchipstudio/7.0/toolchain/avr8/avr8-gnu-toolchain/bin/../lib/gcc/avr/5.4.0/../../../../avr/lib/avr5\libc.a(fputc.o)

.note.gnu.avr.deviceinfo
                0x00000000       0x40
 .note.gnu.avr.deviceinfo
                0x00000000       0x40 C:/Users/Usuario/Desktop/clases/UADER/4to cuatrimestre/Sistemas digitales IV/microchipstudio/7.0/Packs/Atmel/ATmega_DFP/2.0.401/gcc/dev/atmega328p/avr5/crtatmega328p.o

.note.gnu.build-id
 *(.note.gnu.build-id)

.debug
 *(.debug)

.line
 *(.line)

.debug_srcinfo
 *(.debug_srcinfo)

.debug_sfnames
 *(.debug_sfnames)

.debug_aranges  0x00000000      0x400
 *(.debug_aranges)
 .debug_aranges
                0x00000000       0x28 Librerias/ADC.o
 .debug_aranges
                0x00000028       0x30 Librerias/FuncionesDerivadas.o
 .debug_aranges
                0x00000058       0x38 Librerias/FuncionesEprom.o
 .debug_aranges
                0x00000090       0x38 Librerias/i2c.o
 .debug_aranges
                0x000000c8       0x58 Librerias/LCD_I2C.o
 .debug_aranges
                0x00000120       0x58 Librerias/MCP3421.o
 .debug_aranges
                0x00000178       0x98 Librerias/mcp9800.o
 .debug_aranges
                0x00000210       0x30 Librerias/pcf8575.o
 .debug_aranges
                0x00000240       0x48 Librerias/pines.o
 .debug_aranges
                0x00000288       0x28 Librerias/PWM.o
 .debug_aranges
                0x000002b0       0x28 Librerias/timer.o
 .debug_aranges
                0x000002d8       0xa0 Librerias/UART.o
 .debug_aranges
                0x00000378       0x88 main.o

.debug_pubnames
 *(.debug_pubnames)

.debug_info     0x00000000     0x6188
 *(.debug_info .gnu.linkonce.wi.*)
 .debug_info    0x00000000      0x5f4 C:/Users/Usuario/Desktop/clases/UADER/4to cuatrimestre/Sistemas digitales IV/microchipstudio/7.0/Packs/Atmel/ATmega_DFP/2.0.401/gcc/dev/atmega328p/avr5/crtatmega328p.o
 .debug_info    0x000005f4       0xb4 Librerias/ADC.o
 .debug_info    0x000006a8      0x3bd Librerias/FuncionesDerivadas.o
 .debug_info    0x00000a65      0x23f Librerias/FuncionesEprom.o
 .debug_info    0x00000ca4       0xed Librerias/i2c.o
 .debug_info    0x00000d91      0x4fb Librerias/LCD_I2C.o
 .debug_info    0x0000128c      0x287 Librerias/MCP3421.o
 .debug_info    0x00001513      0xa61 Librerias/mcp9800.o
 .debug_info    0x00001f74      0x170 Librerias/pcf8575.o
 .debug_info    0x000020e4      0x179 Librerias/pines.o
 .debug_info    0x0000225d       0xc9 Librerias/PWM.o
 .debug_info    0x00002326       0xa9 Librerias/timer.o
 .debug_info    0x000023cf     0x23ec Librerias/UART.o
 .debug_info    0x000047bb     0x19cd main.o

.debug_abbrev   0x00000000     0x1437
 *(.debug_abbrev)
 .debug_abbrev  0x00000000      0x5a2 C:/Users/Usuario/Desktop/clases/UADER/4to cuatrimestre/Sistemas digitales IV/microchipstudio/7.0/Packs/Atmel/ATmega_DFP/2.0.401/gcc/dev/atmega328p/avr5/crtatmega328p.o
 .debug_abbrev  0x000005a2       0x7a Librerias/ADC.o
 .debug_abbrev  0x0000061c      0x12c Librerias/FuncionesDerivadas.o
 .debug_abbrev  0x00000748      0x10d Librerias/FuncionesEprom.o
 .debug_abbrev  0x00000855       0x89 Librerias/i2c.o
 .debug_abbrev  0x000008de      0x19a Librerias/LCD_I2C.o
 .debug_abbrev  0x00000a78      0x128 Librerias/MCP3421.o
 .debug_abbrev  0x00000ba0      0x23e Librerias/mcp9800.o
 .debug_abbrev  0x00000dde       0xbb Librerias/pcf8575.o
 .debug_abbrev  0x00000e99       0x8e Librerias/pines.o
 .debug_abbrev  0x00000f27       0x96 Librerias/PWM.o
 .debug_abbrev  0x00000fbd       0x4f Librerias/timer.o
 .debug_abbrev  0x0000100c      0x20e Librerias/UART.o
 .debug_abbrev  0x0000121a      0x21d main.o

.debug_line     0x00000000     0x2b73
 *(.debug_line .debug_line.* .debug_line_end)
 .debug_line    0x00000000      0x134 C:/Users/Usuario/Desktop/clases/UADER/4to cuatrimestre/Sistemas digitales IV/microchipstudio/7.0/Packs/Atmel/ATmega_DFP/2.0.401/gcc/dev/atmega328p/avr5/crtatmega328p.o
 .debug_line    0x00000134      0x123 Librerias/ADC.o
 .debug_line    0x00000257      0x311 Librerias/FuncionesDerivadas.o
 .debug_line    0x00000568      0x1df Librerias/FuncionesEprom.o
 .debug_line    0x00000747      0x15d Librerias/i2c.o
 .debug_line    0x000008a4      0x436 Librerias/LCD_I2C.o
 .debug_line    0x00000cda      0x22d Librerias/MCP3421.o
 .debug_line    0x00000f07      0x58e Librerias/mcp9800.o
 .debug_line    0x00001495      0x138 Librerias/pcf8575.o
 .debug_line    0x000015cd      0x18d Librerias/pines.o
 .debug_line    0x0000175a      0x125 Librerias/PWM.o
 .debug_line    0x0000187f      0x13b Librerias/timer.o
 .debug_line    0x000019ba      0x740 Librerias/UART.o
 .debug_line    0x000020fa      0xa79 main.o

.debug_frame    0x00000000      0xb2c
 *(.debug_frame)
 .debug_frame   0x00000000       0x34 Librerias/ADC.o
 .debug_frame   0x00000034       0x80 Librerias/FuncionesDerivadas.o
 .debug_frame   0x000000b4       0xbc Librerias/FuncionesEprom.o
 .debug_frame   0x00000170       0x54 Librerias/i2c.o
 .debug_frame   0x000001c4       0xb0 Librerias/LCD_I2C.o
 .debug_frame   0x00000274       0xa0 Librerias/MCP3421.o
 .debug_frame   0x00000314      0x27c Librerias/mcp9800.o
 .debug_frame   0x00000590       0x50 Librerias/pcf8575.o
 .debug_frame   0x000005e0       0x74 Librerias/pines.o
 .debug_frame   0x00000654       0x34 Librerias/PWM.o
 .debug_frame   0x00000688       0x34 Librerias/timer.o
 .debug_frame   0x000006bc      0x1fc Librerias/UART.o
 .debug_frame   0x000008b8      0x274 main.o

.debug_str      0x00000000     0x1323
 *(.debug_str)
 .debug_str     0x00000000      0x208 C:/Users/Usuario/Desktop/clases/UADER/4to cuatrimestre/Sistemas digitales IV/microchipstudio/7.0/Packs/Atmel/ATmega_DFP/2.0.401/gcc/dev/atmega328p/avr5/crtatmega328p.o
 .debug_str     0x00000208      0x15a Librerias/ADC.o
                                0x193 (size before relaxing)
 .debug_str     0x00000362      0x107 Librerias/FuncionesDerivadas.o
                                0x271 (size before relaxing)
 .debug_str     0x00000469       0x6a Librerias/FuncionesEprom.o
                                0x1fc (size before relaxing)
 .debug_str     0x000004d3       0x48 Librerias/i2c.o
                                0x1ad (size before relaxing)
 .debug_str     0x0000051b       0xe6 Librerias/LCD_I2C.o
                                0x268 (size before relaxing)
 .debug_str     0x00000601       0x95 Librerias/MCP3421.o
                                0x20e (size before relaxing)
 .debug_str     0x00000696      0x30d Librerias/mcp9800.o
                                0x506 (size before relaxing)
 .debug_str     0x000009a3       0x43 Librerias/pcf8575.o
                                0x1c6 (size before relaxing)
 .debug_str     0x000009e6       0x8c Librerias/pines.o
                                0x230 (size before relaxing)
 .debug_str     0x00000a72       0x37 Librerias/PWM.o
                                0x197 (size before relaxing)
 .debug_str     0x00000aa9       0x2d Librerias/timer.o
                                0x19b (size before relaxing)
 .debug_str     0x00000ad6      0x5fd Librerias/UART.o
                                0x7ff (size before relaxing)
 .debug_str     0x000010d3      0x250 main.o
                                0x699 (size before relaxing)

.debug_loc      0x00000000     0x24d3
 *(.debug_loc)
 .debug_loc     0x00000000       0x21 Librerias/ADC.o
 .debug_loc     0x00000021      0x337 Librerias/FuncionesDerivadas.o
 .debug_loc     0x00000358      0x302 Librerias/FuncionesEprom.o
 .debug_loc     0x0000065a       0x2d Librerias/i2c.o
 .debug_loc     0x00000687      0x2e7 Librerias/LCD_I2C.o
 .debug_loc     0x0000096e       0x9c Librerias/MCP3421.o
 .debug_loc     0x00000a0a      0xa06 Librerias/mcp9800.o
 .debug_loc     0x00001410       0x55 Librerias/pcf8575.o
 .debug_loc     0x00001465       0x60 Librerias/PWM.o
 .debug_loc     0x000014c5      0x527 Librerias/UART.o
 .debug_loc     0x000019ec      0xae7 main.o

.debug_macinfo
 *(.debug_macinfo)

.debug_weaknames
 *(.debug_weaknames)

.debug_funcnames
 *(.debug_funcnames)

.debug_typenames
 *(.debug_typenames)

.debug_varnames
 *(.debug_varnames)

.debug_pubtypes
 *(.debug_pubtypes)

.debug_ranges   0x00000000      0x330
 *(.debug_ranges)
 .debug_ranges  0x00000000       0x18 Librerias/ADC.o
 .debug_ranges  0x00000018       0x20 Librerias/FuncionesDerivadas.o
 .debug_ranges  0x00000038       0x28 Librerias/FuncionesEprom.o
 .debug_ranges  0x00000060       0x28 Librerias/i2c.o
 .debug_ranges  0x00000088       0x48 Librerias/LCD_I2C.o
 .debug_ranges  0x000000d0       0x48 Librerias/MCP3421.o
 .debug_ranges  0x00000118       0x88 Librerias/mcp9800.o
 .debug_ranges  0x000001a0       0x20 Librerias/pcf8575.o
 .debug_ranges  0x000001c0       0x38 Librerias/pines.o
 .debug_ranges  0x000001f8       0x18 Librerias/PWM.o
 .debug_ranges  0x00000210       0x18 Librerias/timer.o
 .debug_ranges  0x00000228       0x90 Librerias/UART.o
 .debug_ranges  0x000002b8       0x78 main.o

.debug_macro
 *(.debug_macro)
OUTPUT(tP.elf elf32-avr)
LOAD linker stubs
